Microchip MPLAB XC8 Compiler V1.42 ()

Linker command line:

-W-3 --edf=C:\Program Files (x86)\Microchip\xc8\v1.42\dat\en_msgs.txt -cs \
  -h+dist/default/production\Sincronismo_46K22.X.production.sym \
  --cmf=dist/default/production\Sincronismo_46K22.X.production.cmf -z \
  -Q18F46K22 -oC:\Users\willi\AppData\Local\Temp\s3eg.2 \
  -Mdist/default/production/Sincronismo_46K22.X.production.map -E1 -ver=XC8 \
  --acfsm=1493 -ASTACK=0197h-0f37h -pstack=STACK -ACODE=00h-0FFFFh \
  -ACONST=00h-0FFFFh -ASMALLCONST=01000h-010FFhx240 \
  -AMEDIUMCONST=01000h-0FFFFh -ACOMRAM=01h-05Fh -AABS1=00h-0F37h \
  -ABIGRAM=01h-0F37h -ARAM=060h-0FFh,0100h-01FFhx14,0F00h-0F37h \
  -ABANK0=060h-0FFh -ABANK1=0100h-01FFh -ABANK2=0200h-02FFh \
  -ABANK3=0300h-03FFh -ABANK4=0400h-04FFh -ABANK5=0500h-05FFh \
  -ABANK6=0600h-06FFh -ABANK7=0700h-07FFh -ABANK8=0800h-08FFh \
  -ABANK9=0900h-09FFh -ABANK10=0A00h-0AFFh -ABANK11=0B00h-0BFFh \
  -ABANK12=0C00h-0CFFh -ABANK13=0D00h-0DFFh -ABANK14=0E00h-0EFFh \
  -ABANK15=0F00h-0F37h -ASFR=0F38h-0F5Fh,0F60h-0FFFh \
  -preset_vec=00h,intcode=08h,intcodelo=018h,powerup,init -pramtop=01000h \
  -psmallconst=SMALLCONST -pmediumconst=MEDIUMCONST -pconst=CONST \
  -AFARRAM=00h-00h -ACONFIG=0300000h-030000Dh -pconfig=CONFIG \
  -AIDLOC=0200000h-0200007h -pidloc=IDLOC -AEEDATA=0F00000h-0F003FFh \
  -peeprom_data=EEDATA \
  -prdata=COMRAM,nvrram=COMRAM,nvbit=COMRAM,rbss=COMRAM,rbit=COMRAM \
  -pfarbss=FARRAM,fardata=FARRAM,nvFARRAM=FARRAM \
  -pintsave_regs=BIGRAM,bigbss=BIGRAM,bigdata=BIGRAM -pbss=RAM \
  -pidata=CODE,irdata=CODE,ibigdata=CODE,ifardata=CODE -prparam=COMRAM \
  C:\Users\willi\AppData\Local\Temp\s3eg.obj \
  dist/default/production\Sincronismo_46K22.X.production.obj 

Object code version is 3.11

Machine type is 18F46K22

Call graph: (short form)




                Name                               Link     Load   Length Selector   Space Scale
C:\Users\willi\AppData\Local\Temp\s3eg.obj
                init                                112      112        4        C       0
                reset_vec                             0        0        4        0       0
                idloc                            200000   200000        8   200000       0
                config                           300000   300000        E   300000       0
dist/default/production\Sincronismo_46K22.X.production.obj
                intcodelo                            18       18       FA        C       0
                intcode                               8        8        6        4       0
                temp                                 5F       5F        1        1       1
                text44                             3328     3328       20        C       0
                text43                             33E4     33E4       12        C       0
                text42                             3420     3420        E        C       0
                text41                             3488     3488        8        C       0
                text40                             3480     3480        8        C       0
                text39                             3478     3478        8        C       0
                text38                             3412     3412        E        C       0
                text37                             3404     3404        E        C       0
                text36                             3446     3446        C        C       0
                text35                             3178     3178       84        C       0
                text34                             3364     3364       1A        C       0
                text33                             3466     3466        A        C       0
                text32                             3490     3490        6        C       0
                text31                             345C     345C        A        C       0
                text30                             30F4     30F4       84        C       0
                text29                             3452     3452        A        C       0
                text28                             243C     243C      2B4        C       0
                text27                             20EC     20EC      350        C       0
                text26                             3018     3018       DC        C       0
                text25                             2CA2     2CA2      150        C       0
                text24                              116      116      820        C       0
                text23                             343A     343A        C        C       0
                intcode_body                        936      936      5CE        C       0
                text21                             342E     342E        C        C       0
                text19                             3470     3470        8        C       0
                text18                             337E     337E       16        C       0
                text17                             33D0     33D0       14        C       0
                text16                             33BC     33BC       14        C       0
                text15                             33A8     33A8       14        C       0
                text14                             32DE     32DE       2A        C       0
                text13                             3308     3308       20        C       0
                text12                             3258     3258       4E        C       0
                text11                             13DE     13DE      4A8        C       0
                text10                             2B12     2B12      190        C       0
                text9                              1886     1886      4A6        C       0
                text8                              32A6     32A6       38        C       0
                text7                              2944     2944      1CE        C       0
                text6                              26F0     26F0      254        C       0
                text5                              3348     3348       1C        C       0
                text4                              33F6     33F6        E        C       0
                text3                              2DF2     2DF2      11A        C       0
                text2                              1D2C     1D2C      3C0        C       0
                text1                              2F0C     2F0C      10C        C       0
                text0                               F04      F04      4DA        C       0
                cstackCOMRAM                          1        1       5E        1       1
                cstackBANK0                          60       60       47       60       1
                cstackBANK1                         16E      16E       15      100       1
                dataBANK1                           183      183       14      100       1
                bssBANK1                            100      100       6E      100       1
                dataBANK0                            E9       E9        1       60       1
                bssBANK0                             A7       A7       41       60       1
                bitbssBANK0                         740       E8        2       60       1     8
                cinit                              31FC     31FC       5C        C       0
                idataBANK1                         3394     3394       14        C       0
                idataBANK0                         3496     3496        1        C       0

TOTAL           Name                               Link     Load   Length     Space
        CLASS   STACK          

        CLASS   CODE           
                intcodelo                            18       18       FA         0
                intcode                               8        8        6         0
                init                                112      112        4         0
                reset_vec                             0        0        4         0
                text44                             3328     3328       20         0
                text43                             33E4     33E4       12         0
                text42                             3420     3420        E         0
                text41                             3488     3488        8         0
                text40                             3480     3480        8         0
                text39                             3478     3478        8         0
                text38                             3412     3412        E         0
                text37                             3404     3404        E         0
                text36                             3446     3446        C         0
                text35                             3178     3178       84         0
                text34                             3364     3364       1A         0
                text33                             3466     3466        A         0
                text32                             3490     3490        6         0
                text31                             345C     345C        A         0
                text30                             30F4     30F4       84         0
                text29                             3452     3452        A         0
                text28                             243C     243C      2B4         0
                text27                             20EC     20EC      350         0
                text26                             3018     3018       DC         0
                text25                             2CA2     2CA2      150         0
                text24                              116      116      820         0
                text23                             343A     343A        C         0
                intcode_body                        936      936      5CE         0
                text21                             342E     342E        C         0
                text19                             3470     3470        8         0
                text18                             337E     337E       16         0
                text17                             33D0     33D0       14         0
                text16                             33BC     33BC       14         0
                text15                             33A8     33A8       14         0
                text14                             32DE     32DE       2A         0
                text13                             3308     3308       20         0
                text12                             3258     3258       4E         0
                text11                             13DE     13DE      4A8         0
                text10                             2B12     2B12      190         0
                text9                              1886     1886      4A6         0
                text8                              32A6     32A6       38         0
                text7                              2944     2944      1CE         0
                text6                              26F0     26F0      254         0
                text5                              3348     3348       1C         0
                text4                              33F6     33F6        E         0
                text3                              2DF2     2DF2      11A         0
                text2                              1D2C     1D2C      3C0         0
                text1                              2F0C     2F0C      10C         0
                text0                               F04      F04      4DA         0
                cinit                              31FC     31FC       5C         0
                idataBANK1                         3394     3394       14         0
                idataBANK0                         3496     3496        1         0

        CLASS   CONST          

        CLASS   SMALLCONST     

        CLASS   MEDIUMCONST    

        CLASS   COMRAM         
                temp                                 5F       5F        1         1
                cstackCOMRAM                          1        1       5E         1

        CLASS   ABS1           

        CLASS   BIGRAM         

        CLASS   RAM            

        CLASS   BANK0          
                cstackBANK0                          60       60       47         1
                dataBANK0                            E9       E9        1         1
                bssBANK0                             A7       A7       41         1
                bitbssBANK0                         740       E8        2         1

        CLASS   BANK1          
                cstackBANK1                         16E      16E       15         1
                dataBANK1                           183      183       14         1
                bssBANK1                            100      100       6E         1

        CLASS   BANK2          

        CLASS   BANK3          

        CLASS   BANK4          

        CLASS   BANK5          

        CLASS   BANK6          

        CLASS   BANK7          

        CLASS   BANK8          

        CLASS   BANK9          

        CLASS   BANK10         

        CLASS   BANK11         

        CLASS   BANK12         

        CLASS   BANK13         

        CLASS   BANK14         

        CLASS   BANK15         

        CLASS   SFR            

        CLASS   FARRAM         

        CLASS   CONFIG         
                config                           300000   300000        E         0

        CLASS   IDLOC          
                idloc                            200000   200000        8         0

        CLASS   EEDATA         



SEGMENTS        Name                           Load    Length   Top    Selector   Space  Class

                reset_vec                      000000  000004  000004         0       0  CODE    
                cstackCOMRAM                   000001  00005F  000060         1       1  COMRAM  
                intcode                        000008  000006  00000E         4       0  CODE    
                intcodelo                      000018  00347F  003497         C       0  CODE    
                cstackBANK0                    000060  00008A  0000EA        60       1  BANK0   
                bssBANK1                       000100  000097  000197       100       1  BANK1   
                idloc                          200000  000008  200008    200000       0  IDLOC   
                config                         300000  00000E  30000E    300000       0  CONFIG  


UNUSED ADDRESS RANGES

        Name                Unused          Largest block    Delta
        BANK0            0000EA-0000FF               16
        BANK1            000197-0001FF               69
        BANK10           000A00-000AFF              100
        BANK11           000B00-000BFF              100
        BANK12           000C00-000CFF              100
        BANK13           000D00-000DFF              100
        BANK14           000E00-000EFF              100
        BANK15           000F00-000F37               38
        BANK2            000200-0002FF              100
        BANK3            000300-0003FF              100
        BANK4            000400-0004FF              100
        BANK5            000500-0005FF              100
        BANK6            000600-0006FF              100
        BANK7            000700-0007FF              100
        BANK8            000800-0008FF              100
        BANK9            000900-0009FF              100
        BIGRAM           0000EA-0000FF               16
                         000197-000F37              DA1
        CODE             000004-000007                4
                         00000E-000017                A
                         003497-00FFFF             CB69
        CONST            000004-000007                4
                         00000E-000017                A
                         003497-00FFFF             CB69
        EEDATA           F00000-F003FF              400
        MEDIUMCONST      003497-00FFFF             CB69
        RAM              0000EA-0000FF               16
                         000197-000F37              100
        SFR              000F38-000FFF               28
        SMALLCONST       003497-00FFFF              100
        STACK            000197-000F37              DA1

                                  Symbol Table

?_Get_Timer1                             cstackCOMRAM 000001
?_Make_16                                cstackCOMRAM 000001
?___aldiv                                cstackBANK0  000073
?___awdiv                                cstackCOMRAM 000001
?___fladd                                cstackBANK0  000085
?___fldiv                                cstackBANK0  000073
?___flmul                                cstackBANK0  000099
?___flneg                                cstackBANK0  000081
?___fltol                                cstackBANK0  000073
?___xxtofl                               cstackBANK0  000073
?i2___fldiv                              cstackCOMRAM 000028
?i2___flmul                              cstackCOMRAM 00000F
?i2___fltol                              cstackCOMRAM 000041
?i2___xxtofl                             cstackCOMRAM 000001
Get_Timer1@Data                          cstackCOMRAM 000005
I2C_Leitura_Multiplos_Endereco@cont      cstackCOMRAM 00000D
I2C_Leitura_Multiplos_Endereco@cont_b    cstackCOMRAM 000003
I2C_Leitura_Multiplos_Endereco@end_i2c   cstackCOMRAM 00000C
I2C_Leitura_Multiplos_Endereco@endereco  cstackCOMRAM 000004
I2C_Transmite@dado_I2c                   cstackCOMRAM 000002
Make_16@data1                            cstackCOMRAM 000005
Make_16@data2                            cstackCOMRAM 000001
Set_Timer0@data_timer                    cstackCOMRAM 000001
Set_Timer1@data_timer                    cstackBANK0  000060
Set_Timer2@data_timer                    cstackCOMRAM 000001
Set_Timer3@data_timer                    cstackCOMRAM 000001
Set_Timer5@data_timer                    cstackBANK0  000073
_ADCON0                                  (abs)        000FC2
_ADCON0bits                              (abs)        000FC2
_ADCON1                                  (abs)        000FC1
_ADCON1bits                              (abs)        000FC1
_ADCON2                                  (abs)        000FC0
_ADCON2bits                              (abs)        000FC0
_ADRESH                                  (abs)        000FC4
_ADRESL                                  (abs)        000FC3
_ANSELA                                  (abs)        000F38
_ANSELB                                  (abs)        000F39
_ANSELC                                  (abs)        000F3A
_ANSELD                                  (abs)        000F3B
_ANSELE                                  (abs)        000F3C
_Chave_controle_geral                    bitbssBANK0  000740
_Confi_Int_Ext0                          text19       003470
_Config_Timer0                           text18       00337E
_Config_Timer1                           text17       0033D0
_Config_Timer2                           text16       0033BC
_Config_Timer3                           text15       0033A8
_Config_Timer5                           text14       0032DE
_Configure_HW                            text12       003258
_Control_ml_ign                          text6        0026F0
_Control_ml_ign$3227                     cstackBANK1  00017B
_Control_ml_ign$3228                     cstackBANK1  00017F
_Enable_control_ign                      bitbssBANK0  000741
_Erro_RPM                                bssBANK1     00013C
_Erro_RPM_ant                            bssBANK1     000138
_Flag_I2c                                bssBANK1     00014C
_Get_Timer1                              text44       003328
_I2C_ACK                                 text42       003420
_I2C_Leitura_Multiplos_Endereco          text35       003178
_I2C_Master_Init                         text5        003348
_I2C_Master_RepeatedStart                text41       003488
_I2C_Master_Start                        text40       003480
_I2C_Master_Stop                         text39       003478
_I2C_Master_Wait                         text43       0033E4
_I2C_NACK                                text38       003412
_I2C_Recebe                              text37       003404
_I2C_Transmite                           text36       003446
_INTCON2bits                             (abs)        000FF1
_INTCONbits                              (abs)        000FF2
_IPR5bits                                (abs)        000F7F
_K                                       dataBANK1    00018B
_LATAbits                                (abs)        000F89
_LATBbits                                (abs)        000F8A
_LATCbits                                (abs)        000F8B
_LATDbits                                (abs)        000F8C
_LATEbits                                (abs)        000F8D
_Make_16                                 text34       003364
_No_Analogs                              text13       003308
_PIE1bits                                (abs)        000F9D
_PIE2bits                                (abs)        000FA0
_PIE5bits                                (abs)        000F7D
_PIR1bits                                (abs)        000F9E
_PIR2bits                                (abs)        000FA1
_PIR5bits                                (abs)        000F7E
_PORTBbits                               (abs)        000F81
_PORTEbits                               (abs)        000F84
_PR2                                     (abs)        000FBB
_RCONbits                                (abs)        000FD0
_SP_rpm                                  dataBANK1    00018F
_SSP1BUF                                 (abs)        000FC9
_SSP1CON1                                (abs)        000FC6
_SSP1IP                                  (abs)        007CFB
_SSP1STAT                                (abs)        000FC7
_SSP1STATbits                            (abs)        000FC7
_SSP2ADD                                 (abs)        000F6E
_SSP2BUF                                 (abs)        000F6F
_SSP2CON1                                (abs)        000F6C
_SSP2CON2                                (abs)        000F6B
_SSP2CON2bits                            (abs)        000F6B
_SSP2IP                                  (abs)        007D2F
_SSP2STAT                                (abs)        000F6D
_SSP2STATbits                            (abs)        000F6D
_STKFUL                                  (abs)        007FE7
_Set_Timer0                              text33       003466
_Set_Timer1                              text21       00342E
_Set_Timer2                              text32       003490
_Set_Timer3                              text31       00345C
_Set_Timer5                              text4        0033F6
_Set_Vent                                bssBANK0     0000B7
_T0CONbits                               (abs)        000FD5
_T1CONbits                               (abs)        000FCD
_T2CONbits                               (abs)        000FBA
_T3CONbits                               (abs)        000FB1
_T4CONbits                               (abs)        000F51
_T5CONbits                               (abs)        000F4E
_T6CONbits                               (abs)        000F4A
_TMR0H                                   (abs)        000FD7
_TMR0IP                                  (abs)        007F8A
_TMR0L                                   (abs)        000FD6
_TMR1H                                   (abs)        000FCF
_TMR1IP                                  (abs)        007CF8
_TMR1L                                   (abs)        000FCE
_TMR2                                    (abs)        000FBC
_TMR2IP                                  (abs)        007CF9
_TMR3H                                   (abs)        000FB3
_TMR3IP                                  (abs)        007D11
_TMR3L                                   (abs)        000FB2
_TMR4                                    (abs)        000F53
_TMR5H                                   (abs)        000F50
_TMR5IE                                  (abs)        007BE9
_TMR5L                                   (abs)        000F4F
_TMR6                                    (abs)        000F4C
_TRISA                                   (abs)        000F92
_TRISA5                                  (abs)        007C95
_TRISB                                   (abs)        000F93
_TRISB0                                  (abs)        007C98
_TRISB1                                  (abs)        007C99
_TRISB2                                  (abs)        007C9A
_TRISC                                   (abs)        000F94
_TRISC3                                  (abs)        007CA3
_TRISC4                                  (abs)        007CA4
_TRISC5                                  (abs)        007CA5
_TRISD                                   (abs)        000F95
_TRISD0                                  (abs)        007CA8
_TRISD1                                  (abs)        007CA9
_TRISD3                                  (abs)        007CAB
_TRISD4                                  (abs)        007CAC
_TRISDbits                               (abs)        000F95
_TRISE                                   (abs)        000F96
__CFG_BOREN$OFF                          (abs)        000000
__CFG_CP0$OFF                            (abs)        000000
__CFG_CP1$OFF                            (abs)        000000
__CFG_CPB$OFF                            (abs)        000000
__CFG_CPD$OFF                            (abs)        000000
__CFG_EBTR0$OFF                          (abs)        000000
__CFG_EBTR1$OFF                          (abs)        000000
__CFG_EBTRB$OFF                          (abs)        000000
__CFG_FCMEN$OFF                          (abs)        000000
__CFG_FOSC$HSHP                          (abs)        000000
__CFG_IESO$OFF                           (abs)        000000
__CFG_LVP$OFF                            (abs)        000000
__CFG_PLLCFG$ON                          (abs)        000000
__CFG_PWRTEN$OFF                         (abs)        000000
__CFG_STVREN$OFF                         (abs)        000000
__CFG_WDTEN$OFF                          (abs)        000000
__CFG_WDTPS$32768                        (abs)        000000
__CFG_WRT0$OFF                           (abs)        000000
__CFG_WRT1$OFF                           (abs)        000000
__CFG_WRTB$OFF                           (abs)        000000
__CFG_WRTC$OFF                           (abs)        000000
__CFG_WRTD$OFF                           (abs)        000000
__CFG_XINST$OFF                          (abs)        000000
__HRAM                                   (abs)        000000
__Habs1                                  abs1         000000
__Hbank0                                 bank0        000000
__Hbank1                                 bank1        000000
__Hbank10                                bank10       000000
__Hbank11                                bank11       000000
__Hbank12                                bank12       000000
__Hbank13                                bank13       000000
__Hbank14                                bank14       000000
__Hbank15                                bank15       000000
__Hbank2                                 bank2        000000
__Hbank3                                 bank3        000000
__Hbank4                                 bank4        000000
__Hbank5                                 bank5        000000
__Hbank6                                 bank6        000000
__Hbank7                                 bank7        000000
__Hbank8                                 bank8        000000
__Hbank9                                 bank9        000000
__Hbigbss                                bigbss       000000
__Hbigdata                               bigdata      000000
__Hbigram                                bigram       000000
__HbitbssBANK0                           bitbssBANK0  000000
__Hbss                                   bss          000000
__HbssBANK0                              bssBANK0     000000
__HbssBANK1                              bssBANK1     000000
__Hcinit                                 cinit        000000
__Hclrtext                               clrtext      000000
__Hcomram                                comram       000000
__Hconfig                                config       30000E
__Hconst                                 const        000000
__HcstackBANK0                           cstackBANK0  000000
__HcstackBANK1                           cstackBANK1  000000
__HcstackCOMRAM                          cstackCOMRAM 000000
__Hdata                                  data         000000
__HdataBANK0                             dataBANK0    000000
__HdataBANK1                             dataBANK1    000000
__Heeprom_data                           eeprom_data  000000
__Hfarbss                                farbss       000000
__Hfardata                               fardata      000000
__Hibigdata                              ibigdata     000000
__Hidata                                 idata        000000
__HidataBANK0                            idataBANK0   000000
__HidataBANK1                            idataBANK1   000000
__Hidloc                                 idloc        200008
__Hifardata                              ifardata     000000
__Hinit                                  init         000116
__Hintcode                               intcode      00000E
__Hintcode_body                          intcode_body 000000
__Hintcodelo                             intcodelo    000112
__Hintentry                              intentry     000000
__Hintret                                intret       000000
__Hintsave_regs                          intsave_regs 000000
__Hirdata                                irdata       000000
__Hmediumconst                           mediumconst  000000
__HnvFARRAM                              nvFARRAM     000000
__Hnvbit                                 nvbit        000000
__Hnvrram                                nvrram       000000
__Hparam                                 rparam       000000
__Hpowerup                               powerup      000112
__Hram                                   ram          000000
__Hramtop                                ramtop       001000
__Hrbit                                  rbit         000000
__Hrbss                                  rbss         000000
__Hrdata                                 rdata        000000
__Hreset_vec                             reset_vec    000004
__Hrparam                                rparam       000000
__Hsfr                                   sfr          000000
__Hsmallconst                            smallconst   000000
__Hspace_0                               (abs)        30000E
__Hspace_1                               (abs)        000742
__Hspace_2                               (abs)        000000
__Hstack                                 stack        000000
__Hstruct                                struct       000000
__Htemp                                  temp         000060
__Htext                                  text         000000
__Htext0                                 text0        000000
__Htext1                                 text1        000000
__Htext10                                text10       000000
__Htext11                                text11       000000
__Htext12                                text12       000000
__Htext13                                text13       000000
__Htext14                                text14       000000
__Htext15                                text15       000000
__Htext16                                text16       000000
__Htext17                                text17       000000
__Htext18                                text18       000000
__Htext19                                text19       000000
__Htext2                                 text2        000000
__Htext21                                text21       000000
__Htext23                                text23       000000
__Htext24                                text24       000000
__Htext25                                text25       000000
__Htext26                                text26       000000
__Htext27                                text27       000000
__Htext28                                text28       000000
__Htext29                                text29       000000
__Htext3                                 text3        000000
__Htext30                                text30       000000
__Htext31                                text31       000000
__Htext32                                text32       000000
__Htext33                                text33       000000
__Htext34                                text34       000000
__Htext35                                text35       000000
__Htext36                                text36       000000
__Htext37                                text37       000000
__Htext38                                text38       000000
__Htext39                                text39       000000
__Htext4                                 text4        000000
__Htext40                                text40       000000
__Htext41                                text41       000000
__Htext42                                text42       000000
__Htext43                                text43       000000
__Htext44                                text44       000000
__Htext5                                 text5        000000
__Htext6                                 text6        000000
__Htext7                                 text7        000000
__Htext8                                 text8        000000
__Htext9                                 text9        000000
__LRAM                                   (abs)        000001
__Labs1                                  abs1         000000
__Lbank0                                 bank0        000000
__Lbank1                                 bank1        000000
__Lbank10                                bank10       000000
__Lbank11                                bank11       000000
__Lbank12                                bank12       000000
__Lbank13                                bank13       000000
__Lbank14                                bank14       000000
__Lbank15                                bank15       000000
__Lbank2                                 bank2        000000
__Lbank3                                 bank3        000000
__Lbank4                                 bank4        000000
__Lbank5                                 bank5        000000
__Lbank6                                 bank6        000000
__Lbank7                                 bank7        000000
__Lbank8                                 bank8        000000
__Lbank9                                 bank9        000000
__Lbigbss                                bigbss       000000
__Lbigdata                               bigdata      000000
__Lbigram                                bigram       000000
__LbitbssBANK0                           bitbssBANK0  000000
__Lbss                                   bss          000000
__LbssBANK0                              bssBANK0     000000
__LbssBANK1                              bssBANK1     000000
__Lcinit                                 cinit        000000
__Lclrtext                               clrtext      000000
__Lcomram                                comram       000000
__Lconfig                                config       300000
__Lconst                                 const        000000
__LcstackBANK0                           cstackBANK0  000000
__LcstackBANK1                           cstackBANK1  000000
__LcstackCOMRAM                          cstackCOMRAM 000000
__Ldata                                  data         000000
__LdataBANK0                             dataBANK0    000000
__LdataBANK1                             dataBANK1    000000
__Leeprom_data                           eeprom_data  000000
__Lfarbss                                farbss       000000
__Lfardata                               fardata      000000
__Libigdata                              ibigdata     000000
__Lidata                                 idata        000000
__LidataBANK0                            idataBANK0   000000
__LidataBANK1                            idataBANK1   000000
__Lidloc                                 idloc        200000
__Lifardata                              ifardata     000000
__Linit                                  init         000112
__Lintcode                               intcode      000008
__Lintcode_body                          intcode_body 000000
__Lintcodelo                             intcodelo    000018
__Lintentry                              intentry     000000
__Lintret                                intret       000000
__Lintsave_regs                          intsave_regs 000000
__Lirdata                                irdata       000000
__Lmediumconst                           mediumconst  000000
__LnvFARRAM                              nvFARRAM     000000
__Lnvbit                                 nvbit        000000
__Lnvrram                                nvrram       000000
__Lparam                                 rparam       000000
__Lpowerup                               powerup      000112
__Lram                                   ram          000000
__Lramtop                                ramtop       001000
__Lrbit                                  rbit         000000
__Lrbss                                  rbss         000000
__Lrdata                                 rdata        000000
__Lreset_vec                             reset_vec    000000
__Lrparam                                rparam       000000
__Lsfr                                   sfr          000000
__Lsmallconst                            smallconst   000000
__Lspace_0                               (abs)        000000
__Lspace_1                               (abs)        000000
__Lspace_2                               (abs)        000000
__Lstack                                 stack        000000
__Lstruct                                struct       000000
__Ltemp                                  temp         00005F
__Ltext                                  text         000000
__Ltext0                                 text0        000000
__Ltext1                                 text1        000000
__Ltext10                                text10       000000
__Ltext11                                text11       000000
__Ltext12                                text12       000000
__Ltext13                                text13       000000
__Ltext14                                text14       000000
__Ltext15                                text15       000000
__Ltext16                                text16       000000
__Ltext17                                text17       000000
__Ltext18                                text18       000000
__Ltext19                                text19       000000
__Ltext2                                 text2        000000
__Ltext21                                text21       000000
__Ltext23                                text23       000000
__Ltext24                                text24       000000
__Ltext25                                text25       000000
__Ltext26                                text26       000000
__Ltext27                                text27       000000
__Ltext28                                text28       000000
__Ltext29                                text29       000000
__Ltext3                                 text3        000000
__Ltext30                                text30       000000
__Ltext31                                text31       000000
__Ltext32                                text32       000000
__Ltext33                                text33       000000
__Ltext34                                text34       000000
__Ltext35                                text35       000000
__Ltext36                                text36       000000
__Ltext37                                text37       000000
__Ltext38                                text38       000000
__Ltext39                                text39       000000
__Ltext4                                 text4        000000
__Ltext40                                text40       000000
__Ltext41                                text41       000000
__Ltext42                                text42       000000
__Ltext43                                text43       000000
__Ltext44                                text44       000000
__Ltext5                                 text5        000000
__Ltext6                                 text6        000000
__Ltext7                                 text7        000000
__Ltext8                                 text8        000000
__Ltext9                                 text9        000000
__S0                                     (abs)        30000E
__S1                                     (abs)        000197
__S2                                     (abs)        000000
___aldiv                                 text3        002DF2
___aldiv@counter                         cstackBANK0  00007B
___aldiv@dividend                        cstackBANK0  000073
___aldiv@divisor                         cstackBANK0  000077
___aldiv@quotient                        cstackBANK0  00007D
___aldiv@sign                            cstackBANK0  00007C
___awdiv                                 text30       0030F4
___awdiv@counter                         cstackCOMRAM 000005
___awdiv@dividend                        cstackCOMRAM 000001
___awdiv@divisor                         cstackCOMRAM 000003
___awdiv@quotient                        cstackCOMRAM 000007
___awdiv@sign                            cstackCOMRAM 000006
___fladd                                 text11       0013DE
___fladd@a                               cstackBANK0  000089
___fladd@aexp                            cstackBANK0  000096
___fladd@b                               cstackBANK0  000085
___fladd@bexp                            cstackBANK0  000097
___fladd@grs                             cstackBANK0  000098
___fladd@signs                           cstackBANK0  000095
___fldiv                                 text2        001D2C
___fldiv@a                               cstackBANK0  000077
___fldiv@aexp                            cstackBANK0  00008B
___fldiv@b                               cstackBANK0  000073
___fldiv@bexp                            cstackBANK0  00008A
___fldiv@grs                             cstackBANK0  000086
___fldiv@new_exp                         cstackBANK0  000084
___fldiv@rem                             cstackBANK0  000080
___fldiv@sign                            cstackBANK0  00007F
___flge                                  text10       002B12
___flge@ff1                              cstackBANK0  000073
___flge@ff2                              cstackBANK0  000077
___flmul                                 text9        001886
___flmul@a                               cstackBANK0  00009D
___flmul@aexp                            cstackBANK1  00016F
___flmul@b                               cstackBANK0  000099
___flmul@bexp                            cstackBANK1  000174
___flmul@grs                             cstackBANK1  000170
___flmul@prod                            cstackBANK1  000175
___flmul@sign                            cstackBANK1  00016E
___flmul@temp                            cstackBANK1  000179
___flneg                                 text8        0032A6
___flneg@f1                              cstackBANK0  000081
___fltol                                 text1        002F0C
___fltol@exp1                            cstackBANK0  00007C
___fltol@f1                              cstackBANK0  000073
___fltol@sign1                           cstackBANK0  00007B
___inthi_sp                              stack        000000
___intlo_sp                              stack        000000
___param_bank                            (abs)        000000
___rparam_used                           (abs)        000001
___sp                                    stack        000000
___xxtofl                                text7        002944
___xxtofl@arg                            cstackBANK0  00007D
___xxtofl@exp                            cstackBANK0  00007C
___xxtofl@sign                           cstackBANK0  00007B
___xxtofl@val                            cstackBANK0  000073
__accesstop                              (abs)        000060
__activetblptr                           (abs)        000002
__end_of_Confi_Int_Ext0                  text19       003478
__end_of_Config_Timer0                   text18       003394
__end_of_Config_Timer1                   text17       0033E4
__end_of_Config_Timer2                   text16       0033D0
__end_of_Config_Timer3                   text15       0033BC
__end_of_Config_Timer5                   text14       003308
__end_of_Configure_HW                    text12       0032A6
__end_of_Control_ml_ign                  text6        002944
__end_of_Get_Timer1                      text44       003348
__end_of_I2C_ACK                         text42       00342E
__end_of_I2C_Leitura_Multiplos_Endereco  text35       0031FC
__end_of_I2C_Master_Init                 text5        003364
__end_of_I2C_Master_RepeatedStart        text41       003490
__end_of_I2C_Master_Start                text40       003488
__end_of_I2C_Master_Stop                 text39       003480
__end_of_I2C_Master_Wait                 text43       0033F6
__end_of_I2C_NACK                        text38       003420
__end_of_I2C_Recebe                      text37       003412
__end_of_I2C_Transmite                   text36       003452
__end_of_Make_16                         text34       00337E
__end_of_No_Analogs                      text13       003328
__end_of_Set_Timer0                      text33       003470
__end_of_Set_Timer1                      text21       00343A
__end_of_Set_Timer2                      text32       003496
__end_of_Set_Timer3                      text31       003466
__end_of_Set_Timer5                      text4        003404
__end_of___aldiv                         text3        002F0C
__end_of___awdiv                         text30       003178
__end_of___fladd                         text11       001886
__end_of___fldiv                         text2        0020EC
__end_of___flge                          text10       002CA2
__end_of___flmul                         text9        001D2C
__end_of___flneg                         text8        0032DE
__end_of___fltol                         text1        003018
__end_of___xxtofl                        text7        002B12
__end_of__initialization                 cinit        00324A
__end_of_conta_dente                     text24       000936
__end_of_isr                             intcodelo    000112
__end_of_isr2                            intcode_body 000F04
__end_of_main                            text0        0013DE
__end_ofi2_Set_Timer1                    text29       00345C
__end_ofi2_Set_Timer5                    text23       003446
__end_ofi2___fldiv                       text28       0026F0
__end_ofi2___flmul                       text27       00243C
__end_ofi2___fltol                       text26       0030F4
__end_ofi2___xxtofl                      text25       002DF2
__initialization                         cinit        0031FC
__mediumconst                            mediumconst  000000
__pbitbssBANK0                           bitbssBANK0  000740
__pbssBANK0                              bssBANK0     0000A7
__pbssBANK1                              bssBANK1     000100
__pcinit                                 cinit        0031FC
__pcstackBANK0                           cstackBANK0  000060
__pcstackBANK1                           cstackBANK1  00016E
__pcstackCOMRAM                          cstackCOMRAM 000001
__pdataBANK0                             dataBANK0    0000E9
__pdataBANK1                             dataBANK1    000183
__pidataBANK0                            idataBANK0   003496
__pidataBANK1                            idataBANK1   003394
__pintcode                               intcode      000008
__pintcode_body                          intcode_body 000936
__pintcodelo                             intcodelo    000018
__ptext0                                 text0        000F04
__ptext1                                 text1        002F0C
__ptext10                                text10       002B12
__ptext11                                text11       0013DE
__ptext12                                text12       003258
__ptext13                                text13       003308
__ptext14                                text14       0032DE
__ptext15                                text15       0033A8
__ptext16                                text16       0033BC
__ptext17                                text17       0033D0
__ptext18                                text18       00337E
__ptext19                                text19       003470
__ptext2                                 text2        001D2C
__ptext21                                text21       00342E
__ptext23                                text23       00343A
__ptext24                                text24       000116
__ptext25                                text25       002CA2
__ptext26                                text26       003018
__ptext27                                text27       0020EC
__ptext28                                text28       00243C
__ptext29                                text29       003452
__ptext3                                 text3        002DF2
__ptext30                                text30       0030F4
__ptext31                                text31       00345C
__ptext32                                text32       003490
__ptext33                                text33       003466
__ptext34                                text34       003364
__ptext35                                text35       003178
__ptext36                                text36       003446
__ptext37                                text37       003404
__ptext38                                text38       003412
__ptext39                                text39       003478
__ptext4                                 text4        0033F6
__ptext40                                text40       003480
__ptext41                                text41       003488
__ptext42                                text42       003420
__ptext43                                text43       0033E4
__ptext44                                text44       003328
__ptext5                                 text5        003348
__ptext6                                 text6        0026F0
__ptext7                                 text7        002944
__ptext8                                 text8        0032A6
__ptext9                                 text9        001886
__ramtop                                 ramtop       001000
__size_of_Confi_Int_Ext0                 (abs)        000000
__size_of_Config_Timer0                  (abs)        000000
__size_of_Config_Timer1                  (abs)        000000
__size_of_Config_Timer2                  (abs)        000000
__size_of_Config_Timer3                  (abs)        000000
__size_of_Config_Timer5                  (abs)        000000
__size_of_Configure_HW                   (abs)        000000
__size_of_Control_ml_ign                 (abs)        000000
__size_of_Get_Timer1                     (abs)        000000
__size_of_I2C_ACK                        (abs)        000000
__size_of_I2C_Leitura_Multiplos_Endereco (abs)        000000
__size_of_I2C_Master_Init                (abs)        000000
__size_of_I2C_Master_RepeatedStart       (abs)        000000
__size_of_I2C_Master_Start               (abs)        000000
__size_of_I2C_Master_Stop                (abs)        000000
__size_of_I2C_Master_Wait                (abs)        000000
__size_of_I2C_NACK                       (abs)        000000
__size_of_I2C_Recebe                     (abs)        000000
__size_of_I2C_Transmite                  (abs)        000000
__size_of_Make_16                        (abs)        000000
__size_of_No_Analogs                     (abs)        000000
__size_of_Set_Timer0                     (abs)        000000
__size_of_Set_Timer1                     (abs)        000000
__size_of_Set_Timer2                     (abs)        000000
__size_of_Set_Timer3                     (abs)        000000
__size_of_Set_Timer5                     (abs)        000000
__size_of___aldiv                        (abs)        000000
__size_of___awdiv                        (abs)        000000
__size_of___fladd                        (abs)        000000
__size_of___fldiv                        (abs)        000000
__size_of___flge                         (abs)        000000
__size_of___flmul                        (abs)        000000
__size_of___flneg                        (abs)        000000
__size_of___fltol                        (abs)        000000
__size_of___xxtofl                       (abs)        000000
__size_of_conta_dente                    (abs)        000000
__size_of_isr                            (abs)        000000
__size_of_isr2                           (abs)        000000
__size_of_main                           (abs)        000000
__size_ofi2_Set_Timer1                   (abs)        000000
__size_ofi2_Set_Timer5                   (abs)        000000
__size_ofi2___fldiv                      (abs)        000000
__size_ofi2___flmul                      (abs)        000000
__size_ofi2___fltol                      (abs)        000000
__size_ofi2___xxtofl                     (abs)        000000
__smallconst                             smallconst   000000
_a                                       bssBANK1     000168
_b                                       bssBANK1     000166
_buffer_read                             bssBANK1     000118
_c                                       bssBANK1     000164
_conta_dente                             text24       000116
_cutoff                                  bssBANK0     0000B9
_d                                       bssBANK1     000162
_dente                                   bssBANK0     0000E5
_dente_controle                          bssBANK1     000130
_dente_subida                            bssBANK1     00012C
_dente_subida_inteiro                    bssBANK0     0000CD
_dm                                      bssBANK1     00015E
_e                                       bssBANK1     000160
_estado_controle_ml                      bssBANK1     00015C
_falha_ok                                bssBANK1     000154
_fase_ok                                 bssBANK1     000156
_flag_marcus                             bssBANK1     00014A
_flag_peralta                            dataBANK0    0000E9
_ig_dente_14                             bssBANK0     0000D1
_ig_dente_14_ant                         bssBANK0     0000CF
_ig_dente_23                             bssBANK0     0000D5
_ig_dente_23_ant                         bssBANK0     0000D3
_ig_pos                                  bssBANK0     0000E3
_ig_tmr_disparo                          bssBANK0     0000D9
_ig_tmr_disparo_controle                 bssBANK0     0000D7
_ig_tmr_disparo_controle_temp            bssBANK0     0000AB
_ij14_pos                                bssBANK0     0000E1
_ij23_pos                                bssBANK0     0000DF
_ij_dente_14                             bssBANK0     0000C9
_ij_dente_14_ant                         bssBANK0     0000C7
_ij_dente_14_extra                       bssBANK1     000152
_ij_dente_23                             bssBANK0     0000C5
_ij_dente_23_ant                         bssBANK0     0000C3
_ij_dente_23_extra                       bssBANK1     000150
_ij_tmr_disparo                          bssBANK0     0000B3
_isr                                     intcodelo    000018
_isr2                                    intcode      000008
_kp_inj                                  dataBANK1    000183
_main                                    text0        000F04
_n_controle                              bssBANK1     00015A
_pedal_ad                                bssBANK1     00014E
_periodo_peralta                         bssBANK1     00016A
_rotacao                                 bssBANK0     0000BF
_rotacao_ant                             bssBANK0     0000BD
_rotacao_peralta                         bssBANK0     0000CB
_sinal_fase                              bssBANK0     0000BB
_spi_ctr                                 bssBANK1     000158
_t_periodo                               bssBANK1     000144
_t_periodo_ref                           bssBANK1     000140
_tempo_bob                               bssBANK0     0000C1
_tempo_inj                               bssBANK0     0000A7
_teto_avanco                             dataBANK1    000193
_u                                       bssBANK0     0000AF
_u_ant                                   bssBANK1     000134
_valor                                   bssBANK1     000100
_volta14                                 bssBANK0     0000DD
_volta23                                 bssBANK0     0000DB
_voltai2c                                bssBANK0     0000E7
_z                                       dataBANK1    000187
btemp                                    temp         00005F
end_of_initialization                    cinit        00324A
i2Set_Timer1@data_timer                  cstackCOMRAM 000001
i2Set_Timer5@data_timer                  cstackCOMRAM 000001
i2_Set_Timer1                            text29       003452
i2_Set_Timer5                            text23       00343A
i2___fldiv                               text28       00243C
i2___fldiv@a                             cstackCOMRAM 00002C
i2___fldiv@aexp                          cstackCOMRAM 000040
i2___fldiv@b                             cstackCOMRAM 000028
i2___fldiv@bexp                          cstackCOMRAM 00003F
i2___fldiv@grs                           cstackCOMRAM 00003B
i2___fldiv@new_exp                       cstackCOMRAM 000039
i2___fldiv@rem                           cstackCOMRAM 000035
i2___fldiv@sign                          cstackCOMRAM 000034
i2___flmul                               text27       0020EC
i2___flmul@a                             cstackCOMRAM 000013
i2___flmul@aexp                          cstackCOMRAM 00001C
i2___flmul@b                             cstackCOMRAM 00000F
i2___flmul@bexp                          cstackCOMRAM 000021
i2___flmul@grs                           cstackCOMRAM 00001D
i2___flmul@prod                          cstackCOMRAM 000022
i2___flmul@sign                          cstackCOMRAM 00001B
i2___flmul@temp                          cstackCOMRAM 000026
i2___fltol                               text26       003018
i2___fltol@exp1                          cstackCOMRAM 00004A
i2___fltol@f1                            cstackCOMRAM 000041
i2___fltol@sign1                         cstackCOMRAM 000049
i2___xxtofl                              text25       002CA2
i2___xxtofl@arg                          cstackCOMRAM 00000B
i2___xxtofl@exp                          cstackCOMRAM 00000A
i2___xxtofl@sign                         cstackCOMRAM 000009
i2___xxtofl@val                          cstackCOMRAM 000001
int$flags                                temp         00005F
int_func                                 intcode_body 000936
intlevel0                                text         000000
intlevel1                                text         000000
intlevel2                                text         000000
intlevel3                                text         000000
stackhi                                  (abs)        000F37
stacklo                                  (abs)        000197
start                                    init         000112
start_initialization                     cinit        0031FC


FUNCTION INFORMATION:

 *************** function _main *****************
 Defined at:
		line 1055 in file "main.c"
 Parameters:    Size  Location     Type
		None
 Auto vars:     Size  Location     Type
		None
 Return value:  Size  Location     Type
                  1    wreg      void 
 Registers used:
		wreg, status,2, status,0, prodl, prodh, cstack
 Tracked objects:
		On entry : 
		On exit  : 
		Unchanged: 
 Data sizes:     COMRAM   BANK0   BANK1   BANK2   BANK3   BANK4   BANK5   BANK6   BANK7   BANK8   BANK9  BANK10  BANK11  BANK12  BANK13  BANK14  BANK15
      Params:         0       0       0       0       0       0       0       0       0       0       0       0       0       0       0       0       0
      Locals:         0       0       0       0       0       0       0       0       0       0       0       0       0       0       0       0       0
      Temps:          0       2       0       0       0       0       0       0       0       0       0       0       0       0       0       0       0
      Totals:         0       2       0       0       0       0       0       0       0       0       0       0       0       0       0       0       0
Total ram usage:        2 bytes
 Hardware stack levels required when called:    9
 This function calls:
		_Configure_HW
		_Control_ml_ign
		_I2C_Master_Init
		_Set_Timer5
		___aldiv
		___fladd
		___fldiv
		___flge
		___flmul
		___flneg
		___fltol
		___xxtofl
 This function is called by:
		Startup code after reset
 This function uses a non-reentrant model


 *************** function ___fltol *****************
 Defined at:
		line 43 in file "C:\Program Files (x86)\Microchip\xc8\v1.42\sources\common\fltol.c"
 Parameters:    Size  Location     Type
  f1              4   19[BANK0 ] void 
 Auto vars:     Size  Location     Type
  exp1            1   28[BANK0 ] unsigned char 
  sign1           1   27[BANK0 ] unsigned char 
 Return value:  Size  Location     Type
                  4   19[BANK0 ] long 
 Registers used:
		wreg, status,2, status,0
 Tracked objects:
		On entry : 
		On exit  : 
		Unchanged: 
 Data sizes:     COMRAM   BANK0   BANK1   BANK2   BANK3   BANK4   BANK5   BANK6   BANK7   BANK8   BANK9  BANK10  BANK11  BANK12  BANK13  BANK14  BANK15
      Params:         0       4       0       0       0       0       0       0       0       0       0       0       0       0       0       0       0
      Locals:         0       2       0       0       0       0       0       0       0       0       0       0       0       0       0       0       0
      Temps:          0       4       0       0       0       0       0       0       0       0       0       0       0       0       0       0       0
      Totals:         0      10       0       0       0       0       0       0       0       0       0       0       0       0       0       0       0
Total ram usage:       10 bytes
 Hardware stack levels used:    1
 Hardware stack levels required when called:    7
 This function calls:
		Nothing
 This function is called by:
		_main
 This function uses a non-reentrant model


 *************** function ___fldiv *****************
 Defined at:
		line 11 in file "C:\Program Files (x86)\Microchip\xc8\v1.42\sources\common\sprcdiv.c"
 Parameters:    Size  Location     Type
  b               4   19[BANK0 ] long 
  a               4   23[BANK0 ] long 
 Auto vars:     Size  Location     Type
  grs             4   38[BANK0 ] unsigned long 
  rem             4   32[BANK0 ] unsigned long 
  new_exp         2   36[BANK0 ] int 
  aexp            1   43[BANK0 ] unsigned char 
  bexp            1   42[BANK0 ] unsigned char 
  sign            1   31[BANK0 ] unsigned char 
 Return value:  Size  Location     Type
                  4   19[BANK0 ] unsigned char 
 Registers used:
		wreg, status,2, status,0
 Tracked objects:
		On entry : 
		On exit  : 
		Unchanged: 
 Data sizes:     COMRAM   BANK0   BANK1   BANK2   BANK3   BANK4   BANK5   BANK6   BANK7   BANK8   BANK9  BANK10  BANK11  BANK12  BANK13  BANK14  BANK15
      Params:         0       8       0       0       0       0       0       0       0       0       0       0       0       0       0       0       0
      Locals:         0      13       0       0       0       0       0       0       0       0       0       0       0       0       0       0       0
      Temps:          0       4       0       0       0       0       0       0       0       0       0       0       0       0       0       0       0
      Totals:         0      25       0       0       0       0       0       0       0       0       0       0       0       0       0       0       0
Total ram usage:       25 bytes
 Hardware stack levels used:    1
 Hardware stack levels required when called:    7
 This function calls:
		Nothing
 This function is called by:
		_main
 This function uses a non-reentrant model


 *************** function ___aldiv *****************
 Defined at:
		line 8 in file "C:\Program Files (x86)\Microchip\xc8\v1.42\sources\common\aldiv.c"
 Parameters:    Size  Location     Type
  dividend        4   19[BANK0 ] long 
  divisor         4   23[BANK0 ] long 
 Auto vars:     Size  Location     Type
  quotient        4   29[BANK0 ] long 
  sign            1   28[BANK0 ] unsigned char 
  counter         1   27[BANK0 ] unsigned char 
 Return value:  Size  Location     Type
                  4   19[BANK0 ] long 
 Registers used:
		wreg, status,2, status,0
 Tracked objects:
		On entry : 
		On exit  : 
		Unchanged: 
 Data sizes:     COMRAM   BANK0   BANK1   BANK2   BANK3   BANK4   BANK5   BANK6   BANK7   BANK8   BANK9  BANK10  BANK11  BANK12  BANK13  BANK14  BANK15
      Params:         0       8       0       0       0       0       0       0       0       0       0       0       0       0       0       0       0
      Locals:         0       6       0       0       0       0       0       0       0       0       0       0       0       0       0       0       0
      Temps:          0       0       0       0       0       0       0       0       0       0       0       0       0       0       0       0       0
      Totals:         0      14       0       0       0       0       0       0       0       0       0       0       0       0       0       0       0
Total ram usage:       14 bytes
 Hardware stack levels used:    1
 Hardware stack levels required when called:    7
 This function calls:
		Nothing
 This function is called by:
		_main
 This function uses a non-reentrant model


 *************** function _Set_Timer5 *****************
 Defined at:
		line 112 in file "TIMERS_XC8.c"
 Parameters:    Size  Location     Type
  data_timer      2   19[BANK0 ] unsigned int 
 Auto vars:     Size  Location     Type
		None
 Return value:  Size  Location     Type
                  1    wreg      void 
 Registers used:
		wreg, status,2
 Tracked objects:
		On entry : 
		On exit  : 
		Unchanged: 
 Data sizes:     COMRAM   BANK0   BANK1   BANK2   BANK3   BANK4   BANK5   BANK6   BANK7   BANK8   BANK9  BANK10  BANK11  BANK12  BANK13  BANK14  BANK15
      Params:         0       2       0       0       0       0       0       0       0       0       0       0       0       0       0       0       0
      Locals:         0       0       0       0       0       0       0       0       0       0       0       0       0       0       0       0       0
      Temps:          0       0       0       0       0       0       0       0       0       0       0       0       0       0       0       0       0
      Totals:         0       2       0       0       0       0       0       0       0       0       0       0       0       0       0       0       0
Total ram usage:        2 bytes
 Hardware stack levels used:    1
 Hardware stack levels required when called:    7
 This function calls:
		Nothing
 This function is called by:
		_main
 This function uses a non-reentrant model


 *************** function _I2C_Master_Init *****************
 Defined at:
		line 21 in file "ConfigI2c.c"
 Parameters:    Size  Location     Type
		None
 Auto vars:     Size  Location     Type
		None
 Return value:  Size  Location     Type
                  1    wreg      void 
 Registers used:
		wreg, status,2
 Tracked objects:
		On entry : 
		On exit  : 
		Unchanged: 
 Data sizes:     COMRAM   BANK0   BANK1   BANK2   BANK3   BANK4   BANK5   BANK6   BANK7   BANK8   BANK9  BANK10  BANK11  BANK12  BANK13  BANK14  BANK15
      Params:         0       0       0       0       0       0       0       0       0       0       0       0       0       0       0       0       0
      Locals:         0       0       0       0       0       0       0       0       0       0       0       0       0       0       0       0       0
      Temps:          0       0       0       0       0       0       0       0       0       0       0       0       0       0       0       0       0
      Totals:         0       0       0       0       0       0       0       0       0       0       0       0       0       0       0       0       0
Total ram usage:        0 bytes
 Hardware stack levels used:    1
 Hardware stack levels required when called:    7
 This function calls:
		Nothing
 This function is called by:
		_main
 This function uses a non-reentrant model


 *************** function _Control_ml_ign *****************
 Defined at:
		line 1254 in file "main.c"
 Parameters:    Size  Location     Type
		None
 Auto vars:     Size  Location     Type
		None
 Return value:  Size  Location     Type
                  1    wreg      void 
 Registers used:
		wreg, status,2, status,0, prodl, prodh, cstack
 Tracked objects:
		On entry : 
		On exit  : 
		Unchanged: 
 Data sizes:     COMRAM   BANK0   BANK1   BANK2   BANK3   BANK4   BANK5   BANK6   BANK7   BANK8   BANK9  BANK10  BANK11  BANK12  BANK13  BANK14  BANK15
      Params:         0       0       0       0       0       0       0       0       0       0       0       0       0       0       0       0       0
      Locals:         0       0       8       0       0       0       0       0       0       0       0       0       0       0       0       0       0
      Temps:          0       0       0       0       0       0       0       0       0       0       0       0       0       0       0       0       0
      Totals:         0       0       8       0       0       0       0       0       0       0       0       0       0       0       0       0       0
Total ram usage:        8 bytes
 Hardware stack levels used:    1
 Hardware stack levels required when called:    8
 This function calls:
		___fladd
		___flge
		___flmul
		___flneg
		___xxtofl
 This function is called by:
		_main
 This function uses a non-reentrant model


 *************** function ___xxtofl *****************
 Defined at:
		line 10 in file "C:\Program Files (x86)\Microchip\xc8\v1.42\sources\common\xxtofl.c"
 Parameters:    Size  Location     Type
  sign            1    wreg     unsigned char 
  val             4   19[BANK0 ] long 
 Auto vars:     Size  Location     Type
  sign            1   27[BANK0 ] unsigned char 
  arg             4   29[BANK0 ] unsigned long 
  exp             1   28[BANK0 ] unsigned char 
 Return value:  Size  Location     Type
                  4   19[BANK0 ] unsigned char 
 Registers used:
		wreg, status,2, status,0
 Tracked objects:
		On entry : 
		On exit  : 
		Unchanged: 
 Data sizes:     COMRAM   BANK0   BANK1   BANK2   BANK3   BANK4   BANK5   BANK6   BANK7   BANK8   BANK9  BANK10  BANK11  BANK12  BANK13  BANK14  BANK15
      Params:         0       4       0       0       0       0       0       0       0       0       0       0       0       0       0       0       0
      Locals:         0       6       0       0       0       0       0       0       0       0       0       0       0       0       0       0       0
      Temps:          0       4       0       0       0       0       0       0       0       0       0       0       0       0       0       0       0
      Totals:         0      14       0       0       0       0       0       0       0       0       0       0       0       0       0       0       0
Total ram usage:       14 bytes
 Hardware stack levels used:    1
 Hardware stack levels required when called:    7
 This function calls:
		Nothing
 This function is called by:
		_main
		_Control_ml_ign
 This function uses a non-reentrant model


 *************** function ___flneg *****************
 Defined at:
		line 15 in file "C:\Program Files (x86)\Microchip\xc8\v1.42\sources\common\flneg.c"
 Parameters:    Size  Location     Type
  f1              4   33[BANK0 ] unsigned char 
 Auto vars:     Size  Location     Type
		None
 Return value:  Size  Location     Type
                  4   33[BANK0 ] unsigned char 
 Registers used:
		wreg, status,2, status,0
 Tracked objects:
		On entry : 
		On exit  : 
		Unchanged: 
 Data sizes:     COMRAM   BANK0   BANK1   BANK2   BANK3   BANK4   BANK5   BANK6   BANK7   BANK8   BANK9  BANK10  BANK11  BANK12  BANK13  BANK14  BANK15
      Params:         0       4       0       0       0       0       0       0       0       0       0       0       0       0       0       0       0
      Locals:         0       0       0       0       0       0       0       0       0       0       0       0       0       0       0       0       0
      Temps:          0       0       0       0       0       0       0       0       0       0       0       0       0       0       0       0       0
      Totals:         0       4       0       0       0       0       0       0       0       0       0       0       0       0       0       0       0
Total ram usage:        4 bytes
 Hardware stack levels used:    1
 Hardware stack levels required when called:    7
 This function calls:
		Nothing
 This function is called by:
		_main
		_Control_ml_ign
 This function uses a non-reentrant model


 *************** function ___flmul *****************
 Defined at:
		line 8 in file "C:\Program Files (x86)\Microchip\xc8\v1.42\sources\common\sprcmul.c"
 Parameters:    Size  Location     Type
  b               4   57[BANK0 ] unsigned char 
  a               4   61[BANK0 ] unsigned char 
 Auto vars:     Size  Location     Type
  prod            4    7[BANK1 ] struct .
  grs             4    2[BANK1 ] unsigned long 
  temp            2   11[BANK1 ] struct .
  bexp            1    6[BANK1 ] unsigned char 
  aexp            1    1[BANK1 ] unsigned char 
  sign            1    0[BANK1 ] unsigned char 
 Return value:  Size  Location     Type
                  4   57[BANK0 ] unsigned char 
 Registers used:
		wreg, status,2, status,0, prodl, prodh
 Tracked objects:
		On entry : 
		On exit  : 
		Unchanged: 
 Data sizes:     COMRAM   BANK0   BANK1   BANK2   BANK3   BANK4   BANK5   BANK6   BANK7   BANK8   BANK9  BANK10  BANK11  BANK12  BANK13  BANK14  BANK15
      Params:         0       8       0       0       0       0       0       0       0       0       0       0       0       0       0       0       0
      Locals:         0       0      13       0       0       0       0       0       0       0       0       0       0       0       0       0       0
      Temps:          0       4       0       0       0       0       0       0       0       0       0       0       0       0       0       0       0
      Totals:         0      12      13       0       0       0       0       0       0       0       0       0       0       0       0       0       0
Total ram usage:       25 bytes
 Hardware stack levels used:    1
 Hardware stack levels required when called:    7
 This function calls:
		Nothing
 This function is called by:
		_main
		_Control_ml_ign
 This function uses a non-reentrant model


 *************** function ___flge *****************
 Defined at:
		line 4 in file "C:\Program Files (x86)\Microchip\xc8\v1.42\sources\common\flge.c"
 Parameters:    Size  Location     Type
  ff1             4   19[BANK0 ] unsigned char 
  ff2             4   23[BANK0 ] unsigned char 
 Auto vars:     Size  Location     Type
		None
 Return value:  Size  Location     Type
		None               void
 Registers used:
		wreg, status,2, status,0
 Tracked objects:
		On entry : 
		On exit  : 
		Unchanged: 
 Data sizes:     COMRAM   BANK0   BANK1   BANK2   BANK3   BANK4   BANK5   BANK6   BANK7   BANK8   BANK9  BANK10  BANK11  BANK12  BANK13  BANK14  BANK15
      Params:         0       8       0       0       0       0       0       0       0       0       0       0       0       0       0       0       0
      Locals:         0       0       0       0       0       0       0       0       0       0       0       0       0       0       0       0       0
      Temps:          0       4       0       0       0       0       0       0       0       0       0       0       0       0       0       0       0
      Totals:         0      12       0       0       0       0       0       0       0       0       0       0       0       0       0       0       0
Total ram usage:       12 bytes
 Hardware stack levels used:    1
 Hardware stack levels required when called:    7
 This function calls:
		Nothing
 This function is called by:
		_main
		_Control_ml_ign
 This function uses a non-reentrant model


 *************** function ___fladd *****************
 Defined at:
		line 10 in file "C:\Program Files (x86)\Microchip\xc8\v1.42\sources\common\sprcadd.c"
 Parameters:    Size  Location     Type
  b               4   37[BANK0 ] unsigned char 
  a               4   41[BANK0 ] unsigned char 
 Auto vars:     Size  Location     Type
  grs             1   56[BANK0 ] unsigned char 
  bexp            1   55[BANK0 ] unsigned char 
  aexp            1   54[BANK0 ] unsigned char 
  signs           1   53[BANK0 ] unsigned char 
 Return value:  Size  Location     Type
                  4   37[BANK0 ] unsigned char 
 Registers used:
		wreg, status,2, status,0
 Tracked objects:
		On entry : 
		On exit  : 
		Unchanged: 
 Data sizes:     COMRAM   BANK0   BANK1   BANK2   BANK3   BANK4   BANK5   BANK6   BANK7   BANK8   BANK9  BANK10  BANK11  BANK12  BANK13  BANK14  BANK15
      Params:         0       8       0       0       0       0       0       0       0       0       0       0       0       0       0       0       0
      Locals:         0       4       0       0       0       0       0       0       0       0       0       0       0       0       0       0       0
      Temps:          0       8       0       0       0       0       0       0       0       0       0       0       0       0       0       0       0
      Totals:         0      20       0       0       0       0       0       0       0       0       0       0       0       0       0       0       0
Total ram usage:       20 bytes
 Hardware stack levels used:    1
 Hardware stack levels required when called:    7
 This function calls:
		Nothing
 This function is called by:
		_main
		_Control_ml_ign
 This function uses a non-reentrant model


 *************** function _Configure_HW *****************
 Defined at:
		line 1016 in file "main.c"
 Parameters:    Size  Location     Type
		None
 Auto vars:     Size  Location     Type
		None
 Return value:  Size  Location     Type
                  1    wreg      void 
 Registers used:
		wreg, status,2, cstack
 Tracked objects:
		On entry : 
		On exit  : 
		Unchanged: 
[...]
      Locals:         1       0       0       0       0       0       0       0       0       0       0       0       0       0       0       0       0
      Temps:          2       0       0       0       0       0       0       0       0       0       0       0       0       0       0       0       0
      Totals:         5       0       0       0       0       0       0       0       0       0       0       0       0       0       0       0       0
Total ram usage:        5 bytes
 Hardware stack levels used:    1
 This function calls:
		Nothing
 This function is called by:
		_conta_dente
 This function uses a non-reentrant model


 *************** function _I2C_Leitura_Multiplos_Endereco *****************
 Defined at:
		line 191 in file "ConfigI2c.c"
 Parameters:    Size  Location     Type
  end_i2c         1    wreg     unsigned char 
  cont_b          1    2[COMRAM] unsigned char 
  endereco        1    3[COMRAM] unsigned char 
 Auto vars:     Size  Location     Type
  end_i2c         1   11[COMRAM] unsigned char 
  cont            1   12[COMRAM] unsigned char 
 Return value:  Size  Location     Type
                  1    wreg      void 
 Registers used:
		wreg, fsr2l, fsr2h, status,2, status,0, prodl, prodh, cstack
 Tracked objects:
		On entry : 
		On exit  : 
		Unchanged: 
 Data sizes:     COMRAM   BANK0   BANK1   BANK2   BANK3   BANK4   BANK5   BANK6   BANK7   BANK8   BANK9  BANK10  BANK11  BANK12  BANK13  BANK14  BANK15
      Params:         2       0       0       0       0       0       0       0       0       0       0       0       0       0       0       0       0
      Locals:         2       0       0       0       0       0       0       0       0       0       0       0       0       0       0       0       0
      Temps:          7       0       0       0       0       0       0       0       0       0       0       0       0       0       0       0       0
      Totals:        11       0       0       0       0       0       0       0       0       0       0       0       0       0       0       0       0
Total ram usage:       11 bytes
 Hardware stack levels used:    1
 Hardware stack levels required when called:    2
 This function calls:
		_I2C_ACK
		_I2C_Master_RepeatedStart
		_I2C_Master_Start
		_I2C_Master_Stop
		_I2C_NACK
		_I2C_Recebe
		_I2C_Transmite
 This function is called by:
		_conta_dente
 This function uses a non-reentrant model


 *************** function _I2C_Transmite *****************
 Defined at:
		line 70 in file "ConfigI2c.c"
 Parameters:    Size  Location     Type
  dado_I2c        1    wreg     unsigned char 
 Auto vars:     Size  Location     Type
  dado_I2c        1    1[COMRAM] unsigned char 
 Return value:  Size  Location     Type
                  1    wreg      void 
 Registers used:
		wreg, status,2, status,0, cstack
 Tracked objects:
		On entry : 
		On exit  : 
		Unchanged: 
 Data sizes:     COMRAM   BANK0   BANK1   BANK2   BANK3   BANK4   BANK5   BANK6   BANK7   BANK8   BANK9  BANK10  BANK11  BANK12  BANK13  BANK14  BANK15
      Params:         0       0       0       0       0       0       0       0       0       0       0       0       0       0       0       0       0
      Locals:         1       0       0       0       0       0       0       0       0       0       0       0       0       0       0       0       0
      Temps:          0       0       0       0       0       0       0       0       0       0       0       0       0       0       0       0       0
      Totals:         1       0       0       0       0       0       0       0       0       0       0       0       0       0       0       0       0
Total ram usage:        1 bytes
 Hardware stack levels used:    1
 Hardware stack levels required when called:    1
 This function calls:
		_I2C_Master_Wait
 This function is called by:
		_I2C_Leitura_Multiplos_Endereco
		_I2C_Master_Escreve
		_I2C_Master_Escreve_Multiplos
		_I2C_Leitura
		_I2C_Leitura_Multiplos
		_I2C_Leitura_Endereco
		_I2C_Master_Escreve_Endereco
		_I2C_Master_Escreve_Multiplos_Endereco
 This function uses a non-reentrant model


 *************** function _I2C_Recebe *****************
 Defined at:
		line 84 in file "ConfigI2c.c"
 Parameters:    Size  Location     Type
		None
 Auto vars:     Size  Location     Type
		None
 Return value:  Size  Location     Type
                  1    wreg      unsigned char 
 Registers used:
		wreg, status,2, status,0, cstack
 Tracked objects:
		On entry : 
		On exit  : 
		Unchanged: 
 Data sizes:     COMRAM   BANK0   BANK1   BANK2   BANK3   BANK4   BANK5   BANK6   BANK7   BANK8   BANK9  BANK10  BANK11  BANK12  BANK13  BANK14  BANK15
      Params:         0       0       0       0       0       0       0       0       0       0       0       0       0       0       0       0       0
      Locals:         0       0       0       0       0       0       0       0       0       0       0       0       0       0       0       0       0
      Temps:          0       0       0       0       0       0       0       0       0       0       0       0       0       0       0       0       0
      Totals:         0       0       0       0       0       0       0       0       0       0       0       0       0       0       0       0       0
Total ram usage:        0 bytes
 Hardware stack levels used:    1
 Hardware stack levels required when called:    1
 This function calls:
		_I2C_Master_Wait
 This function is called by:
		_I2C_Leitura_Multiplos_Endereco
		_I2C_Leitura
		_I2C_Leitura_Multiplos
		_I2C_Leitura_Endereco
 This function uses a non-reentrant model


 *************** function _I2C_NACK *****************
 Defined at:
		line 101 in file "ConfigI2c.c"
 Parameters:    Size  Location     Type
		None
 Auto vars:     Size  Location     Type
		None
 Return value:  Size  Location     Type
                  1    wreg      void 
 Registers used:
		wreg, status,2, status,0, cstack
 Tracked objects:
		On entry : 
		On exit  : 
		Unchanged: 
 Data sizes:     COMRAM   BANK0   BANK1   BANK2   BANK3   BANK4   BANK5   BANK6   BANK7   BANK8   BANK9  BANK10  BANK11  BANK12  BANK13  BANK14  BANK15
      Params:         0       0       0       0       0       0       0       0       0       0       0       0       0       0       0       0       0
      Locals:         0       0       0       0       0       0       0       0       0       0       0       0       0       0       0       0       0
      Temps:          0       0       0       0       0       0       0       0       0       0       0       0       0       0       0       0       0
      Totals:         0       0       0       0       0       0       0       0       0       0       0       0       0       0       0       0       0
Total ram usage:        0 bytes
 Hardware stack levels used:    1
 Hardware stack levels required when called:    1
 This function calls:
		_I2C_Master_Wait
 This function is called by:
		_I2C_Leitura_Multiplos_Endereco
		_I2C_Leitura
		_I2C_Leitura_Multiplos
		_I2C_Leitura_Endereco
 This function uses a non-reentrant model


 *************** function _I2C_Master_Stop *****************
 Defined at:
		line 64 in file "ConfigI2c.c"
 Parameters:    Size  Location     Type
		None
 Auto vars:     Size  Location     Type
		None
 Return value:  Size  Location     Type
                  1    wreg      void 
 Registers used:
		wreg, status,2, status,0, cstack
 Tracked objects:
		On entry : 
		On exit  : 
		Unchanged: 
 Data sizes:     COMRAM   BANK0   BANK1   BANK2   BANK3   BANK4   BANK5   BANK6   BANK7   BANK8   BANK9  BANK10  BANK11  BANK12  BANK13  BANK14  BANK15
      Params:         0       0       0       0       0       0       0       0       0       0       0       0       0       0       0       0       0
      Locals:         0       0       0       0       0       0       0       0       0       0       0       0       0       0       0       0       0
      Temps:          0       0       0       0       0       0       0       0       0       0       0       0       0       0       0       0       0
      Totals:         0       0       0       0       0       0       0       0       0       0       0       0       0       0       0       0       0
Total ram usage:        0 bytes
 Hardware stack levels used:    1
 Hardware stack levels required when called:    1
 This function calls:
		_I2C_Master_Wait
 This function is called by:
		_I2C_Leitura_Multiplos_Endereco
		_I2C_Master_Escreve
		_I2C_Master_Escreve_Multiplos
		_I2C_Leitura
		_I2C_Leitura_Multiplos
		_I2C_Leitura_Endereco
		_I2C_Master_Escreve_Endereco
		_I2C_Master_Escreve_Multiplos_Endereco
 This function uses a non-reentrant model


 *************** function _I2C_Master_Start *****************
 Defined at:
		line 52 in file "ConfigI2c.c"
 Parameters:    Size  Location     Type
		None
 Auto vars:     Size  Location     Type
		None
 Return value:  Size  Location     Type
                  1    wreg      void 
 Registers used:
		wreg, status,2, status,0, cstack
 Tracked objects:
		On entry : 
		On exit  : 
		Unchanged: 
 Data sizes:     COMRAM   BANK0   BANK1   BANK2   BANK3   BANK4   BANK5   BANK6   BANK7   BANK8   BANK9  BANK10  BANK11  BANK12  BANK13  BANK14  BANK15
      Params:         0       0       0       0       0       0       0       0       0       0       0       0       0       0       0       0       0
      Locals:         0       0       0       0       0       0       0       0       0       0       0       0       0       0       0       0       0
      Temps:          0       0       0       0       0       0       0       0       0       0       0       0       0       0       0       0       0
      Totals:         0       0       0       0       0       0       0       0       0       0       0       0       0       0       0       0       0
Total ram usage:        0 bytes
 Hardware stack levels used:    1
 Hardware stack levels required when called:    1
 This function calls:
		_I2C_Master_Wait
 This function is called by:
		_I2C_Leitura_Multiplos_Endereco
		_I2C_Master_Escreve
		_I2C_Master_Escreve_Multiplos
		_I2C_Leitura
		_I2C_Leitura_Multiplos
		_I2C_Leitura_Endereco
		_I2C_Master_Escreve_Endereco
		_I2C_Master_Escreve_Multiplos_Endereco
 This function uses a non-reentrant model


 *************** function _I2C_Master_RepeatedStart *****************
 Defined at:
		line 58 in file "ConfigI2c.c"
 Parameters:    Size  Location     Type
		None
 Auto vars:     Size  Location     Type
		None
 Return value:  Size  Location     Type
                  1    wreg      void 
 Registers used:
		wreg, status,2, status,0, cstack
 Tracked objects:
		On entry : 
		On exit  : 
		Unchanged: 
 Data sizes:     COMRAM   BANK0   BANK1   BANK2   BANK3   BANK4   BANK5   BANK6   BANK7   BANK8   BANK9  BANK10  BANK11  BANK12  BANK13  BANK14  BANK15
      Params:         0       0       0       0       0       0       0       0       0       0       0       0       0       0       0       0       0
      Locals:         0       0       0       0       0       0       0       0       0       0       0       0       0       0       0       0       0
      Temps:          0       0       0       0       0       0       0       0       0       0       0       0       0       0       0       0       0
      Totals:         0       0       0       0       0       0       0       0       0       0       0       0       0       0       0       0       0
Total ram usage:        0 bytes
 Hardware stack levels used:    1
 Hardware stack levels required when called:    1
 This function calls:
		_I2C_Master_Wait
 This function is called by:
		_I2C_Leitura_Multiplos_Endereco
		_I2C_Leitura_Endereco
 This function uses a non-reentrant model


 *************** function _I2C_ACK *****************
 Defined at:
		line 93 in file "ConfigI2c.c"
 Parameters:    Size  Location     Type
		None
 Auto vars:     Size  Location     Type
		None
 Return value:  Size  Location     Type
                  1    wreg      void 
 Registers used:
		wreg, status,2, status,0, cstack
 Tracked objects:
		On entry : 
		On exit  : 
		Unchanged: 
 Data sizes:     COMRAM   BANK0   BANK1   BANK2   BANK3   BANK4   BANK5   BANK6   BANK7   BANK8   BANK9  BANK10  BANK11  BANK12  BANK13  BANK14  BANK15
      Params:         0       0       0       0       0       0       0       0       0       0       0       0       0       0       0       0       0
      Locals:         0       0       0       0       0       0       0       0       0       0       0       0       0       0       0       0       0
      Temps:          0       0       0       0       0       0       0       0       0       0       0       0       0       0       0       0       0
      Totals:         0       0       0       0       0       0       0       0       0       0       0       0       0       0       0       0       0
Total ram usage:        0 bytes
 Hardware stack levels used:    1
 Hardware stack levels required when called:    1
 This function calls:
		_I2C_Master_Wait
 This function is called by:
		_I2C_Leitura_Multiplos_Endereco
		_I2C_Leitura_Multiplos
 This function uses a non-reentrant model


 *************** function _I2C_Master_Wait *****************
 Defined at:
		line 37 in file "ConfigI2c.c"
 Parameters:    Size  Location     Type
		None
 Auto vars:     Size  Location     Type
		None
 Return value:  Size  Location     Type
                  1    wreg      void 
 Registers used:
		wreg, status,2, status,0
 Tracked objects:
		On entry : 
		On exit  : 
		Unchanged: 
 Data sizes:     COMRAM   BANK0   BANK1   BANK2   BANK3   BANK4   BANK5   BANK6   BANK7   BANK8   BANK9  BANK10  BANK11  BANK12  BANK13  BANK14  BANK15
      Params:         0       0       0       0       0       0       0       0       0       0       0       0       0       0       0       0       0
      Locals:         0       0       0       0       0       0       0       0       0       0       0       0       0       0       0       0       0
      Temps:          1       0       0       0       0       0       0       0       0       0       0       0       0       0       0       0       0
      Totals:         1       0       0       0       0       0       0       0       0       0       0       0       0       0       0       0       0
Total ram usage:        1 bytes
 Hardware stack levels used:    1
 This function calls:
		Nothing
 This function is called by:
		_I2C_Master_Start
		_I2C_Master_RepeatedStart
		_I2C_Master_Stop
		_I2C_Transmite
		_I2C_Recebe
		_I2C_ACK
		_I2C_NACK
		_I2C_Master_Escreve_Multiplos
		_I2C_Master_Escreve_Multiplos_Endereco
 This function uses a non-reentrant model


 *************** function _Get_Timer1 *****************
 Defined at:
		line 43 in file "TIMERS_XC8.c"
 Parameters:    Size  Location     Type
		None
 Auto vars:     Size  Location     Type
  Data            2    4[COMRAM] unsigned int 
 Return value:  Size  Location     Type
                  2    0[COMRAM] unsigned int 
 Registers used:
		wreg, status,2, status,0
 Tracked objects:
		On entry : 
		On exit  : 
		Unchanged: 
 Data sizes:     COMRAM   BANK0   BANK1   BANK2   BANK3   BANK4   BANK5   BANK6   BANK7   BANK8   BANK9  BANK10  BANK11  BANK12  BANK13  BANK14  BANK15
      Params:         2       0       0       0       0       0       0       0       0       0       0       0       0       0       0       0       0
      Locals:         2       0       0       0       0       0       0       0       0       0       0       0       0       0       0       0       0
      Temps:          2       0       0       0       0       0       0       0       0       0       0       0       0       0       0       0       0
      Totals:         6       0       0       0       0       0       0       0       0       0       0       0       0       0       0       0       0
Total ram usage:        6 bytes
 Hardware stack levels used:    1
 This function calls:
		Nothing
 This function is called by:
		_isr2
		_conta_dente
 This function uses a non-reentrant model



MODULE INFORMATION

Module		Function		Class		Link	Load	Size
EXT_INT.c
		_Confi_Int_Ext0		CODE           	3470	0000	9

EXT_INT.c estimated size: 9

C:\Program Files (x86)\Microchip\xc8\v1.42\sources\common\flge.c
		___flge        		CODE           	2B12	0000	401

C:\Program Files (x86)\Microchip\xc8\v1.42\sources\common\flge.c estimated size: 401

C:\Program Files (x86)\Microchip\xc8\v1.42\sources\common\awdiv.c
		___awdiv       		CODE           	30F4	0000	133

C:\Program Files (x86)\Microchip\xc8\v1.42\sources\common\awdiv.c estimated size: 133

C:\Program Files (x86)\Microchip\xc8\v1.42\sources\common\fltol.c
		___fltol       		CODE           	2F0C	0000	269

C:\Program Files (x86)\Microchip\xc8\v1.42\sources\common\fltol.c estimated size: 269

C:\Program Files (x86)\Microchip\xc8\v1.42\sources\common\sprcmul.c
		___flmul       		CODE           	1886	0000	1191

C:\Program Files (x86)\Microchip\xc8\v1.42\sources\common\sprcmul.c estimated size: 1191

C:\Program Files (x86)\Microchip\xc8\v1.42\sources\common\aldiv.c
		___aldiv       		CODE           	2DF2	0000	283

C:\Program Files (x86)\Microchip\xc8\v1.42\sources\common\aldiv.c estimated size: 283

C:\Program Files (x86)\Microchip\xc8\v1.42\sources\common\sprcdiv.c
		___fldiv       		CODE           	1D2C	0000	961

C:\Program Files (x86)\Microchip\xc8\v1.42\sources\common\sprcdiv.c estimated size: 961

TIMERS_XC8.c
		_Config_Timer0 		CODE           	337E	0000	23
		_Config_Timer1 		CODE           	33D0	0000	21
		_Config_Timer2 		CODE           	33BC	0000	21
		_Config_Timer3 		CODE           	33A8	0000	21
		_Config_Timer5 		CODE           	32DE	0000	43
		_Get_Timer1    		CODE           	3328	0000	33
		_Set_Timer0    		CODE           	3466	0000	11
		_Set_Timer1    		CODE           	342E	0000	13
		_Set_Timer2    		CODE           	3490	0000	7
		_Set_Timer3    		CODE           	345C	0000	11
		_Set_Timer5    		CODE           	33F6	0000	15

TIMERS_XC8.c estimated size: 219

C:\Program Files (x86)\Microchip\xc8\v1.42\sources\common\xxtofl.c
		___xxtofl      		CODE           	2944	0000	463

C:\Program Files (x86)\Microchip\xc8\v1.42\sources\common\xxtofl.c estimated size: 463

C:\Program Files (x86)\Microchip\xc8\v1.42\sources\common\flneg.c
		___flneg       		CODE           	32A6	0000	57

C:\Program Files (x86)\Microchip\xc8\v1.42\sources\common\flneg.c estimated size: 57

C:\Program Files (x86)\Microchip\xc8\v1.42\sources\common\sprcadd.c
		___fladd       		CODE           	13DE	0000	1193

C:\Program Files (x86)\Microchip\xc8\v1.42\sources\common\sprcadd.c estimated size: 1193

shared
		i2_Set_Timer1  		CODE           	3452	0000	11
		i2_Set_Timer5  		CODE           	343A	0000	13
		i2___fldiv     		CODE           	243C	0000	693
		i2___fltol     		CODE           	3018	0000	221
		__initialization		CODE           	31FC	0000	79
		i2___flmul     		CODE           	20EC	0000	849
		i2___xxtofl    		CODE           	2CA2	0000	337

shared estimated size: 2203

ConfigI2c.c
		_I2C_Leitura_Multiplos_Endereco		CODE           	3178	0000	133
		_I2C_Master_Wait		CODE           	33E4	0000	19
		_I2C_Master_Init		CODE           	3348	0000	29
		_I2C_Master_Stop		CODE           	3478	0000	9
		_I2C_Master_RepeatedStart		CODE           	3488	0000	9
		_I2C_Transmite 		CODE           	3446	0000	13
		_I2C_ACK       		CODE           	3420	0000	15
		_I2C_NACK      		CODE           	3412	0000	15
		_I2C_Master_Start		CODE           	3480	0000	9
		_I2C_Recebe    		CODE           	3404	0000	15

ConfigI2c.c estimated size: 266

main.c
		_Control_ml_ign		CODE           	26F0	0000	597
		_main          		CODE           	0F04	0000	1243
		_conta_dente   		CODE           	0116	0000	2081
		_isr           		CODE           	0018	0000	251
		_No_Analogs    		CODE           	3308	0000	33
		_Make_16       		CODE           	3364	0000	27
		_Configure_HW  		CODE           	3258	0000	79
		_isr2          		CODE           	0008	0000	1493

main.c estimated size: 5804

