Microchip MPLAB XC8 Compiler V1.42 ()

Linker command line:

-W-3 --edf=C:\Program Files (x86)\Microchip\xc8\v1.42\dat\en_msgs.txt -cs \
  -h+dist/default/production\Gerenciamento_46K22.X.production.sym \
  --cmf=dist/default/production\Gerenciamento_46K22.X.production.cmf -z \
  -Q18F46K22 -oC:\Users\willi\AppData\Local\Temp\s9bg.2 \
  -Mdist/default/production/Gerenciamento_46K22.X.production.map -E1 \
  -ver=XC8 --acfsm=1493 -ASTACK=0851h-0f37h -pstack=STACK -ACODE=00h-0FFFFh \
  -ACONST=00h-0FFFFh -ASMALLCONST=01000h-010FFhx240 \
  -AMEDIUMCONST=01000h-0FFFFh -ACOMRAM=01h-05Fh -AABS1=00h-0F37h \
  -ABIGRAM=01h-0F37h -ARAM=060h-0FFh,0100h-01FFhx14,0F00h-0F37h \
  -ABANK0=060h-0FFh -ABANK1=0100h-01FFh -ABANK2=0200h-02FFh \
  -ABANK3=0300h-03FFh -ABANK4=0400h-04FFh -ABANK5=0500h-05FFh \
  -ABANK6=0600h-06FFh -ABANK7=0700h-07FFh -ABANK8=0800h-08FFh \
  -ABANK9=0900h-09FFh -ABANK10=0A00h-0AFFh -ABANK11=0B00h-0BFFh \
  -ABANK12=0C00h-0CFFh -ABANK13=0D00h-0DFFh -ABANK14=0E00h-0EFFh \
  -ABANK15=0F00h-0F37h -ASFR=0F38h-0F5Fh,0F60h-0FFFh \
  -preset_vec=00h,intcode=08h,intcodelo=018h,powerup,init -pramtop=01000h \
  -psmallconst=SMALLCONST -pmediumconst=MEDIUMCONST -pconst=CONST \
  -AFARRAM=00h-00h -ACONFIG=0300000h-030000Dh -pconfig=CONFIG \
  -AIDLOC=0200000h-0200007h -pidloc=IDLOC -AEEDATA=0F00000h-0F003FFh \
  -peeprom_data=EEDATA \
  -prdata=COMRAM,nvrram=COMRAM,nvbit=COMRAM,rbss=COMRAM,rbit=COMRAM \
  -pfarbss=FARRAM,fardata=FARRAM,nvFARRAM=FARRAM \
  -pintsave_regs=BIGRAM,bigbss=BIGRAM,bigdata=BIGRAM -pbss=RAM \
  -pidata=CODE,irdata=CODE,ibigdata=CODE,ifardata=CODE -prparam=COMRAM \
  C:\Users\willi\AppData\Local\Temp\s9bg.obj \
  dist/default/production\Gerenciamento_46K22.X.production.obj 

Object code version is 3.11

Machine type is 18F46K22

Call graph: (short form)




                Name                               Link     Load   Length Selector   Space Scale
C:\Users\willi\AppData\Local\Temp\s9bg.obj
                init                                8C6      8C6        4        C       0
                reset_vec                             0        0        4        0       0
                idloc                            200000   200000        8   200000       0
                config                           300000   300000        E   300000       0
dist/default/production\Gerenciamento_46K22.X.production.obj
                intcodelo                            18       18      8AE        C       0
                intcode                               8        8        6        4       0
                temp                                 5F       5F        1        1       1
                mediumconst                        EA4E     EA4E     15B2     7527       0
                text76                             5384     5384       20        C       0
                text75                             5464     5464       12     29E2       0
                text74                             5574     5574        8     29E2       0
                text73                             556C     556C        8     29E2       0
                text72                             5564     5564        8     29E2       0
                text71                             54EA     54EA        E     29E2       0
                text70                             54DC     54DC        E     29E2       0
                text69                             5510     5510        C     29E2       0
                text68                             51DA     51DA       34        C       0
                text67                             553A     553A        A     29E2       0
                text66                             5096     5096       52        C       0
                text65                             5364     5364       20        C       0
                text64                             5530     5530        A     29E2       0
                text63                             5526     5526        A     29E2       0
                text62                             503E     503E       58        C       0
                text61                             5270     5270       2E        C       0
                text60                             4DB4     4DB4       84        C       0
                text59                             3B66     3B66      33C        C       0
                text58                             382A     382A      33C        C       0
                text57                             44A6     44A6      120        C       0
                text56                             34DA     34DA      350        C       0
                text55                             4356     4356      150        C       0
                text54                             2D50     2D50      3CA        C       0
                text53                             52CA     52CA       2A        C       0
                text52                             4D30     4D30       84        C       0
                text51                             54CE     54CE        E     29E2       0
                text50                             4CAC     4CAC       84        C       0
                text49                             5504     5504        C     29E2       0
                text48                             5130     5130       40        C       0
                text47                             4F86     4F86       60        C       0
                text46                             5340     5340       24        C       0
                text45                             531A     531A       26        C       0
                text44                             4F22     4F22       64        C       0
                text43                             529E     529E       2C        C       0
                text42                             47D2     47D2       FA        C       0
                text41                             4B92     4B92       90        C       0
                intcode_body                        8CA      8CA     16EC        C       0
                text39                             520E     520E       32        C       0
                text38                             4070     4070      190        C       0
                text37                             4C22     4C22       8A        C       0
                text36                             543E     543E       14     29E2       0
                text35                             54C0     54C0        E     29E2       0
                text34                             555C     555C        8     29E2       0
                text33                             5554     5554        8     29E2       0
                text32                             554C     554C        8     29E2       0
                text31                             54B2     54B2        E     29E2       0
                text30                             54A4     54A4        E     29E2       0
                text29                             5496     5496        E     29E2       0
                text28                             4A46     4A46       B6        C       0
                text27                             54F8     54F8        C     29E2       0
                text26                             50E8     50E8       48        C       0
                text25                             4EAE     4EAE       74        C       0
                text24                             311A     311A      3C0        C       0
                text23                             245E     245E      4A6        C       0
                text22                             52F4     52F4       26        C       0
                text21                             48CC     48CC       BE        C       0
                text20                             5170     5170       36        C       0
                text19                             3EA2     3EA2      1CE        C       0
                text18                             4E38     4E38       76        C       0
                text17                             5412     5412       18     29E2       0
                text16                             5240     5240       30        C       0
                text15                             1FB6     1FB6      4A8        C       0
                text14                             45C6     45C6      10C        C       0
                text13                             4AFC     4AFC       96        C       0
                text11                             51A6     51A6       34        C       0
                text10                             5544     5544        8     29E2       0
                text9                              5452     5452       12     29E2       0
                text8                              542A     542A       14     29E2       0
                text7                              5486     5486       10     29E2       0
                text6                              53E0     53E0       1A     29E2       0
                text5                              4FE6     4FE6       58        C       0
                text4                              53C4     53C4       1C     29E2       0
                text3                              5476     5476       10     29E2       0
                text2                              551C     551C        A     29E2       0
                text1                              53FA     53FA       18     29E2       0
                text0                              4200     4200      156        C       0
                cstackCOMRAM                          1        1       5D        1       1
                cstackBANK0                          60       60       3D       60       1
                cstackBANK1                         1BC      1BC       24      100       1
                cstackBANK2                         2B2      2B2       2C      200       1
                cstackBANK4                         400      400        5      400       1
                dataBIGRAM                          405      405      44C      405       1
                dataBANK3                           300      300      100      300       1
                dataBANK2                           2DE      2DE        4      200       1
                bssBANK2                            200      200       B2      200       1
                dataBANK1                           1E0      1E0       1F      100       1
                bssBANK1                            100      100       BC      100       1
                bssBANK0                             9D       9D       32       60       1
                bssCOMRAM                            5E       5E        1        1       1
                cinit                              498A     498A       BC        C       0
                idataBANK3                         46D2     46D2      100        C       0
                idataBANK2                         557C     557C        4     29E2       0
                idataBANK1                         53A4     53A4       1F        C       0
                idataBIGRAM                        2904     2904      44C        C       0

TOTAL           Name                               Link     Load   Length     Space
        CLASS   STACK          

        CLASS   CODE           
                intcodelo                            18       18      8AE         0
                intcode                               8        8        6         0
                init                                8C6      8C6        4         0
                reset_vec                             0        0        4         0
                text76                             5384     5384       20         0
                text75                             5464     5464       12         0
                text74                             5574     5574        8         0
                text73                             556C     556C        8         0
                text72                             5564     5564        8         0
                text71                             54EA     54EA        E         0
                text70                             54DC     54DC        E         0
                text69                             5510     5510        C         0
                text68                             51DA     51DA       34         0
                text67                             553A     553A        A         0
                text66                             5096     5096       52         0
                text65                             5364     5364       20         0
                text64                             5530     5530        A         0
                text63                             5526     5526        A         0
                text62                             503E     503E       58         0
                text61                             5270     5270       2E         0
                text60                             4DB4     4DB4       84         0
                text59                             3B66     3B66      33C         0
                text58                             382A     382A      33C         0
                text57                             44A6     44A6      120         0
                text56                             34DA     34DA      350         0
                text55                             4356     4356      150         0
                text54                             2D50     2D50      3CA         0
                text53                             52CA     52CA       2A         0
                text52                             4D30     4D30       84         0
                text51                             54CE     54CE        E         0
                text50                             4CAC     4CAC       84         0
                text49                             5504     5504        C         0
                text48                             5130     5130       40         0
                text47                             4F86     4F86       60         0
                text46                             5340     5340       24         0
                text45                             531A     531A       26         0
                text44                             4F22     4F22       64         0
                text43                             529E     529E       2C         0
                text42                             47D2     47D2       FA         0
                text41                             4B92     4B92       90         0
                intcode_body                        8CA      8CA     16EC         0
                text39                             520E     520E       32         0
                text38                             4070     4070      190         0
                text37                             4C22     4C22       8A         0
                text36                             543E     543E       14         0
                text35                             54C0     54C0        E         0
                text34                             555C     555C        8         0
                text33                             5554     5554        8         0
                text32                             554C     554C        8         0
                text31                             54B2     54B2        E         0
                text30                             54A4     54A4        E         0
                text29                             5496     5496        E         0
                text28                             4A46     4A46       B6         0
                text27                             54F8     54F8        C         0
                text26                             50E8     50E8       48         0
                text25                             4EAE     4EAE       74         0
                text24                             311A     311A      3C0         0
                text23                             245E     245E      4A6         0
                text22                             52F4     52F4       26         0
                text21                             48CC     48CC       BE         0
                text20                             5170     5170       36         0
                text19                             3EA2     3EA2      1CE         0
                text18                             4E38     4E38       76         0
                text17                             5412     5412       18         0
                text16                             5240     5240       30         0
                text15                             1FB6     1FB6      4A8         0
                text14                             45C6     45C6      10C         0
                text13                             4AFC     4AFC       96         0
                text11                             51A6     51A6       34         0
                text10                             5544     5544        8         0
                text9                              5452     5452       12         0
                text8                              542A     542A       14         0
                text7                              5486     5486       10         0
                text6                              53E0     53E0       1A         0
                text5                              4FE6     4FE6       58         0
                text4                              53C4     53C4       1C         0
                text3                              5476     5476       10         0
                text2                              551C     551C        A         0
                text1                              53FA     53FA       18         0
                text0                              4200     4200      156         0
                cinit                              498A     498A       BC         0
                idataBANK3                         46D2     46D2      100         0
                idataBANK2                         557C     557C        4         0
                idataBANK1                         53A4     53A4       1F         0
                idataBIGRAM                        2904     2904      44C         0

        CLASS   CONST          

        CLASS   SMALLCONST     

        CLASS   MEDIUMCONST    
                mediumconst                        EA4E     EA4E     15B2         0

        CLASS   COMRAM         
                temp                                 5F       5F        1         1
                cstackCOMRAM                          1        1       5D         1
                bssCOMRAM                            5E       5E        1         1

        CLASS   ABS1           

        CLASS   BIGRAM         
                dataBIGRAM                          405      405      44C         1

        CLASS   RAM            

        CLASS   BANK0          
                cstackBANK0                          60       60       3D         1
                bssBANK0                             9D       9D       32         1

        CLASS   BANK1          
                cstackBANK1                         1BC      1BC       24         1
                dataBANK1                           1E0      1E0       1F         1
                bssBANK1                            100      100       BC         1

        CLASS   BANK2          
                cstackBANK2                         2B2      2B2       2C         1
                dataBANK2                           2DE      2DE        4         1
                bssBANK2                            200      200       B2         1

        CLASS   BANK3          
                dataBANK3                           300      300      100         1

        CLASS   BANK4          
                cstackBANK4                         400      400        5         1

        CLASS   BANK5          

        CLASS   BANK6          

        CLASS   BANK7          

        CLASS   BANK8          

        CLASS   BANK9          

        CLASS   BANK10         

        CLASS   BANK11         

        CLASS   BANK12         

        CLASS   BANK13         

        CLASS   BANK14         

        CLASS   BANK15         

        CLASS   SFR            

        CLASS   FARRAM         

        CLASS   CONFIG         
                config                           300000   300000        E         0

        CLASS   IDLOC          
                idloc                            200000   200000        8         0

        CLASS   EEDATA         



SEGMENTS        Name                           Load    Length   Top    Selector   Space  Class

                reset_vec                      000000  000004  000004         0       0  CODE    
                cstackCOMRAM                   000001  00005F  000060         1       1  COMRAM  
                intcode                        000008  000006  00000E         4       0  CODE    
                intcodelo                      000018  0053AB  0053C3         C       0  CODE    
                cstackBANK0                    000060  00006F  0000CF        60       1  BANK0   
                bssBANK1                       000100  0000FF  0001FF       100       1  BANK1   
                bssBANK2                       000200  0000E2  0002E2       200       1  BANK2   
                dataBANK3                      000300  000100  000400       300       1  BANK3   
                cstackBANK4                    000400  000005  000405       400       1  BANK4   
                dataBIGRAM                     000405  00044C  000851       405       1  BIGRAM  
                text4                          0053C4  0001BC  005580      29E2       0  CODE    
                mediumconst                    00EA4E  0015B2  010000      7527       0  MEDIUMCO
                idloc                          200000  000008  200008    200000       0  IDLOC   
                config                         300000  00000E  30000E    300000       0  CONFIG  


UNUSED ADDRESS RANGES

        Name                Unused          Largest block    Delta
        BANK0            0000CF-0000FF               31
        BANK1            0001FF-0001FF                1
        BANK10           000A00-000AFF              100
        BANK11           000B00-000BFF              100
        BANK12           000C00-000CFF              100
        BANK13           000D00-000DFF              100
        BANK14           000E00-000EFF              100
        BANK15           000F00-000F37               38
        BANK2            0002E2-0002FF               1E
        BANK8            000851-0008FF               AF
        BANK9            000900-0009FF              100
        BIGRAM           0000CF-0000FF               31
                         0001FF-0001FF                1
                         0002E2-0002FF               1E
                         000851-000F37              6E7
        CODE             000004-000007                4
                         00000E-000017                A
                         0053C3-0053C3                1
                         005580-00EA4D             94CE
        CONST            000004-000007                4
                         00000E-000017                A
                         0053C3-0053C3                1
                         005580-00EA4D             94CE
        EEDATA           F00000-F003FF              400
        MEDIUMCONST      0053C3-0053C3                1
                         005580-00EA4D             94CE
        RAM              0000CF-0000FF               31
                         0001FF-0001FF                1
                         0002E2-0002FF               1E
                         000851-000F37              100
        SFR              000F38-000FFF               28
        SMALLCONST       0053C3-0053C3                1
                         005580-00EA4D              100
        STACK            000851-000F37              6E7

                                  Symbol Table

?_Get_Timer0                                       cstackCOMRAM 000001
?_Get_Timer1                                       cstackCOMRAM 000001
?_Read_ADC                                         cstackBANK0  000091
?___awdiv                                          cstackBANK0  000097
?___fladd                                          cstackBANK0  000091
?___fldiv                                          cstackBANK1  0001CE
?___flmul                                          cstackBANK1  0001CE
?___flneg                                          cstackCOMRAM 000036
?___fltol                                          cstackBANK1  0001DA
?___lwdiv                                          cstackCOMRAM 000001
?___wmul                                           cstackBANK0  000091
?___xxtofl                                         cstackBANK1  0001C0
?i2_Read_ADC                                       cstackCOMRAM 000001
?i2___awdiv                                        cstackCOMRAM 000007
?i2___fladd                                        cstackCOMRAM 00003A
?i2___fldiv                                        cstackCOMRAM 00004E
?i2___flmul                                        cstackCOMRAM 00001D
?i2___fltol                                        cstackCOMRAM 00005A
?i2___wmul                                         cstackCOMRAM 000001
?i2___xxtofl                                       cstackCOMRAM 00000F
Get_Timer0@Data                                    cstackCOMRAM 000005
Get_Timer1@Data                                    cstackCOMRAM 000005
I2C_Leitura_Endereco@dado_i2c                      cstackCOMRAM 000004
I2C_Leitura_Endereco@end_i2c                       cstackCOMRAM 000005
I2C_Leitura_Endereco@endereco                      cstackCOMRAM 000003
I2C_Leitura_Multiplos_Endereco@cont                cstackBANK1  0001BD
I2C_Leitura_Multiplos_Endereco@cont_b              cstackBANK0  000093
I2C_Leitura_Multiplos_Endereco@end_i2c             cstackBANK1  0001BC
I2C_Leitura_Multiplos_Endereco@endereco            cstackBANK0  000094
I2C_Master_Escreve_Endereco@dado_i2c               cstackBANK0  000093
I2C_Master_Escreve_Endereco@end_i2c                cstackBANK0  000095
I2C_Master_Escreve_Endereco@end_master             cstackBANK0  000094
I2C_Master_Escreve_Multiplos_Endereco@buffer       cstackBANK0  000093
I2C_Master_Escreve_Multiplos_Endereco@cont         cstackBANK0  000098
I2C_Master_Escreve_Multiplos_Endereco@cont_b       cstackBANK0  000095
I2C_Master_Escreve_Multiplos_Endereco@end_i2c      cstackBANK0  000097
I2C_Master_Escreve_Multiplos_Endereco@end_master   cstackBANK0  000096
I2C_Transmite@dado_I2c                             cstackBANK0  000092
MASTER_SPI_WRITE1@dados                            cstackBANK4  000400
Read_ADC@channel                                   cstackBANK0  000094
Set_Timer0@data_timer                              cstackCOMRAM 000001
Set_Timer1@data_timer                              cstackCOMRAM 000001
Set_Timer3@data_timer                              cstackCOMRAM 000001
Spi_Write16@data                                   cstackBANK4  000401
_ADCON0bits                                        (abs)        000FC2
_ADCON1bits                                        (abs)        000FC1
_ADCON2bits                                        (abs)        000FC0
_ADRESH                                            (abs)        000FC4
_AD_Req                                            bssBANK1     00016C
_ANSELA                                            (abs)        000F38
_ANSELAbits                                        (abs)        000F38
_ANSELB                                            (abs)        000F39
_ANSELBbits                                        (abs)        000F39
_ANSELC                                            (abs)        000F3A
_ANSELD                                            (abs)        000F3B
_ANSELE                                            (abs)        000F3C
_ANSELEbits                                        (abs)        000F3C
_ANTref_vb                                         dataBANK1    0001EE
_ATUALref_vb                                       dataBANK1    0001F0
_Battery                                           bssBANK2     00025C
_Battery_ad_Read                                   text37       004C22
_Config_ADC                                        text11       0051A6
_Config_Int_Ext0                                   text10       005544
_Config_Timer0                                     text9        005452
_Config_Timer1                                     text8        00542A
_Config_Timer2                                     text7        005486
_Config_Timer3                                     text6        0053E0
_Configure_HW                                      text5        004FE6
_Flag_MarchaLenta                                  bssBANK1     000168
_Get_Timer0                                        text65       005364
_Get_Timer1                                        text76       005384
_I2C_ACK                                           text35       0054C0
_I2C_Leitura_Endereco                              text68       0051DA
_I2C_Leitura_Multiplos_Endereco                    text28       004A46
_I2C_Master_Escreve_Endereco                       text26       0050E8
_I2C_Master_Escreve_Multiplos_Endereco             text25       004EAE
_I2C_Master_Init                                   text4        0053C4
_I2C_Master_RepeatedStart                          text34       00555C
_I2C_Master_Start                                  text33       005554
_I2C_Master_Stop                                   text32       00554C
_I2C_Master_Wait                                   text36       00543E
_I2C_NACK                                          text31       0054B2
_I2C_Recebe                                        text30       0054A4
_I2C_Testa_ACK                                     text27       0054F8
_I2C_Transmite                                     text29       005496
_INTCON2bits                                       (abs)        000FF1
_INTCONbits                                        (abs)        000FF2
_KIlambda                                          dataBANK1    0001E0
_KPlambda                                          dataBANK1    0001E8
_Ki_rpm                                            mediumconst  00FFF7
_Kp_inj                                            mediumconst  00FFFB
_Kp_rpm                                            bssBANK2     000244
_Kref1_rpm                                         bssBANK2     000240
_Kref2_rpm                                         bssBANK2     00023C
_LATAbits                                          (abs)        000F89
_LATBbits                                          (abs)        000F8A
_LATCbits                                          (abs)        000F8B
_LATDbits                                          (abs)        000F8C
_LATEbits                                          (abs)        000F8D
_Low_Isr                                           intcodelo    000018
_Low_Isr$3197                                      cstackBANK2  0002DA
_MASTER_SPI_WRITE1                                 text2        00551C
_Max_Control                                       dataBANK1    0001F9
_Min_Control                                       dataBANK1    0001E4
_OffSet_refRPM                                     bssBANK1     0001B1
_PIE1bits                                          (abs)        000F9D
_PIE2bits                                          (abs)        000FA0
_PIR1bits                                          (abs)        000F9E
_PIR2bits                                          (abs)        000FA1
_PORTBbits                                         (abs)        000F81
_PR2                                               (abs)        000FBB
_RCONbits                                          (abs)        000FD0
_Read_ADC                                          text39       00520E
_Rlambda                                           bssBANK1     000140
_SPI_MASTER1                                       text3        005476
_SSP1BUF                                           (abs)        000FC9
_SSP1CON1                                          (abs)        000FC6
_SSP1STAT                                          (abs)        000FC7
_SSP1STATbits                                      (abs)        000FC7
_SSP2ADD                                           (abs)        000F6E
_SSP2BUF                                           (abs)        000F6F
_SSP2CON1                                          (abs)        000F6C
_SSP2CON2                                          (abs)        000F6B
_SSP2CON2bits                                      (abs)        000F6B
_SSP2STAT                                          (abs)        000F6D
_SSP2STATbits                                      (abs)        000F6D
_Send_i2c                                          bssBANK1     00016A
_Set_Timer0                                        text64       005530
_Set_Timer1                                        text67       00553A
_Set_Timer3                                        text63       005526
_Spi_Write16                                       text1        0053FA
_T0CONbits                                         (abs)        000FD5
_T1CONbits                                         (abs)        000FCD
_T2CONbits                                         (abs)        000FBA
_T3CONbits                                         (abs)        000FB1
_T4CONbits                                         (abs)        000F51
_T5CONbits                                         (abs)        000F4E
_T6CONbits                                         (abs)        000F4A
_TMR0H                                             (abs)        000FD7
_TMR0IP                                            (abs)        007F8A
_TMR0L                                             (abs)        000FD6
_TMR1H                                             (abs)        000FCF
_TMR1IP                                            (abs)        007CF8
_TMR1L                                             (abs)        000FCE
_TMR2                                              (abs)        000FBC
_TMR2IP                                            (abs)        007CF9
_TMR3H                                             (abs)        000FB3
_TMR3IE                                            (abs)        007D01
_TMR3IP                                            (abs)        007D11
_TMR3L                                             (abs)        000FB2
_TMR4                                              (abs)        000F53
_TMR4IP                                            (abs)        007BF8
_TMR5H                                             (abs)        000F50
_TMR5IE                                            (abs)        007BE9
_TMR5L                                             (abs)        000F4F
_TMR6                                              (abs)        000F4C
_TRISA                                             (abs)        000F92
_TRISA5                                            (abs)        007C95
_TRISB                                             (abs)        000F93
_TRISB0                                            (abs)        007C98
_TRISB1                                            (abs)        007C99
_TRISB2                                            (abs)        007C9A
_TRISC                                             (abs)        000F94
_TRISC3                                            (abs)        007CA3
_TRISC4                                            (abs)        007CA4
_TRISC5                                            (abs)        007CA5
_TRISD                                             (abs)        000F95
_TRISD0                                            (abs)        007CA8
_TRISD1                                            (abs)        007CA9
_TRISD3                                            (abs)        007CAB
_TRISD4                                            (abs)        007CAC
_TRISDbits                                         (abs)        000F95
_TRISE                                             (abs)        000F96
_Ts                                                bssBANK1     000154
_UI_ant                                            bssBANK1     000144
_U_I                                               bssBANK1     000148
_U_P                                               bssBANK1     00014C
_VarTest                                           bssBANK2     000270
_VetBat                                            dataBIGRAM   000405
_Vet_TempAg                                        dataBANK3    000300
_Vet_TempAr                                        dataBIGRAM   000651
_VoltBattery                                       bssBANK0     0000C4
__CFG_BOREN$OFF                                    (abs)        000000
__CFG_CP0$OFF                                      (abs)        000000
__CFG_CP1$OFF                                      (abs)        000000
__CFG_CPB$OFF                                      (abs)        000000
__CFG_CPD$OFF                                      (abs)        000000
__CFG_EBTR0$OFF                                    (abs)        000000
__CFG_EBTR1$OFF                                    (abs)        000000
__CFG_EBTRB$OFF                                    (abs)        000000
__CFG_FCMEN$OFF                                    (abs)        000000
__CFG_FOSC$HSHP                                    (abs)        000000
__CFG_IESO$OFF                                     (abs)        000000
__CFG_LVP$OFF                                      (abs)        000000
__CFG_PLLCFG$ON                                    (abs)        000000
__CFG_STVREN$OFF                                   (abs)        000000
__CFG_WDTEN$OFF                                    (abs)        000000
__CFG_WDTPS$32768                                  (abs)        000000
__CFG_WRT0$OFF                                     (abs)        000000
__CFG_WRT1$OFF                                     (abs)        000000
__CFG_WRTB$OFF                                     (abs)        000000
__CFG_WRTC$OFF                                     (abs)        000000
__CFG_WRTD$OFF                                     (abs)        000000
__CFG_XINST$OFF                                    (abs)        000000
__HRAM                                             (abs)        000000
__Habs1                                            abs1         000000
__Hbank0                                           bank0        000000
__Hbank1                                           bank1        000000
__Hbank10                                          bank10       000000
__Hbank11                                          bank11       000000
__Hbank12                                          bank12       000000
__Hbank13                                          bank13       000000
__Hbank14                                          bank14       000000
__Hbank15                                          bank15       000000
__Hbank2                                           bank2        000000
__Hbank3                                           bank3        000000
__Hbank4                                           bank4        000000
__Hbank5                                           bank5        000000
__Hbank6                                           bank6        000000
__Hbank7                                           bank7        000000
__Hbank8                                           bank8        000000
__Hbank9                                           bank9        000000
__Hbigbss                                          bigbss       000000
__Hbigdata                                         bigdata      000000
__Hbigram                                          bigram       000000
__Hbss                                             bss          000000
__HbssBANK0                                        bssBANK0     000000
__HbssBANK1                                        bssBANK1     000000
__HbssBANK2                                        bssBANK2     000000
__HbssCOMRAM                                       bssCOMRAM    000000
__Hcinit                                           cinit        000000
__Hclrtext                                         clrtext      000000
__Hcomram                                          comram       000000
__Hconfig                                          config       30000E
__Hconst                                           const        000000
__HcstackBANK0                                     cstackBANK0  000000
__HcstackBANK1                                     cstackBANK1  000000
__HcstackBANK2                                     cstackBANK2  000000
__HcstackBANK3                                     cstackBANK3  000000
__HcstackBANK4                                     cstackBANK4  000000
__HcstackCOMRAM                                    cstackCOMRAM 000000
__Hdata                                            data         000000
__HdataBANK1                                       dataBANK1    000000
__HdataBANK2                                       dataBANK2    000000
__HdataBANK3                                       dataBANK3    000000
__HdataBIGRAM                                      dataBIGRAM   000000
__Heeprom_data                                     eeprom_data  000000
__Hfarbss                                          farbss       000000
__Hfardata                                         fardata      000000
__Hibigdata                                        ibigdata     000000
__Hidata                                           idata        000000
__HidataBANK1                                      idataBANK1   000000
__HidataBANK2                                      idataBANK2   000000
__HidataBANK3                                      idataBANK3   000000
__HidataBIGRAM                                     idataBIGRAM  000000
__Hidloc                                           idloc        200008
__Hifardata                                        ifardata     000000
__Hinit                                            init         0008CA
__Hintcode                                         intcode      00000E
__Hintcode_body                                    intcode_body 000000
__Hintcodelo                                       intcodelo    0008C6
__Hintentry                                        intentry     000000
__Hintret                                          intret       000000
__Hintsave_regs                                    intsave_regs 000000
__Hirdata                                          irdata       000000
__Hmediumconst                                     mediumconst  010000
__HnvFARRAM                                        nvFARRAM     000000
__Hnvbit                                           nvbit        000000
__Hnvrram                                          nvrram       000000
__Hparam                                           rparam       000000
__Hpowerup                                         powerup      0008C6
__Hram                                             ram          000000
__Hramtop                                          ramtop       001000
__Hrbit                                            rbit         000000
__Hrbss                                            rbss         000000
__Hrdata                                           rdata        000000
__Hreset_vec                                       reset_vec    000004
__Hrparam                                          rparam       000000
__Hsfr                                             sfr          000000
__Hsmallconst                                      smallconst   000000
__Hspace_0                                         (abs)        30000E
__Hspace_1                                         (abs)        000851
__Hspace_2                                         (abs)        000000
__Hstack                                           stack        000000
__Hstruct                                          struct       000000
__Htemp                                            temp         000060
__Htext                                            text         000000
__Htext0                                           text0        000000
__Htext1                                           text1        000000
__Htext10                                          text10       000000
__Htext11                                          text11       000000
__Htext13                                          text13       000000
__Htext14                                          text14       000000
__Htext15                                          text15       000000
__Htext16                                          text16       000000
__Htext17                                          text17       000000
__Htext18                                          text18       000000
__Htext19                                          text19       000000
__Htext2                                           text2        000000
__Htext20                                          text20       000000
__Htext21                                          text21       000000
__Htext22                                          text22       000000
__Htext23                                          text23       000000
__Htext24                                          text24       000000
__Htext25                                          text25       000000
__Htext26                                          text26       000000
__Htext27                                          text27       000000
__Htext28                                          text28       000000
__Htext29                                          text29       000000
__Htext3                                           text3        000000
__Htext30                                          text30       000000
__Htext31                                          text31       000000
__Htext32                                          text32       000000
__Htext33                                          text33       000000
__Htext34                                          text34       000000
__Htext35                                          text35       000000
__Htext36                                          text36       000000
__Htext37                                          text37       000000
__Htext38                                          text38       000000
__Htext39                                          text39       000000
__Htext4                                           text4        000000
__Htext41                                          text41       000000
__Htext42                                          text42       000000
__Htext43                                          text43       000000
__Htext44                                          text44       000000
__Htext45                                          text45       000000
__Htext46                                          text46       000000
__Htext47                                          text47       000000
__Htext48                                          text48       000000
__Htext49                                          text49       000000
__Htext5                                           text5        000000
__Htext50                                          text50       000000
__Htext51                                          text51       000000
__Htext52                                          text52       000000
__Htext53                                          text53       000000
__Htext54                                          text54       000000
__Htext55                                          text55       000000
__Htext56                                          text56       000000
__Htext57                                          text57       000000
__Htext58                                          text58       000000
__Htext59                                          text59       000000
__Htext6                                           text6        000000
__Htext60                                          text60       000000
__Htext61                                          text61       000000
__Htext62                                          text62       000000
__Htext63                                          text63       000000
__Htext64                                          text64       000000
__Htext65                                          text65       000000
__Htext66                                          text66       000000
__Htext67                                          text67       000000
__Htext68                                          text68       000000
__Htext69                                          text69       000000
__Htext7                                           text7        000000
__Htext70                                          text70       000000
__Htext71                                          text71       000000
__Htext72                                          text72       000000
__Htext73                                          text73       000000
__Htext74                                          text74       000000
__Htext75                                          text75       000000
__Htext76                                          text76       000000
__Htext8                                           text8        000000
__Htext9                                           text9        000000
__LRAM                                             (abs)        000001
__Labs1                                            abs1         000000
__Lbank0                                           bank0        000000
__Lbank1                                           bank1        000000
__Lbank10                                          bank10       000000
__Lbank11                                          bank11       000000
__Lbank12                                          bank12       000000
__Lbank13                                          bank13       000000
__Lbank14                                          bank14       000000
__Lbank15                                          bank15       000000
__Lbank2                                           bank2        000000
__Lbank3                                           bank3        000000
__Lbank4                                           bank4        000000
__Lbank5                                           bank5        000000
__Lbank6                                           bank6        000000
__Lbank7                                           bank7        000000
__Lbank8                                           bank8        000000
__Lbank9                                           bank9        000000
__Lbigbss                                          bigbss       000000
__Lbigdata                                         bigdata      000000
__Lbigram                                          bigram       000000
__Lbss                                             bss          000000
__LbssBANK0                                        bssBANK0     000000
__LbssBANK1                                        bssBANK1     000000
__LbssBANK2                                        bssBANK2     000000
__LbssCOMRAM                                       bssCOMRAM    000000
__Lcinit                                           cinit        000000
__Lclrtext                                         clrtext      000000
__Lcomram                                          comram       000000
__Lconfig                                          config       300000
__Lconst                                           const        000000
__LcstackBANK0                                     cstackBANK0  000000
__LcstackBANK1                                     cstackBANK1  000000
__LcstackBANK2                                     cstackBANK2  000000
__LcstackBANK3                                     cstackBANK3  000000
__LcstackBANK4                                     cstackBANK4  000000
__LcstackCOMRAM                                    cstackCOMRAM 000000
__Ldata                                            data         000000
__LdataBANK1                                       dataBANK1    000000
__LdataBANK2                                       dataBANK2    000000
__LdataBANK3                                       dataBANK3    000000
__LdataBIGRAM                                      dataBIGRAM   000000
__Leeprom_data                                     eeprom_data  000000
__Lfarbss                                          farbss       000000
__Lfardata                                         fardata      000000
__Libigdata                                        ibigdata     000000
__Lidata                                           idata        000000
__LidataBANK1                                      idataBANK1   000000
__LidataBANK2                                      idataBANK2   000000
__LidataBANK3                                      idataBANK3   000000
__LidataBIGRAM                                     idataBIGRAM  000000
__Lidloc                                           idloc        200000
__Lifardata                                        ifardata     000000
__Linit                                            init         0008C6
__Lintcode                                         intcode      000008
__Lintcode_body                                    intcode_body 000000
__Lintcodelo                                       intcodelo    000018
__Lintentry                                        intentry     000000
__Lintret                                          intret       000000
__Lintsave_regs                                    intsave_regs 000000
__Lirdata                                          irdata       000000
__Lmediumconst                                     mediumconst  00EA4E
__LnvFARRAM                                        nvFARRAM     000000
__Lnvbit                                           nvbit        000000
__Lnvrram                                          nvrram       000000
__Lparam                                           rparam       000000
__Lpowerup                                         powerup      0008C6
__Lram                                             ram          000000
__Lramtop                                          ramtop       001000
__Lrbit                                            rbit         000000
__Lrbss                                            rbss         000000
__Lrdata                                           rdata        000000
__Lreset_vec                                       reset_vec    000000
__Lrparam                                          rparam       000000
__Lsfr                                             sfr          000000
__Lsmallconst                                      smallconst   000000
__Lspace_0                                         (abs)        000000
__Lspace_1                                         (abs)        000000
__Lspace_2                                         (abs)        000000
__Lstack                                           stack        000000
__Lstruct                                          struct       000000
__Ltemp                                            temp         00005F
__Ltext                                            text         000000
__Ltext0                                           text0        000000
__Ltext1                                           text1        000000
__Ltext10                                          text10       000000
__Ltext11                                          text11       000000
__Ltext13                                          text13       000000
__Ltext14                                          text14       000000
__Ltext15                                          text15       000000
__Ltext16                                          text16       000000
__Ltext17                                          text17       000000
__Ltext18                                          text18       000000
__Ltext19                                          text19       000000
__Ltext2                                           text2        000000
__Ltext20                                          text20       000000
__Ltext21                                          text21       000000
__Ltext22                                          text22       000000
__Ltext23                                          text23       000000
__Ltext24                                          text24       000000
__Ltext25                                          text25       000000
__Ltext26                                          text26       000000
__Ltext27                                          text27       000000
__Ltext28                                          text28       000000
__Ltext29                                          text29       000000
__Ltext3                                           text3        000000
__Ltext30                                          text30       000000
__Ltext31                                          text31       000000
__Ltext32                                          text32       000000
__Ltext33                                          text33       000000
__Ltext34                                          text34       000000
__Ltext35                                          text35       000000
__Ltext36                                          text36       000000
__Ltext37                                          text37       000000
__Ltext38                                          text38       000000
__Ltext39                                          text39       000000
__Ltext4                                           text4        000000
__Ltext41                                          text41       000000
__Ltext42                                          text42       000000
__Ltext43                                          text43       000000
__Ltext44                                          text44       000000
__Ltext45                                          text45       000000
__Ltext46                                          text46       000000
__Ltext47                                          text47       000000
__Ltext48                                          text48       000000
__Ltext49                                          text49       000000
__Ltext5                                           text5        000000
__Ltext50                                          text50       000000
__Ltext51                                          text51       000000
__Ltext52                                          text52       000000
__Ltext53                                          text53       000000
__Ltext54                                          text54       000000
__Ltext55                                          text55       000000
__Ltext56                                          text56       000000
__Ltext57                                          text57       000000
__Ltext58                                          text58       000000
__Ltext59                                          text59       000000
__Ltext6                                           text6        000000
__Ltext60                                          text60       000000
__Ltext61                                          text61       000000
__Ltext62                                          text62       000000
__Ltext63                                          text63       000000
__Ltext64                                          text64       000000
__Ltext65                                          text65       000000
__Ltext66                                          text66       000000
__Ltext67                                          text67       000000
__Ltext68                                          text68       000000
__Ltext69                                          text69       000000
__Ltext7                                           text7        000000
__Ltext70                                          text70       000000
__Ltext71                                          text71       000000
__Ltext72                                          text72       000000
__Ltext73                                          text73       000000
__Ltext74                                          text74       000000
__Ltext75                                          text75       000000
__Ltext76                                          text76       000000
__Ltext8                                           text8        000000
__Ltext9                                           text9        000000
__S0                                               (abs)        30000E
__S1                                               (abs)        000851
__S2                                               (abs)        000000
___awdiv                                           text21       0048CC
___awdiv@counter                                   cstackBANK1  0001BC
___awdiv@dividend                                  cstackBANK0  000097
___awdiv@divisor                                   cstackBANK0  000099
___awdiv@quotient                                  cstackBANK1  0001BE
___awdiv@sign                                      cstackBANK1  0001BD
___fladd                                           text15       001FB6
___fladd@a                                         cstackBANK0  000095
___fladd@aexp                                      cstackBANK0  00009A
___fladd@b                                         cstackBANK0  000091
___fladd@bexp                                      cstackBANK0  00009B
___fladd@grs                                       cstackBANK0  00009C
___fladd@signs                                     cstackBANK0  000099
___fldiv                                           text24       00311A
___fldiv@a                                         cstackBANK1  0001D2
___fldiv@aexp                                      cstackBANK2  0002BE
___fldiv@b                                         cstackBANK1  0001CE
___fldiv@bexp                                      cstackBANK2  0002BD
___fldiv@grs                                       cstackBANK2  0002B9
___fldiv@new_exp                                   cstackBANK2  0002B7
___fldiv@rem                                       cstackBANK2  0002B3
___fldiv@sign                                      cstackBANK2  0002B2
___flge                                            text38       004070
___flge@ff1                                        cstackBANK1  0001CE
___flge@ff2                                        cstackBANK1  0001D2
___flmul                                           text23       00245E
___flmul@a                                         cstackBANK1  0001D2
___flmul@aexp                                      cstackBANK2  0002B3
___flmul@b                                         cstackBANK1  0001CE
___flmul@bexp                                      cstackBANK2  0002B8
___flmul@grs                                       cstackBANK2  0002B4
___flmul@prod                                      cstackBANK2  0002B9
___flmul@sign                                      cstackBANK2  0002B2
___flmul@temp                                      cstackBANK2  0002BD
___flneg                                           text61       005270
___flneg@f1                                        cstackCOMRAM 000036
___fltol                                           text14       0045C6
___fltol@exp1                                      cstackBANK1  0001DF
___fltol@f1                                        cstackBANK1  0001DA
___fltol@sign1                                     cstackBANK1  0001DE
___inthi_sp                                        stack        000000
___intlo_sp                                        stack        000000
___lwdiv                                           text66       005096
___lwdiv@counter                                   cstackCOMRAM 000007
___lwdiv@dividend                                  cstackCOMRAM 000001
___lwdiv@divisor                                   cstackCOMRAM 000003
___lwdiv@quotient                                  cstackCOMRAM 000005
___param_bank                                      (abs)        000000
___rparam_used                                     (abs)        000001
___sp                                              stack        000000
___wmul                                            text20       005170
___wmul@multiplicand                               cstackBANK0  000093
___wmul@multiplier                                 cstackBANK0  000091
___wmul@product                                    cstackBANK0  000095
___xxtofl                                          text19       003EA2
___xxtofl@arg                                      cstackBANK1  0001CA
___xxtofl@exp                                      cstackBANK1  0001C9
___xxtofl@sign                                     cstackBANK1  0001C8
___xxtofl@val                                      cstackBANK1  0001C0
__accesstop                                        (abs)        000060
__activetblptr                                     (abs)        000002
__end_of_Battery_ad_Read                           text37       004CAC
__end_of_Config_ADC                                text11       0051DA
__end_of_Config_Int_Ext0                           text10       00554C
__end_of_Config_Timer0                             text9        005464
__end_of_Config_Timer1                             text8        00543E
__end_of_Config_Timer2                             text7        005496
__end_of_Config_Timer3                             text6        0053FA
__end_of_Configure_HW                              text5        00503E
__end_of_Get_Timer0                                text65       005384
__end_of_Get_Timer1                                text76       0053A4
__end_of_I2C_ACK                                   text35       0054CE
__end_of_I2C_Leitura_Endereco                      text68       00520E
__end_of_I2C_Leitura_Multiplos_Endereco            text28       004AFC
__end_of_I2C_Master_Escreve_Endereco               text26       005130
__end_of_I2C_Master_Escreve_Multiplos_Endereco     text25       004F22
__end_of_I2C_Master_Init                           text4        0053E0
__end_of_I2C_Master_RepeatedStart                  text34       005564
__end_of_I2C_Master_Start                          text33       00555C
__end_of_I2C_Master_Stop                           text32       005554
__end_of_I2C_Master_Wait                           text36       005452
__end_of_I2C_NACK                                  text31       0054C0
__end_of_I2C_Recebe                                text30       0054B2
__end_of_I2C_Testa_ACK                             text27       005504
__end_of_I2C_Transmite                             text29       0054A4
__end_of_Ki_rpm                                    mediumconst  00FFFB
__end_of_Kp_inj                                    mediumconst  00FFFF
__end_of_Low_Isr                                   intcodelo    0008C6
__end_of_MASTER_SPI_WRITE1                         text2        005526
__end_of_Read_ADC                                  text39       005240
__end_of_SPI_MASTER1                               text3        005486
__end_of_Set_Timer0                                text64       00553A
__end_of_Set_Timer1                                text67       005544
__end_of_Set_Timer3                                text63       005530
__end_of_Spi_Write16                               text1        005412
__end_of___awdiv                                   text21       00498A
__end_of___fladd                                   text15       00245E
__end_of___fldiv                                   text24       0034DA
__end_of___flge                                    text38       004200
__end_of___flmul                                   text23       002904
__end_of___flneg                                   text61       00529E
__end_of___fltol                                   text14       0046D2
__end_of___lwdiv                                   text66       0050E8
__end_of___wmul                                    text20       0051A6
__end_of___xxtofl                                  text19       004070
__end_of__initialization                           cinit        004A38
__end_of_conta_dente                               text62       005096
__end_of_control_lambda                            text54       00311A
__end_of_high_isr                                  intcode_body 001FB6
__end_of_ig_refGOL                                 mediumconst  00F49F
__end_of_ig_refGOL_Alcool                          mediumconst  00FEEF
__end_of_ij_ref                                    mediumconst  00FFF7
__end_of_lambda_Read                               text22       00531A
__end_of_main                                      text0        004356
__end_of_map_ad_Read                               text18       004EAE
__end_of_pedal_ad_Read                             text17       00542A
__end_of_t_agua_ad_Read                            text16       005270
__end_of_t_ar_ad_Read                              text13       004B92
__end_ofi2_Battery_ad_Read                         text52       004DB4
__end_ofi2_I2C_ACK                                 text51       0054DC
__end_ofi2_I2C_Leitura_Multiplos_Endereco          text50       004D30
__end_ofi2_I2C_Master_Escreve_Endereco             text48       005170
__end_ofi2_I2C_Master_Escreve_Multiplos_Endereco   text47       004FE6
__end_ofi2_I2C_Master_RepeatedStart                text74       00557C
__end_ofi2_I2C_Master_Start                        text73       005574
__end_ofi2_I2C_Master_Stop                         text72       00556C
__end_ofi2_I2C_Master_Wait                         text75       005476
__end_ofi2_I2C_NACK                                text71       0054F8
__end_ofi2_I2C_Recebe                              text70       0054EA
__end_ofi2_I2C_Testa_ACK                           text49       005510
__end_ofi2_I2C_Transmite                           text69       00551C
__end_ofi2_Read_ADC                                text53       0052F4
__end_ofi2___awdiv                                 text60       004E38
__end_ofi2___fladd                                 text59       003EA2
__end_ofi2___fldiv                                 text58       003B66
__end_ofi2___flge                                  text57       0045C6
__end_ofi2___flmul                                 text56       00382A
__end_ofi2___fltol                                 text42       0048CC
__end_ofi2___wmul                                  text45       005340
__end_ofi2___xxtofl                                text55       0044A6
__end_ofi2_lambda_Read                             text46       005364
__end_ofi2_map_ad_Read                             text44       004F86
__end_ofi2_t_agua_ad_Read                          text43       0052CA
__end_ofi2_t_ar_ad_Read                            text41       004C22
__initialization                                   cinit        00498A
__mediumconst                                      mediumconst  00EA4E
__pbssBANK0                                        bssBANK0     00009D
__pbssBANK1                                        bssBANK1     000100
__pbssBANK2                                        bssBANK2     000200
__pbssCOMRAM                                       bssCOMRAM    00005E
__pcinit                                           cinit        00498A
__pcstackBANK0                                     cstackBANK0  000060
__pcstackBANK1                                     cstackBANK1  0001BC
__pcstackBANK2                                     cstackBANK2  0002B2
__pcstackBANK3                                     cstackBANK3  000000
__pcstackBANK4                                     cstackBANK4  000400
__pcstackCOMRAM                                    cstackCOMRAM 000001
__pdataBANK1                                       dataBANK1    0001E0
__pdataBANK2                                       dataBANK2    0002DE
__pdataBANK3                                       dataBANK3    000300
__pdataBIGRAM                                      dataBIGRAM   000405
__pidataBANK1                                      idataBANK1   0053A4
__pidataBANK2                                      idataBANK2   00557C
__pidataBANK3                                      idataBANK3   0046D2
__pidataBIGRAM                                     idataBIGRAM  002904
__pintcode                                         intcode      000008
__pintcode_body                                    intcode_body 0008CA
__pintcodelo                                       intcodelo    000018
__pmediumconst                                     mediumconst  00EA4E
__ptext0                                           text0        004200
__ptext1                                           text1        0053FA
__ptext10                                          text10       005544
__ptext11                                          text11       0051A6
__ptext13                                          text13       004AFC
__ptext14                                          text14       0045C6
__ptext15                                          text15       001FB6
__ptext16                                          text16       005240
__ptext17                                          text17       005412
__ptext18                                          text18       004E38
__ptext19                                          text19       003EA2
__ptext2                                           text2        00551C
__ptext20                                          text20       005170
__ptext21                                          text21       0048CC
__ptext22                                          text22       0052F4
__ptext23                                          text23       00245E
__ptext24                                          text24       00311A
__ptext25                                          text25       004EAE
__ptext26                                          text26       0050E8
__ptext27                                          text27       0054F8
__ptext28                                          text28       004A46
__ptext29                                          text29       005496
__ptext3                                           text3        005476
__ptext30                                          text30       0054A4
__ptext31                                          text31       0054B2
__ptext32                                          text32       00554C
__ptext33                                          text33       005554
__ptext34                                          text34       00555C
__ptext35                                          text35       0054C0
__ptext36                                          text36       00543E
__ptext37                                          text37       004C22
__ptext38                                          text38       004070
__ptext39                                          text39       00520E
__ptext4                                           text4        0053C4
__ptext41                                          text41       004B92
__ptext42                                          text42       0047D2
__ptext43                                          text43       00529E
__ptext44                                          text44       004F22
__ptext45                                          text45       00531A
__ptext46                                          text46       005340
__ptext47                                          text47       004F86
__ptext48                                          text48       005130
__ptext49                                          text49       005504
__ptext5                                           text5        004FE6
__ptext50                                          text50       004CAC
__ptext51                                          text51       0054CE
__ptext52                                          text52       004D30
__ptext53                                          text53       0052CA
__ptext54                                          text54       002D50
__ptext55                                          text55       004356
__ptext56                                          text56       0034DA
__ptext57                                          text57       0044A6
__ptext58                                          text58       00382A
__ptext59                                          text59       003B66
__ptext6                                           text6        0053E0
__ptext60                                          text60       004DB4
__ptext61                                          text61       005270
__ptext62                                          text62       00503E
__ptext63                                          text63       005526
__ptext64                                          text64       005530
__ptext65                                          text65       005364
__ptext66                                          text66       005096
__ptext67                                          text67       00553A
__ptext68                                          text68       0051DA
__ptext69                                          text69       005510
__ptext7                                           text7        005486
__ptext70                                          text70       0054DC
__ptext71                                          text71       0054EA
__ptext72                                          text72       005564
__ptext73                                          text73       00556C
__ptext74                                          text74       005574
__ptext75                                          text75       005464
__ptext76                                          text76       005384
__ptext8                                           text8        00542A
__ptext9                                           text9        005452
__ramtop                                           ramtop       001000
__size_of_Battery_ad_Read                          (abs)        000000
__size_of_Config_ADC                               (abs)        000000
__size_of_Config_Int_Ext0                          (abs)        000000
__size_of_Config_Timer0                            (abs)        000000
__size_of_Config_Timer1                            (abs)        000000
__size_of_Config_Timer2                            (abs)        000000
__size_of_Config_Timer3                            (abs)        000000
__size_of_Configure_HW                             (abs)        000000
__size_of_Get_Timer0                               (abs)        000000
__size_of_Get_Timer1                               (abs)        000000
__size_of_I2C_ACK                                  (abs)        000000
__size_of_I2C_Leitura_Endereco                     (abs)        000000
__size_of_I2C_Leitura_Multiplos_Endereco           (abs)        000000
__size_of_I2C_Master_Escreve_Endereco              (abs)        000000
[...]
      Totals:         2       0       0       0       0       0       0       0       0       0       0       0       0       0       0       0       0
Total ram usage:        2 bytes
 Hardware stack levels used:    1
 This function calls:
		Nothing
 This function is called by:
		_high_isr
 This function uses a non-reentrant model


 *************** function _I2C_Leitura_Endereco *****************
 Defined at:
		line 218 in file "ConfigI2c.c"
 Parameters:    Size  Location     Type
  end_i2c         1    wreg     unsigned char 
  endereco        1    2[COMRAM] unsigned char 
 Auto vars:     Size  Location     Type
  end_i2c         1    4[COMRAM] unsigned char 
  dado_i2c        1    3[COMRAM] unsigned char 
 Return value:  Size  Location     Type
                  1    wreg      unsigned char 
 Registers used:
		wreg, status,2, status,0, cstack
 Tracked objects:
		On entry : 
		On exit  : 
		Unchanged: 
 Data sizes:     COMRAM   BANK0   BANK1   BANK2   BANK3   BANK4   BANK5   BANK6   BANK7   BANK8   BANK9  BANK10  BANK11  BANK12  BANK13  BANK14  BANK15
      Params:         1       0       0       0       0       0       0       0       0       0       0       0       0       0       0       0       0
      Locals:         2       0       0       0       0       0       0       0       0       0       0       0       0       0       0       0       0
      Temps:          0       0       0       0       0       0       0       0       0       0       0       0       0       0       0       0       0
      Totals:         3       0       0       0       0       0       0       0       0       0       0       0       0       0       0       0       0
Total ram usage:        3 bytes
 Hardware stack levels used:    1
 Hardware stack levels required when called:    2
 This function calls:
		i2_I2C_Master_RepeatedStart
		i2_I2C_Master_Start
		i2_I2C_Master_Stop
		i2_I2C_NACK
		i2_I2C_Recebe
		i2_I2C_Transmite
 This function is called by:
		_high_isr
 This function uses a non-reentrant model


 *************** function i2_I2C_Transmite *****************
 Defined at:
		line 71 in file "ConfigI2c.c"
 Parameters:    Size  Location     Type
  dado_I2c        1    wreg     unsigned char 
 Auto vars:     Size  Location     Type
  dado_I2c        1    1[COMRAM] unsigned char 
 Return value:  Size  Location     Type
                  1    wreg      void 
 Registers used:
		wreg, status,2, status,0, cstack
 Tracked objects:
		On entry : 
		On exit  : 
		Unchanged: 
 Data sizes:     COMRAM   BANK0   BANK1   BANK2   BANK3   BANK4   BANK5   BANK6   BANK7   BANK8   BANK9  BANK10  BANK11  BANK12  BANK13  BANK14  BANK15
      Params:         0       0       0       0       0       0       0       0       0       0       0       0       0       0       0       0       0
      Locals:         1       0       0       0       0       0       0       0       0       0       0       0       0       0       0       0       0
      Temps:          0       0       0       0       0       0       0       0       0       0       0       0       0       0       0       0       0
      Totals:         1       0       0       0       0       0       0       0       0       0       0       0       0       0       0       0       0
Total ram usage:        1 bytes
 Hardware stack levels used:    1
 Hardware stack levels required when called:    1
 This function calls:
		i2_I2C_Master_Wait
 This function is called by:
		_I2C_Leitura_Endereco
		i2_I2C_Leitura_Multiplos_Endereco
		i2_I2C_Master_Escreve_Endereco
		i2_I2C_Master_Escreve_Multiplos_Endereco
 This function uses a non-reentrant model


 *************** function i2_I2C_Recebe *****************
 Defined at:
		line 85 in file "ConfigI2c.c"
 Parameters:    Size  Location     Type
		None
 Auto vars:     Size  Location     Type
		None
 Return value:  Size  Location     Type
                  1    wreg      unsigned char 
 Registers used:
		wreg, status,2, status,0, cstack
 Tracked objects:
		On entry : 
		On exit  : 
		Unchanged: 
 Data sizes:     COMRAM   BANK0   BANK1   BANK2   BANK3   BANK4   BANK5   BANK6   BANK7   BANK8   BANK9  BANK10  BANK11  BANK12  BANK13  BANK14  BANK15
      Params:         0       0       0       0       0       0       0       0       0       0       0       0       0       0       0       0       0
      Locals:         0       0       0       0       0       0       0       0       0       0       0       0       0       0       0       0       0
      Temps:          0       0       0       0       0       0       0       0       0       0       0       0       0       0       0       0       0
      Totals:         0       0       0       0       0       0       0       0       0       0       0       0       0       0       0       0       0
Total ram usage:        0 bytes
 Hardware stack levels used:    1
 Hardware stack levels required when called:    1
 This function calls:
		i2_I2C_Master_Wait
 This function is called by:
		_I2C_Leitura_Endereco
		i2_I2C_Leitura_Multiplos_Endereco
 This function uses a non-reentrant model


 *************** function i2_I2C_NACK *****************
 Defined at:
		line 102 in file "ConfigI2c.c"
 Parameters:    Size  Location     Type
		None
 Auto vars:     Size  Location     Type
		None
 Return value:  Size  Location     Type
                  1    wreg      void 
 Registers used:
		wreg, status,2, status,0, cstack
 Tracked objects:
		On entry : 
		On exit  : 
		Unchanged: 
 Data sizes:     COMRAM   BANK0   BANK1   BANK2   BANK3   BANK4   BANK5   BANK6   BANK7   BANK8   BANK9  BANK10  BANK11  BANK12  BANK13  BANK14  BANK15
      Params:         0       0       0       0       0       0       0       0       0       0       0       0       0       0       0       0       0
      Locals:         0       0       0       0       0       0       0       0       0       0       0       0       0       0       0       0       0
      Temps:          0       0       0       0       0       0       0       0       0       0       0       0       0       0       0       0       0
      Totals:         0       0       0       0       0       0       0       0       0       0       0       0       0       0       0       0       0
Total ram usage:        0 bytes
 Hardware stack levels used:    1
 Hardware stack levels required when called:    1
 This function calls:
		i2_I2C_Master_Wait
 This function is called by:
		_I2C_Leitura_Endereco
		i2_I2C_Leitura_Multiplos_Endereco
 This function uses a non-reentrant model


 *************** function i2_I2C_Master_Stop *****************
 Defined at:
		line 65 in file "ConfigI2c.c"
 Parameters:    Size  Location     Type
		None
 Auto vars:     Size  Location     Type
		None
 Return value:  Size  Location     Type
                  1    wreg      void 
 Registers used:
		wreg, status,2, status,0, cstack
 Tracked objects:
		On entry : 
		On exit  : 
		Unchanged: 
 Data sizes:     COMRAM   BANK0   BANK1   BANK2   BANK3   BANK4   BANK5   BANK6   BANK7   BANK8   BANK9  BANK10  BANK11  BANK12  BANK13  BANK14  BANK15
      Params:         0       0       0       0       0       0       0       0       0       0       0       0       0       0       0       0       0
      Locals:         0       0       0       0       0       0       0       0       0       0       0       0       0       0       0       0       0
      Temps:          0       0       0       0       0       0       0       0       0       0       0       0       0       0       0       0       0
      Totals:         0       0       0       0       0       0       0       0       0       0       0       0       0       0       0       0       0
Total ram usage:        0 bytes
 Hardware stack levels used:    1
 Hardware stack levels required when called:    1
 This function calls:
		i2_I2C_Master_Wait
 This function is called by:
		_I2C_Leitura_Endereco
		i2_I2C_Leitura_Multiplos_Endereco
		i2_I2C_Master_Escreve_Endereco
		i2_I2C_Master_Escreve_Multiplos_Endereco
 This function uses a non-reentrant model


 *************** function i2_I2C_Master_Start *****************
 Defined at:
		line 53 in file "ConfigI2c.c"
 Parameters:    Size  Location     Type
		None
 Auto vars:     Size  Location     Type
		None
 Return value:  Size  Location     Type
                  1    wreg      void 
 Registers used:
		wreg, status,2, status,0, cstack
 Tracked objects:
		On entry : 
		On exit  : 
		Unchanged: 
 Data sizes:     COMRAM   BANK0   BANK1   BANK2   BANK3   BANK4   BANK5   BANK6   BANK7   BANK8   BANK9  BANK10  BANK11  BANK12  BANK13  BANK14  BANK15
      Params:         0       0       0       0       0       0       0       0       0       0       0       0       0       0       0       0       0
      Locals:         0       0       0       0       0       0       0       0       0       0       0       0       0       0       0       0       0
      Temps:          0       0       0       0       0       0       0       0       0       0       0       0       0       0       0       0       0
      Totals:         0       0       0       0       0       0       0       0       0       0       0       0       0       0       0       0       0
Total ram usage:        0 bytes
 Hardware stack levels used:    1
 Hardware stack levels required when called:    1
 This function calls:
		i2_I2C_Master_Wait
 This function is called by:
		_I2C_Leitura_Endereco
		i2_I2C_Leitura_Multiplos_Endereco
		i2_I2C_Master_Escreve_Endereco
		i2_I2C_Master_Escreve_Multiplos_Endereco
 This function uses a non-reentrant model


 *************** function i2_I2C_Master_RepeatedStart *****************
 Defined at:
		line 59 in file "ConfigI2c.c"
 Parameters:    Size  Location     Type
		None
 Auto vars:     Size  Location     Type
		None
 Return value:  Size  Location     Type
                  1    wreg      void 
 Registers used:
		wreg, status,2, status,0, cstack
 Tracked objects:
		On entry : 
		On exit  : 
		Unchanged: 
 Data sizes:     COMRAM   BANK0   BANK1   BANK2   BANK3   BANK4   BANK5   BANK6   BANK7   BANK8   BANK9  BANK10  BANK11  BANK12  BANK13  BANK14  BANK15
      Params:         0       0       0       0       0       0       0       0       0       0       0       0       0       0       0       0       0
      Locals:         0       0       0       0       0       0       0       0       0       0       0       0       0       0       0       0       0
      Temps:          0       0       0       0       0       0       0       0       0       0       0       0       0       0       0       0       0
      Totals:         0       0       0       0       0       0       0       0       0       0       0       0       0       0       0       0       0
Total ram usage:        0 bytes
 Hardware stack levels used:    1
 Hardware stack levels required when called:    1
 This function calls:
		i2_I2C_Master_Wait
 This function is called by:
		_I2C_Leitura_Endereco
		i2_I2C_Leitura_Multiplos_Endereco
 This function uses a non-reentrant model


 *************** function i2_I2C_Master_Wait *****************
 Defined at:
		line 38 in file "ConfigI2c.c"
 Parameters:    Size  Location     Type
		None
 Auto vars:     Size  Location     Type
		None
 Return value:  Size  Location     Type
                  1    wreg      void 
 Registers used:
		wreg, status,2, status,0
 Tracked objects:
		On entry : 
		On exit  : 
		Unchanged: 
 Data sizes:     COMRAM   BANK0   BANK1   BANK2   BANK3   BANK4   BANK5   BANK6   BANK7   BANK8   BANK9  BANK10  BANK11  BANK12  BANK13  BANK14  BANK15
      Params:         0       0       0       0       0       0       0       0       0       0       0       0       0       0       0       0       0
      Locals:         0       0       0       0       0       0       0       0       0       0       0       0       0       0       0       0       0
      Temps:          1       0       0       0       0       0       0       0       0       0       0       0       0       0       0       0       0
      Totals:         1       0       0       0       0       0       0       0       0       0       0       0       0       0       0       0       0
Total ram usage:        1 bytes
 Hardware stack levels used:    1
 This function calls:
		Nothing
 This function is called by:
		i2_I2C_Master_Start
		i2_I2C_Master_RepeatedStart
		i2_I2C_Master_Stop
		i2_I2C_Transmite
		i2_I2C_Recebe
		i2_I2C_ACK
		i2_I2C_NACK
		i2_I2C_Master_Escreve_Multiplos_Endereco
 This function uses a non-reentrant model


 *************** function _Get_Timer1 *****************
 Defined at:
		line 43 in file "TIMERS_XC8.c"
 Parameters:    Size  Location     Type
		None
 Auto vars:     Size  Location     Type
  Data            2    4[COMRAM] unsigned int 
 Return value:  Size  Location     Type
                  2    0[COMRAM] unsigned int 
 Registers used:
		wreg, status,2, status,0
 Tracked objects:
		On entry : 
		On exit  : 
		Unchanged: 
 Data sizes:     COMRAM   BANK0   BANK1   BANK2   BANK3   BANK4   BANK5   BANK6   BANK7   BANK8   BANK9  BANK10  BANK11  BANK12  BANK13  BANK14  BANK15
      Params:         2       0       0       0       0       0       0       0       0       0       0       0       0       0       0       0       0
      Locals:         2       0       0       0       0       0       0       0       0       0       0       0       0       0       0       0       0
      Temps:          2       0       0       0       0       0       0       0       0       0       0       0       0       0       0       0       0
      Totals:         6       0       0       0       0       0       0       0       0       0       0       0       0       0       0       0       0
Total ram usage:        6 bytes
 Hardware stack levels used:    1
 This function calls:
		Nothing
 This function is called by:
		_high_isr
 This function uses a non-reentrant model



MODULE INFORMATION

Module		Function		Class		Link	Load	Size
SPI_XC8.c
		_SPI_MASTER1   		CODE           	5476	0000	17
		_MASTER_SPI_WRITE1		CODE           	551C	0000	11

SPI_XC8.c estimated size: 28

EXT_INT.c
		_Config_Int_Ext0		CODE           	5544	0000	9

EXT_INT.c estimated size: 9

C:\Program Files (x86)\Microchip\xc8\v1.42\sources\common\flge.c
		___flge        		CODE           	4070	0000	401

C:\Program Files (x86)\Microchip\xc8\v1.42\sources\common\flge.c estimated size: 401

C:\Program Files (x86)\Microchip\xc8\v1.42\sources\common\lwdiv.c
		___lwdiv       		CODE           	5096	0000	83

C:\Program Files (x86)\Microchip\xc8\v1.42\sources\common\lwdiv.c estimated size: 83

C:\Program Files (x86)\Microchip\xc8\v1.42\sources\common\awdiv.c
		___awdiv       		CODE           	48CC	0000	191

C:\Program Files (x86)\Microchip\xc8\v1.42\sources\common\awdiv.c estimated size: 191

C:\Program Files (x86)\Microchip\xc8\v1.42\sources\common\fltol.c
		___fltol       		CODE           	45C6	0000	269

C:\Program Files (x86)\Microchip\xc8\v1.42\sources\common\fltol.c estimated size: 269

C:\Program Files (x86)\Microchip\xc8\v1.42\sources\common\sprcmul.c
		___flmul       		CODE           	245E	0000	1191

C:\Program Files (x86)\Microchip\xc8\v1.42\sources\common\sprcmul.c estimated size: 1191

C:\Program Files (x86)\Microchip\xc8\v1.42\sources\common\sprcdiv.c
		___fldiv       		CODE           	311A	0000	961

C:\Program Files (x86)\Microchip\xc8\v1.42\sources\common\sprcdiv.c estimated size: 961

ADC_K22.c
		_Read_ADC      		CODE           	520E	0000	51
		_Config_ADC    		CODE           	51A6	0000	53

ADC_K22.c estimated size: 104

TIMERS_XC8.c
		_Config_Timer0 		CODE           	5452	0000	19
		_Config_Timer1 		CODE           	542A	0000	21
		_Config_Timer2 		CODE           	5486	0000	17
		_Config_Timer3 		CODE           	53E0	0000	27
		_Get_Timer0    		CODE           	5364	0000	33
		_Get_Timer1    		CODE           	5384	0000	33
		_Set_Timer0    		CODE           	5530	0000	11
		_Set_Timer1    		CODE           	553A	0000	11
		_Set_Timer3    		CODE           	5526	0000	11

TIMERS_XC8.c estimated size: 183

C:\Program Files (x86)\Microchip\xc8\v1.42\sources\common\xxtofl.c
		___xxtofl      		CODE           	3EA2	0000	463

C:\Program Files (x86)\Microchip\xc8\v1.42\sources\common\xxtofl.c estimated size: 463

C:\Program Files (x86)\Microchip\xc8\v1.42\sources\common\flneg.c
		___flneg       		CODE           	5270	0000	47

C:\Program Files (x86)\Microchip\xc8\v1.42\sources\common\flneg.c estimated size: 47

C:\Program Files (x86)\Microchip\xc8\v1.42\sources\common\sprcadd.c
		___fladd       		CODE           	1FB6	0000	1193

C:\Program Files (x86)\Microchip\xc8\v1.42\sources\common\sprcadd.c estimated size: 1193

shared
		i2_I2C_NACK    		CODE           	54EA	0000	15
		i2_I2C_Master_Escreve_Multiplos_Endereco		CODE           	4F86	0000	97
		i2_I2C_ACK     		CODE           	54CE	0000	15
		i2_lambda_Read 		CODE           	5340	0000	37
		i2_I2C_Master_Start		CODE           	556C	0000	9
		i2_Battery_ad_Read		CODE           	4D30	0000	133
		i2_Read_ADC    		CODE           	52CA	0000	43
		i2_t_ar_ad_Read		CODE           	4B92	0000	145
		i2___awdiv     		CODE           	4DB4	0000	133
		i2___fladd     		CODE           	3B66	0000	829
		i2___wmul      		CODE           	531A	0000	39
		i2_I2C_Master_Escreve_Endereco		CODE           	5130	0000	65
		i2___fldiv     		CODE           	382A	0000	829
		i2___fltol     		CODE           	47D2	0000	251
		__initialization		CODE           	498A	0000	175
		i2___flge      		CODE           	44A6	0000	289
		i2_t_agua_ad_Read		CODE           	529E	0000	45
		i2_I2C_Testa_ACK		CODE           	5504	0000	13
		i2_map_ad_Read 		CODE           	4F22	0000	101
		i2_I2C_Leitura_Multiplos_Endereco		CODE           	4CAC	0000	133
		_ig_refGOL     		MEDIUMCONST    	EA4F	0000	2641
		i2_I2C_Master_Wait		CODE           	5464	0000	19
		i2___flmul     		CODE           	34DA	0000	849
		i2_I2C_Master_Stop		CODE           	5564	0000	9
		i2___xxtofl    		CODE           	4356	0000	337
		i2_I2C_Transmite		CODE           	5510	0000	13
		_ig_refGOL_Alcool		MEDIUMCONST    	F49F	0000	2641
		_Ki_rpm        		MEDIUMCONST    	FFF7	0000	5
		_Kp_inj        		MEDIUMCONST    	FFFB	0000	5
		_ij_ref        		MEDIUMCONST    	FEEF	0000	265
		i2_I2C_Recebe  		CODE           	54DC	0000	15
		i2_I2C_Master_RepeatedStart		CODE           	5574	0000	9

shared estimated size: 10204

ConfigI2c.c
		_I2C_Master_Escreve_Endereco		CODE           	50E8	0000	73
		_I2C_Leitura_Multiplos_Endereco		CODE           	4A46	0000	183
		_I2C_Master_Wait		CODE           	543E	0000	21
		_I2C_Master_Init		CODE           	53C4	0000	29
		_I2C_Master_Stop		CODE           	554C	0000	9
		_I2C_Leitura_Endereco		CODE           	51DA	0000	53
		_I2C_Testa_ACK 		CODE           	54F8	0000	13
		_I2C_Master_RepeatedStart		CODE           	555C	0000	9
		_I2C_Transmite 		CODE           	5496	0000	15
		_I2C_Master_Escreve_Multiplos_Endereco		CODE           	4EAE	0000	117
		_I2C_ACK       		CODE           	54C0	0000	15
		_I2C_NACK      		CODE           	54B2	0000	15
		_I2C_Master_Start		CODE           	5554	0000	9
		_I2C_Recebe    		CODE           	54A4	0000	15

ConfigI2c.c estimated size: 576

C:\Program Files (x86)\Microchip\xc8\v1.42\sources\common\Umul16.c
		___wmul        		CODE           	5170	0000	55

C:\Program Files (x86)\Microchip\xc8\v1.42\sources\common\Umul16.c estimated size: 55

main.c
		_Low_Isr       		CODE           	0018	0000	2223
		_Battery_ad_Read		CODE           	4C22	0000	139
		_pedal_ad_Read 		CODE           	5412	0000	25
		_main          		CODE           	4200	0000	343
		_lambda_Read   		CODE           	52F4	0000	39
		_high_isr      		CODE           	0008	0000	5875
		_conta_dente   		CODE           	503E	0000	89
		_Spi_Write16   		CODE           	53FA	0000	25
		_t_agua_ad_Read		CODE           	5240	0000	49
		_control_lambda		CODE           	2D50	0000	971
		_Configure_HW  		CODE           	4FE6	0000	89
		_map_ad_Read   		CODE           	4E38	0000	119
		_t_ar_ad_Read  		CODE           	4AFC	0000	151

main.c estimated size: 10137

