Microchip MPLAB XC8 Compiler V1.42 ()

Linker command line:

-W-3 --edf=C:\Program Files (x86)\Microchip\xc8\v1.42\dat\en_msgs.txt -cs \
  -h+dist/default/production\Comunica__o_46K22.X.production.sym \
  --cmf=dist/default/production\Comunica__o_46K22.X.production.cmf -z \
  -Q18F46K22 -oC:\Users\willi\AppData\Local\Temp\s9es.2 \
  -Mdist/default/production/Comunica__o_46K22.X.production.map -E1 -ver=XC8 \
  -ASTACK=014Eh-0f37h -pstack=STACK -ACODE=00h-0FFFFh -ACONST=00h-0FFFFh \
  -ASMALLCONST=01000h-010FFhx240 -AMEDIUMCONST=01000h-0FFFFh \
  -ACOMRAM=01h-05Fh -AABS1=00h-0F37h -ABIGRAM=01h-0F37h \
  -ARAM=060h-0FFh,0100h-01FFhx14,0F00h-0F37h -ABANK0=060h-0FFh \
  -ABANK1=0100h-01FFh -ABANK2=0200h-02FFh -ABANK3=0300h-03FFh \
  -ABANK4=0400h-04FFh -ABANK5=0500h-05FFh -ABANK6=0600h-06FFh \
  -ABANK7=0700h-07FFh -ABANK8=0800h-08FFh -ABANK9=0900h-09FFh \
  -ABANK10=0A00h-0AFFh -ABANK11=0B00h-0BFFh -ABANK12=0C00h-0CFFh \
  -ABANK13=0D00h-0DFFh -ABANK14=0E00h-0EFFh -ABANK15=0F00h-0F37h \
  -ASFR=0F38h-0F5Fh,0F60h-0FFFh \
  -preset_vec=00h,intcode=08h,intcodelo,powerup,init -pramtop=01000h \
  -psmallconst=SMALLCONST -pmediumconst=MEDIUMCONST -pconst=CONST \
  -AFARRAM=00h-00h -ACONFIG=0300000h-030000Dh -pconfig=CONFIG \
  -AIDLOC=0200000h-0200007h -pidloc=IDLOC -AEEDATA=0F00000h-0F003FFh \
  -peeprom_data=EEDATA \
  -prdata=COMRAM,nvrram=COMRAM,nvbit=COMRAM,rbss=COMRAM,rbit=COMRAM \
  -pfarbss=FARRAM,fardata=FARRAM,nvFARRAM=FARRAM \
  -pintsave_regs=BIGRAM,bigbss=BIGRAM,bigdata=BIGRAM -pbss=RAM \
  -pidata=CODE,irdata=CODE,ibigdata=CODE,ifardata=CODE -prparam=COMRAM \
  C:\Users\willi\AppData\Local\Temp\s9es.obj \
  dist/default/production\Comunica__o_46K22.X.production.obj 

Object code version is 3.11

Machine type is 18F46K22

Call graph: (short form)




                Name                               Link     Load   Length Selector   Space Scale
C:\Users\willi\AppData\Local\Temp\s9es.obj
                init                                244      244        4        4       0
                reset_vec                             0        0        4        0       0
                idloc                            200000   200000        8   200000       0
                config                           300000   300000        E   300000       0
dist/default/production\Comunica__o_46K22.X.production.obj
                intcode                               8        8      23C        4       0
                temp                                 4F       4F        1        1       1
                text20                              E0A      E0A        A        4       0
                text18                              DEE      DEE       12        4       0
                text17                              DDC      DDC       12        4       0
                text16                              D98      D98       1A        4       0
                text15                              AF0      AF0       CC        4       0
                text14                              91C      91C       EE        4       0
                text13                              D5E      D5E       20        4       0
                text12                              CC0      CC0       4E        4       0
                text11                              D0E      D0E       2C        4       0
                text10                              D7E      D7E       1A        4       0
                text9                               DC8      DC8       14        4       0
                text8                               DB2      DB2       16        4       0
                text7                               E00      E00        A        4       0
                text6                               BBC      BBC       AE        4       0
                text5                               248      248      250        4       0
                text4                               A0A      A0A       E6        4       0
                text3                               828      828       F4        4       0
                text2                               6E4      6E4      144        4       0
                text1                               D3A      D3A       24        4       0
                text0                               498      498      24C        4       0
                cstackCOMRAM                          1        1       3E        1       1
                cstackBANK0                          E7       E7       12       60       1
                cstackBANK1                         148      148        6      100       1
                bssBANK1                            100      100       48      100       1
                dataBANK0                            F9       F9        4       60       1
                bssBANK0                             60       60       87       60       1
                bssCOMRAM                            3F       3F        E        1       1
                bitbssCOMRAM                        268       4D        9        1       1     8
                cinit                               C6A      C6A       56        4       0
                idataBANK0                          E14      E14        4        4       0

TOTAL           Name                               Link     Load   Length     Space
        CLASS   STACK          

        CLASS   CODE           
                intcode                               8        8      23C         0
                init                                244      244        4         0
                reset_vec                             0        0        4         0
                text20                              E0A      E0A        A         0
                text18                              DEE      DEE       12         0
                text17                              DDC      DDC       12         0
                text16                              D98      D98       1A         0
                text15                              AF0      AF0       CC         0
                text14                              91C      91C       EE         0
                text13                              D5E      D5E       20         0
                text12                              CC0      CC0       4E         0
                text11                              D0E      D0E       2C         0
                text10                              D7E      D7E       1A         0
                text9                               DC8      DC8       14         0
                text8                               DB2      DB2       16         0
                text7                               E00      E00        A         0
                text6                               BBC      BBC       AE         0
                text5                               248      248      250         0
                text4                               A0A      A0A       E6         0
                text3                               828      828       F4         0
                text2                               6E4      6E4      144         0
                text1                               D3A      D3A       24         0
                text0                               498      498      24C         0
                cinit                               C6A      C6A       56         0
                idataBANK0                          E14      E14        4         0

        CLASS   CONST          

        CLASS   SMALLCONST     

        CLASS   MEDIUMCONST    

        CLASS   COMRAM         
                temp                                 4F       4F        1         1
                cstackCOMRAM                          1        1       3E         1
                bssCOMRAM                            3F       3F        E         1
                bitbssCOMRAM                        268       4D        9         1

        CLASS   ABS1           

        CLASS   BIGRAM         

        CLASS   RAM            

        CLASS   BANK0          
                cstackBANK0                          E7       E7       12         1
                dataBANK0                            F9       F9        4         1
                bssBANK0                             60       60       87         1

        CLASS   BANK1          
                cstackBANK1                         148      148        6         1
                bssBANK1                            100      100       48         1

        CLASS   BANK2          

        CLASS   BANK3          

        CLASS   BANK4          

        CLASS   BANK5          

        CLASS   BANK6          

        CLASS   BANK7          

        CLASS   BANK8          

        CLASS   BANK9          

        CLASS   BANK10         

        CLASS   BANK11         

        CLASS   BANK12         

        CLASS   BANK13         

        CLASS   BANK14         

        CLASS   BANK15         

        CLASS   SFR            

        CLASS   FARRAM         

        CLASS   CONFIG         
                config                           300000   300000        E         0

        CLASS   IDLOC          
                idloc                            200000   200000        8         0

        CLASS   EEDATA         



SEGMENTS        Name                           Load    Length   Top    Selector   Space  Class

                reset_vec                      000000  000004  000004         0       0  CODE    
                cstackCOMRAM                   000001  00004F  000050         1       1  COMRAM  
                intcode                        000008  000E10  000E18         4       0  CODE    
                bssBANK0                       000060  00009D  0000FD        60       1  BANK0   
                bssBANK1                       000100  00004E  00014E       100       1  BANK1   
                idloc                          200000  000008  200008    200000       0  IDLOC   
                config                         300000  00000E  30000E    300000       0  CONFIG  


UNUSED ADDRESS RANGES

        Name                Unused          Largest block    Delta
        BANK0            0000FD-0000FF                3
        BANK1            00014E-0001FF               B2
        BANK10           000A00-000AFF              100
        BANK11           000B00-000BFF              100
        BANK12           000C00-000CFF              100
        BANK13           000D00-000DFF              100
        BANK14           000E00-000EFF              100
        BANK15           000F00-000F37               38
        BANK2            000200-0002FF              100
        BANK3            000300-0003FF              100
        BANK4            000400-0004FF              100
        BANK5            000500-0005FF              100
        BANK6            000600-0006FF              100
        BANK7            000700-0007FF              100
        BANK8            000800-0008FF              100
        BANK9            000900-0009FF              100
        BIGRAM           000050-00005F               10
                         0000FD-0000FF                3
                         00014E-000F37              DEA
        CODE             000004-000007                4
                         000E18-00FFFF             F1E8
        COMRAM           000050-00005F               10
        CONST            000004-000007                4
                         000E18-00FFFF             F1E8
        EEDATA           F00000-F003FF              400
        MEDIUMCONST      001000-00FFFF             F000
        RAM              0000FD-0000FF                3
                         00014E-000F37              100
        SFR              000F38-000FFF               28
        SMALLCONST       001000-00FFFF              100
        STACK            00014E-000F37              DEA

                                  Symbol Table

?_Make16                  cstackCOMRAM 000011
?___aldiv                 cstackCOMRAM 000011
?___ftadd                 cstackBANK0  0000E7
?___ftdiv                 cstackCOMRAM 00002B
?___ftmul                 cstackCOMRAM 00001C
?___ftpack                cstackCOMRAM 000011
?___fttol                 cstackBANK0  0000F0
?___lwtoft                cstackCOMRAM 000019
I2C_Slave_Init@address    cstackCOMRAM 000011
Init1_RS232@mode          cstackCOMRAM 000023
Init1_RS232@value         cstackCOMRAM 000025
Init1_RS232@velocity      cstackCOMRAM 00001F
Make16@data1              cstackCOMRAM 000015
Make16@data2              cstackCOMRAM 000011
Putc_TX1@valor            cstackCOMRAM 000011
Putc_TX1_16bits@dado      cstackCOMRAM 000012
Putc_TX1_16bits@lsb       cstackCOMRAM 000015
Putc_TX1_16bits@msb       cstackCOMRAM 000014
Set_Timer3@data_timer     cstackCOMRAM 000011
_ADCON0bits               (abs)        000FC2
_ADCON1bits               (abs)        000FC1
_ADCON2bits               (abs)        000FC0
_ADRESH                   (abs)        000FC4
_ANSELA                   (abs)        000F38
_ANSELB                   (abs)        000F39
_ANSELC                   (abs)        000F3A
_ANSELD                   (abs)        000F3B
_ANSELE                   (abs)        000F3C
_BAT                      dataBANK0    0000F9
_BAUDCON1bits             (abs)        000FB8
_BAUDCON2bits             (abs)        000F70
_Config_Timer0            text18       000DEE
_Config_Timer1            text17       000DDC
_Config_Timer3            text16       000D98
_ConfigureHW              text12       000CC0
_Count                    bssBANK0     0000AE
_CountCANRot              bssBANK0     0000A8
_CountCANTemp             bssBANK0     0000A6
_CountSerial              bssBANK0     0000A4
_I2C_Slave_Init           text11       000D0E
_INTCON2bits              (abs)        000FF1
_INTCON3bits              (abs)        000FF0
_INTCONbits               (abs)        000FF2
_IgDnt                    bssCOMRAM    000048
_IgTrigger                bssBANK0     0000E1
_IjDnt                    bssCOMRAM    000044
_Init1_RS232              text14       00091C
_Init1_RS232$3408         cstackCOMRAM 000027
_InjDntExtra              bssBANK0     0000E0
_InjTrigger1              bssBANK0     0000E4
_InjTrigger2              bssBANK0     0000E3
_LATAbits                 (abs)        000F89
_LATBbits                 (abs)        000F8A
_LATCbits                 (abs)        000F8B
_LATEbits                 (abs)        000F8D
_Lambda                   dataBANK0    0000FB
_MAP                      bssBANK0     0000DD
_Make16                   text10       000D7E
_No_Analogs               text13       000D5E
_Old_Value                bssBANK1     000100
_PIE1bits                 (abs)        000F9D
_PIE2bits                 (abs)        000FA0
_PIR1bits                 (abs)        000F9E
_PIR2bits                 (abs)        000FA1
_PORTB                    (abs)        000F81
_Pedal                    bssBANK0     0000DE
_Putc_TX1                 text9        000DC8
_Putc_TX1_16bits          text8        000DB2
_RC1IE                    (abs)        007CED
_RC1IF                    (abs)        007CF5
_RC2IE                    (abs)        007D1D
_RC2IF                    (abs)        007D25
_RCIF                     (abs)        007CF5
_RCONbits                 (abs)        000FD0
_RCREG1                   (abs)        000FAE
_RCREG2                   (abs)        000F74
_RCSTA1                   (abs)        000FAB
_RCSTA1bits               (abs)        000FAB
_RCSTA2                   (abs)        000F71
_Rot1                     bssCOMRAM    000042
_Rot2                     bssCOMRAM    000041
_SCC                      bssBANK0     0000E5
_SPBRG1                   (abs)        000FAF
_SSP1ADD                  (abs)        000FC8
_SSP1BUF                  (abs)        000FC9
_SSP1CON1                 (abs)        000FC6
_SSP1CON1bits             (abs)        000FC6
_SSP1CON2                 (abs)        000FC5
_SSP1IP                   (abs)        007CFB
_SSP1STAT                 (abs)        000FC7
_SSP1STATbits             (abs)        000FC7
_SSP2BUF                  (abs)        000F6F
_SSP2CON1                 (abs)        000F6C
_SSP2STAT                 (abs)        000F6D
_SSP2STATbits             (abs)        000F6D
_Select_Data              bssCOMRAM    000049
_SetVetVel2               bssBANK0     0000DF
_Set_Timer3               text7        000E00
_T0CONbits                (abs)        000FD5
_T1CONbits                (abs)        000FCD
_T2CONbits                (abs)        000FBA
_T3CONbits                (abs)        000FB1
_T4CONbits                (abs)        000F51
_T5CONbits                (abs)        000F4E
_T6CONbits                (abs)        000F4A
_TMR0H                    (abs)        000FD7
_TMR0L                    (abs)        000FD6
_TMR1H                    (abs)        000FCF
_TMR1IE                   (abs)        007CE8
_TMR1L                    (abs)        000FCE
_TMR2                     (abs)        000FBC
_TMR3H                    (abs)        000FB3
_TMR3IE                   (abs)        007D01
_TMR3L                    (abs)        000FB2
_TMR4                     (abs)        000F53
_TMR5H                    (abs)        000F50
_TMR5IE                   (abs)        007BE9
_TMR5L                    (abs)        000F4F
_TMR6                     (abs)        000F4C
_TRISA0                   (abs)        007C90
_TRISA5                   (abs)        007C95
_TRISAbits                (abs)        000F92
_TRISB0                   (abs)        007C98
_TRISB1                   (abs)        007C99
_TRISB2                   (abs)        007C9A
_TRISB7                   (abs)        007C9F
_TRISBbits                (abs)        000F93
_TRISC0                   (abs)        007CA0
_TRISC1                   (abs)        007CA1
_TRISC2                   (abs)        007CA2
_TRISC3                   (abs)        007CA3
_TRISC4                   (abs)        007CA4
_TRISC5                   (abs)        007CA5
_TRISC6                   (abs)        007CA6
_TRISC7                   (abs)        007CA7
_TRISCbits                (abs)        000F94
_TRISD0                   (abs)        007CA8
_TRISD1                   (abs)        007CA9
_TRISD3                   (abs)        007CAB
_TRISD4                   (abs)        007CAC
_TRISD6                   (abs)        007CAE
_TRISD7                   (abs)        007CAF
_TRISE                    (abs)        000F96
_TRISEbits                (abs)        000F96
_TRMT1                    (abs)        007D61
_TX1IE                    (abs)        007CEC
_TX2IE                    (abs)        007D1C
_TX2IF                    (abs)        007D24
_TXREG1                   (abs)        000FAD
_TXREG2                   (abs)        000F73
_TXSTA1                   (abs)        000FAC
_TXSTA2                   (abs)        000F72
_TempAg                   bssBANK0     0000DB
_TempAr                   bssBANK0     0000DC
_TempMotor                bssBANK0     0000AC
_TmrBob                   bssBANK0     0000E2
_TmrInj1                  bssCOMRAM    000047
_TmrInj2                  bssCOMRAM    000046
_UpdateRot                bssBANK0     0000AA
_VB                       bssBANK0     0000B0
_VarTest                  bssBANK0     00009C
__CFG_CP0$OFF             (abs)        000000
__CFG_CP1$OFF             (abs)        000000
__CFG_CPB$OFF             (abs)        000000
__CFG_CPD$OFF             (abs)        000000
__CFG_EBTR0$OFF           (abs)        000000
__CFG_EBTR1$OFF           (abs)        000000
__CFG_EBTRB$OFF           (abs)        000000
__CFG_FCMEN$OFF           (abs)        000000
__CFG_FOSC$HSHP           (abs)        000000
__CFG_IESO$OFF            (abs)        000000
__CFG_LVP$OFF             (abs)        000000
__CFG_PLLCFG$ON           (abs)        000000
__CFG_STVREN$ON           (abs)        000000
__CFG_WDTPS$32768         (abs)        000000
__CFG_WRT0$OFF            (abs)        000000
__CFG_WRT1$OFF            (abs)        000000
__CFG_WRTB$OFF            (abs)        000000
__CFG_WRTC$OFF            (abs)        000000
__CFG_WRTD$OFF            (abs)        000000
__CFG_XINST$OFF           (abs)        000000
__HRAM                    (abs)        000000
__Habs1                   abs1         000000
__Hbank0                  bank0        000000
__Hbank1                  bank1        000000
__Hbank10                 bank10       000000
__Hbank11                 bank11       000000
__Hbank12                 bank12       000000
__Hbank13                 bank13       000000
__Hbank14                 bank14       000000
__Hbank15                 bank15       000000
__Hbank2                  bank2        000000
__Hbank3                  bank3        000000
__Hbank4                  bank4        000000
__Hbank5                  bank5        000000
__Hbank6                  bank6        000000
__Hbank7                  bank7        000000
__Hbank8                  bank8        000000
__Hbank9                  bank9        000000
__Hbigbss                 bigbss       000000
__Hbigdata                bigdata      000000
__Hbigram                 bigram       000000
__HbitbssCOMRAM           bitbssCOMRAM 000000
__Hbss                    bss          000000
__HbssBANK0               bssBANK0     000000
__HbssBANK1               bssBANK1     000000
__HbssCOMRAM              bssCOMRAM    000000
__Hcinit                  cinit        000000
__Hclrtext                clrtext      000000
__Hcomram                 comram       000000
__Hconfig                 config       30000E
__Hconst                  const        000000
__HcstackBANK0            cstackBANK0  000000
__HcstackBANK1            cstackBANK1  000000
__HcstackCOMRAM           cstackCOMRAM 000000
__Hdata                   data         000000
__HdataBANK0              dataBANK0    000000
__Heeprom_data            eeprom_data  000000
__Hfarbss                 farbss       000000
__Hfardata                fardata      000000
__Hibigdata               ibigdata     000000
__Hidata                  idata        000000
__HidataBANK0             idataBANK0   000000
__Hidloc                  idloc        200008
__Hifardata               ifardata     000000
__Hinit                   init         000248
__Hintcode                intcode      000244
__Hintcode_body           intcode_body 000000
__Hintcodelo              intcodelo    000244
__Hintentry               intentry     000000
__Hintret                 intret       000000
__Hintsave_regs           intsave_regs 000000
__Hirdata                 irdata       000000
__Hmediumconst            mediumconst  000000
__HnvFARRAM               nvFARRAM     000000
__Hnvbit                  nvbit        000000
__Hnvrram                 nvrram       000000
__Hparam                  rparam       000000
__Hpowerup                powerup      000244
__Hram                    ram          000000
__Hramtop                 ramtop       001000
__Hrbit                   rbit         000000
__Hrbss                   rbss         000000
__Hrdata                  rdata        000000
__Hreset_vec              reset_vec    000004
__Hrparam                 rparam       000000
__Hsfr                    sfr          000000
__Hsmallconst             smallconst   000000
__Hspace_0                (abs)        30000E
__Hspace_1                (abs)        000271
__Hspace_2                (abs)        000000
__Hstack                  stack        000000
__Hstruct                 struct       000000
__Htemp                   temp         000050
__Htext                   text         000000
__Htext0                  text0        000000
__Htext1                  text1        000000
__Htext10                 text10       000000
__Htext11                 text11       000000
__Htext12                 text12       000000
__Htext13                 text13       000000
__Htext14                 text14       000000
__Htext15                 text15       000000
__Htext16                 text16       000000
__Htext17                 text17       000000
__Htext18                 text18       000000
__Htext2                  text2        000000
__Htext20                 text20       000000
__Htext3                  text3        000000
__Htext4                  text4        000000
__Htext5                  text5        000000
__Htext6                  text6        000000
__Htext7                  text7        000000
__Htext8                  text8        000000
__Htext9                  text9        000000
__LRAM                    (abs)        000001
__Labs1                   abs1         000000
__Lbank0                  bank0        000000
__Lbank1                  bank1        000000
__Lbank10                 bank10       000000
__Lbank11                 bank11       000000
__Lbank12                 bank12       000000
__Lbank13                 bank13       000000
__Lbank14                 bank14       000000
__Lbank15                 bank15       000000
__Lbank2                  bank2        000000
__Lbank3                  bank3        000000
__Lbank4                  bank4        000000
__Lbank5                  bank5        000000
__Lbank6                  bank6        000000
__Lbank7                  bank7        000000
__Lbank8                  bank8        000000
__Lbank9                  bank9        000000
__Lbigbss                 bigbss       000000
__Lbigdata                bigdata      000000
__Lbigram                 bigram       000000
__LbitbssCOMRAM           bitbssCOMRAM 000000
__Lbss                    bss          000000
__LbssBANK0               bssBANK0     000000
__LbssBANK1               bssBANK1     000000
__LbssCOMRAM              bssCOMRAM    000000
__Lcinit                  cinit        000000
__Lclrtext                clrtext      000000
__Lcomram                 comram       000000
__Lconfig                 config       300000
__Lconst                  const        000000
__LcstackBANK0            cstackBANK0  000000
__LcstackBANK1            cstackBANK1  000000
__LcstackCOMRAM           cstackCOMRAM 000000
__Ldata                   data         000000
__LdataBANK0              dataBANK0    000000
__Leeprom_data            eeprom_data  000000
__Lfarbss                 farbss       000000
__Lfardata                fardata      000000
__Libigdata               ibigdata     000000
__Lidata                  idata        000000
__LidataBANK0             idataBANK0   000000
__Lidloc                  idloc        200000
__Lifardata               ifardata     000000
__Linit                   init         000244
__Lintcode                intcode      000008
__Lintcode_body           intcode_body 000000
__Lintcodelo              intcodelo    000244
__Lintentry               intentry     000000
__Lintret                 intret       000000
__Lintsave_regs           intsave_regs 000000
__Lirdata                 irdata       000000
__Lmediumconst            mediumconst  000000
__LnvFARRAM               nvFARRAM     000000
__Lnvbit                  nvbit        000000
__Lnvrram                 nvrram       000000
__Lparam                  rparam       000000
__Lpowerup                powerup      000244
__Lram                    ram          000000
__Lramtop                 ramtop       001000
__Lrbit                   rbit         000000
__Lrbss                   rbss         000000
__Lrdata                  rdata        000000
__Lreset_vec              reset_vec    000000
__Lrparam                 rparam       000000
__Lsfr                    sfr          000000
__Lsmallconst             smallconst   000000
__Lspace_0                (abs)        000000
__Lspace_1                (abs)        000000
__Lspace_2                (abs)        000000
__Lstack                  stack        000000
__Lstruct                 struct       000000
__Ltemp                   temp         00004F
__Ltext                   text         000000
__Ltext0                  text0        000000
__Ltext1                  text1        000000
__Ltext10                 text10       000000
__Ltext11                 text11       000000
__Ltext12                 text12       000000
__Ltext13                 text13       000000
__Ltext14                 text14       000000
__Ltext15                 text15       000000
__Ltext16                 text16       000000
__Ltext17                 text17       000000
__Ltext18                 text18       000000
__Ltext2                  text2        000000
__Ltext20                 text20       000000
__Ltext3                  text3        000000
__Ltext4                  text4        000000
__Ltext5                  text5        000000
__Ltext6                  text6        000000
__Ltext7                  text7        000000
__Ltext8                  text8        000000
__Ltext9                  text9        000000
__S0                      (abs)        30000E
__S1                      (abs)        00014E
__S2                      (abs)        000000
___aldiv                  text15       000AF0
___aldiv@counter          cstackCOMRAM 000019
___aldiv@dividend         cstackCOMRAM 000011
___aldiv@divisor          cstackCOMRAM 000015
___aldiv@quotient         cstackCOMRAM 00001B
___aldiv@sign             cstackCOMRAM 00001A
___ftadd                  text5        000248
___ftadd@exp1             cstackBANK0  0000EF
___ftadd@exp2             cstackBANK0  0000EE
___ftadd@f1               cstackBANK0  0000E7
___ftadd@f2               cstackBANK0  0000EA
___ftadd@sign             cstackBANK0  0000ED
___ftdiv                  text4        000A0A
___ftdiv@cntr             cstackCOMRAM 000034
___ftdiv@exp              cstackCOMRAM 000038
___ftdiv@f1               cstackCOMRAM 00002B
___ftdiv@f2               cstackCOMRAM 00002E
___ftdiv@f3               cstackCOMRAM 000035
___ftdiv@sign             cstackCOMRAM 000039
___ftmul                  text3        000828
___ftmul@cntr             cstackCOMRAM 000029
___ftmul@exp              cstackCOMRAM 000025
___ftmul@f1               cstackCOMRAM 00001C
___ftmul@f2               cstackCOMRAM 00001F
___ftmul@f3_as_product    cstackCOMRAM 000026
___ftmul@sign             cstackCOMRAM 00002A
___ftpack                 text6        000BBC
___ftpack@arg             cstackCOMRAM 000011
___ftpack@exp             cstackCOMRAM 000014
___ftpack@sign            cstackCOMRAM 000015
___fttol                  text2        0006E4
___fttol@exp1             cstackBANK1  00014D
___fttol@f1               cstackBANK0  0000F0
___fttol@lval             cstackBANK1  000149
___fttol@sign1            cstackBANK1  000148
___inthi_sp               stack        000000
___intlo_sp               stack        000000
___lwtoft                 text1        000D3A
___lwtoft@c               cstackCOMRAM 000019
___param_bank             (abs)        000000
___rparam_used            (abs)        000001
___sp                     stack        000000
__accesstop               (abs)        000060
__activetblptr            (abs)        000002
__end_of_Config_Timer0    text18       000E00
__end_of_Config_Timer1    text17       000DEE
__end_of_Config_Timer3    text16       000DB2
__end_of_ConfigureHW      text12       000D0E
__end_of_I2C_Slave_Init   text11       000D3A
__end_of_Init1_RS232      text14       000A0A
__end_of_Make16           text10       000D98
__end_of_No_Analogs       text13       000D7E
__end_of_Putc_TX1         text9        000DDC
__end_of_Putc_TX1_16bits  text8        000DC8
__end_of_Set_Timer3       text7        000E0A
__end_of___aldiv          text15       000BBC
__end_of___ftadd          text5        000498
__end_of___ftdiv          text4        000AF0
__end_of___ftmul          text3        00091C
__end_of___ftpack         text6        000C6A
__end_of___fttol          text2        000828
__end_of___lwtoft         text1        000D5E
__end_of__initialization  cinit        000CB2
__end_of_isr              intcode      000244
__end_of_main             text0        0006E4
__end_ofi2_Set_Timer3     text20       000E14
__initialization          cinit        000C6A
__mediumconst             mediumconst  000000
__pbitbssCOMRAM           bitbssCOMRAM 000268
__pbssBANK0               bssBANK0     000060
__pbssBANK1               bssBANK1     000100
__pbssCOMRAM              bssCOMRAM    00003F
__pcinit                  cinit        000C6A
__pcstackBANK0            cstackBANK0  0000E7
__pcstackBANK1            cstackBANK1  000148
__pcstackCOMRAM           cstackCOMRAM 000001
__pdataBANK0              dataBANK0    0000F9
__pidataBANK0             idataBANK0   000E14
__pintcode                intcode      000008
__ptext0                  text0        000498
__ptext1                  text1        000D3A
__ptext10                 text10       000D7E
__ptext11                 text11       000D0E
__ptext12                 text12       000CC0
__ptext13                 text13       000D5E
__ptext14                 text14       00091C
__ptext15                 text15       000AF0
__ptext16                 text16       000D98
__ptext17                 text17       000DDC
__ptext18                 text18       000DEE
__ptext2                  text2        0006E4
__ptext20                 text20       000E0A
__ptext3                  text3        000828
__ptext4                  text4        000A0A
__ptext5                  text5        000248
__ptext6                  text6        000BBC
__ptext7                  text7        000E00
__ptext8                  text8        000DB2
__ptext9                  text9        000DC8
__ramtop                  ramtop       001000
__size_of_Config_Timer0   (abs)        000000
__size_of_Config_Timer1   (abs)        000000
__size_of_Config_Timer3   (abs)        000000
__size_of_ConfigureHW     (abs)        000000
__size_of_I2C_Slave_Init  (abs)        000000
__size_of_Init1_RS232     (abs)        000000
__size_of_Make16          (abs)        000000
__size_of_No_Analogs      (abs)        000000
__size_of_Putc_TX1        (abs)        000000
__size_of_Putc_TX1_16bits (abs)        000000
__size_of_Set_Timer3      (abs)        000000
__size_of___aldiv         (abs)        000000
__size_of___ftadd         (abs)        000000
__size_of___ftdiv         (abs)        000000
__size_of___ftmul         (abs)        000000
__size_of___ftpack        (abs)        000000
__size_of___fttol         (abs)        000000
__size_of___lwtoft        (abs)        000000
__size_of_isr             (abs)        000000
__size_of_main            (abs)        000000
__size_ofi2_Set_Timer3    (abs)        000000
__smallconst              smallconst   000000
_address                  bssBANK0     0000D7
_angle1                   bssBANK0     0000DA
_angle2                   bssBANK0     0000D9
_buffer                   bssBANK0     000074
_buffer_already           bssBANK0     000060
_buffer_ger               bssBANK0     000090
_buffer_read              bssBANK1     000116
_can_ctr                  bssBANK0     0000D4
_char_serial              bssCOMRAM    00004B
_char_serial_ant          bssCOMRAM    00004C
_cont_SCC                 bssBANK0     0000B4
_dado_i2c                 bssBANK0     0000D8
_estado_controle_ign      bssCOMRAM    000045
_final_i2c_admissao       bitbssCOMRAM 000269
_final_i2c_gerenciamento  bitbssCOMRAM 000268
_final_i2c_sincronismo    bitbssCOMRAM 00026A
_flag                     bitbssCOMRAM 00026E
_flag_send_adm            bitbssCOMRAM 00026B
_flag_send_ger            bitbssCOMRAM 00026C
_flag_send_sinc           bitbssCOMRAM 00026D
_flag_serial              bssCOMRAM    00004A
_i                        bssBANK0     00009E
_ig_dente_14              bssBANK0     0000C8
_ig_tmr_disparo           bssBANK0     0000B8
_ij_dente_14              bssBANK0     0000C2
_ij_tmr_disparo           bssBANK0     0000B6
_index                    bssCOMRAM    000040
_index_read               bssCOMRAM    00003F
_isr                      intcode      000008
_lcd_ctr                  bssBANK0     0000D2
_limpa                    bssBANK0     0000D6
_logica                   bitbssCOMRAM 000270
_main                     text0        000498
_map                      bssBANK0     0000CA
_p_etanol                 bssBANK0     000093
_pedal_ad                 bssBANK0     0000CC
_percent                  bssBANK0     0000A0
_porc_etanol              bssBANK0     0000B2
_ref_rpm                  bssBANK0     0000BA
_ref_vb                   bssCOMRAM    000043
_rotacao                  bssBANK0     00008C
_rotacao_4                bssBANK0     000088
_shit                     bitbssCOMRAM 00026F
_spi_ctr                  bssBANK0     0000D0
_t_agua                   bssBANK0     0000BC
_t_ar_com                 bssBANK0     0000BE
_temp_bob                 bssBANK0     0000C0
_tempo                    bssBANK0     000096
_tempo_bob                bssBANK0     0000C6
_tempo_inj                bssBANK0     0000C4
_tempo_inj_com            bssBANK0     000099
_teste_envio_william      bssBANK0     0000CE
_tmr                      bssBANK0     0000A2
_txbuff                   bssBANK1     00012A
_valor                    bssBANK1     00013A
btemp                     temp         00004F
end_of_initialization     cinit        000CB2
i2Set_Timer3@data_timer   cstackCOMRAM 000001
i2_Set_Timer3             text20       000E0A
int$flags                 temp         00004F
intlevel0                 text         000000
intlevel1                 text         000000
intlevel2                 text         000000
intlevel3                 text         000000
stackhi                   (abs)        000F37
stacklo                   (abs)        00014E
start                     init         000244
start_initialization      cinit        000C6A


FUNCTION INFORMATION:

 *************** function _main *****************
 Defined at:
		line 500 in file "main.c"
 Parameters:    Size  Location     Type
		None
 Auto vars:     Size  Location     Type
		None
 Return value:  Size  Location     Type
                  1    wreg      void 
 Registers used:
		wreg, status,2, status,0, cstack
 Tracked objects:
		On entry : 
		On exit  : 
		Unchanged: 
 Data sizes:     COMRAM   BANK0   BANK1   BANK2   BANK3   BANK4   BANK5   BANK6   BANK7   BANK8   BANK9  BANK10  BANK11  BANK12  BANK13  BANK14  BANK15
      Params:         0       0       0       0       0       0       0       0       0       0       0       0       0       0       0       0       0
      Locals:         0       0       0       0       0       0       0       0       0       0       0       0       0       0       0       0       0
      Temps:          2       0       0       0       0       0       0       0       0       0       0       0       0       0       0       0       0
      Totals:         2       0       0       0       0       0       0       0       0       0       0       0       0       0       0       0       0
Total ram usage:        2 bytes
 Hardware stack levels required when called:    5
 This function calls:
		_Config_Timer0
		_ConfigureHW
		_I2C_Slave_Init
		_Make16
		_Putc_TX1
		_Putc_TX1_16bits
		_Set_Timer3
		___ftadd
		___ftdiv
		___ftmul
		___fttol
		___lwtoft
 This function is called by:
		Startup code after reset
 This function uses a non-reentrant model


 *************** function ___lwtoft *****************
 Defined at:
		line 28 in file "C:\Program Files (x86)\Microchip\xc8\v1.42\sources\common\lwtoft.c"
 Parameters:    Size  Location     Type
  c               2   24[COMRAM] unsigned int 
 Auto vars:     Size  Location     Type
		None
 Return value:  Size  Location     Type
                  3   24[COMRAM] float 
 Registers used:
		wreg, status,2, status,0, cstack
 Tracked objects:
		On entry : 
		On exit  : 
		Unchanged: 
 Data sizes:     COMRAM   BANK0   BANK1   BANK2   BANK3   BANK4   BANK5   BANK6   BANK7   BANK8   BANK9  BANK10  BANK11  BANK12  BANK13  BANK14  BANK15
      Params:         3       0       0       0       0       0       0       0       0       0       0       0       0       0       0       0       0
      Locals:         0       0       0       0       0       0       0       0       0       0       0       0       0       0       0       0       0
      Temps:          0       0       0       0       0       0       0       0       0       0       0       0       0       0       0       0       0
      Totals:         3       0       0       0       0       0       0       0       0       0       0       0       0       0       0       0       0
Total ram usage:        3 bytes
 Hardware stack levels used:    1
 Hardware stack levels required when called:    3
 This function calls:
		___ftpack
 This function is called by:
		_main
 This function uses a non-reentrant model


 *************** function ___fttol *****************
 Defined at:
		line 44 in file "C:\Program Files (x86)\Microchip\xc8\v1.42\sources\common\fttol.c"
 Parameters:    Size  Location     Type
  f1              3    9[BANK0 ] float 
 Auto vars:     Size  Location     Type
  lval            4    1[BANK1 ] unsigned long 
  exp1            1    5[BANK1 ] unsigned char 
  sign1           1    0[BANK1 ] unsigned char 
 Return value:  Size  Location     Type
                  4    9[BANK0 ] long 
 Registers used:
		wreg, status,2, status,0
 Tracked objects:
		On entry : 
		On exit  : 
		Unchanged: 
 Data sizes:     COMRAM   BANK0   BANK1   BANK2   BANK3   BANK4   BANK5   BANK6   BANK7   BANK8   BANK9  BANK10  BANK11  BANK12  BANK13  BANK14  BANK15
      Params:         0       4       0       0       0       0       0       0       0       0       0       0       0       0       0       0       0
      Locals:         0       0       6       0       0       0       0       0       0       0       0       0       0       0       0       0       0
      Temps:          0       5       0       0       0       0       0       0       0       0       0       0       0       0       0       0       0
      Totals:         0       9       6       0       0       0       0       0       0       0       0       0       0       0       0       0       0
Total ram usage:       15 bytes
 Hardware stack levels used:    1
 Hardware stack levels required when called:    2
 This function calls:
		Nothing
 This function is called by:
		_main
		_lcdEscreverInt
		_lcdEscreverFloat
 This function uses a non-reentrant model


 *************** function ___ftmul *****************
 Defined at:
		line 62 in file "C:\Program Files (x86)\Microchip\xc8\v1.42\sources\common\ftmul.c"
 Parameters:    Size  Location     Type
  f1              3   27[COMRAM] float 
  f2              3   30[COMRAM] float 
 Auto vars:     Size  Location     Type
  f3_as_produc    3   37[COMRAM] unsigned um
  sign            1   41[COMRAM] unsigned char 
  cntr            1   40[COMRAM] unsigned char 
  exp             1   36[COMRAM] unsigned char 
 Return value:  Size  Location     Type
                  3   27[COMRAM] float 
 Registers used:
		wreg, status,2, status,0, cstack
 Tracked objects:
		On entry : 
		On exit  : 
		Unchanged: 
 Data sizes:     COMRAM   BANK0   BANK1   BANK2   BANK3   BANK4   BANK5   BANK6   BANK7   BANK8   BANK9  BANK10  BANK11  BANK12  BANK13  BANK14  BANK15
      Params:         6       0       0       0       0       0       0       0       0       0       0       0       0       0       0       0       0
      Locals:         6       0       0       0       0       0       0       0       0       0       0       0       0       0       0       0       0
      Temps:          3       0       0       0       0       0       0       0       0       0       0       0       0       0       0       0       0
      Totals:        15       0       0       0       0       0       0       0       0       0       0       0       0       0       0       0       0
Total ram usage:       15 bytes
 Hardware stack levels used:    1
 Hardware stack levels required when called:    3
 This function calls:
		___ftpack
 This function is called by:
		_main
		_lcdEscreverInt
		_lcdEscreverFloat
 This function uses a non-reentrant model


 *************** function ___ftdiv *****************
 Defined at:
		line 54 in file "C:\Program Files (x86)\Microchip\xc8\v1.42\sources\common\ftdiv.c"
 Parameters:    Size  Location     Type
  f1              3   42[COMRAM] float 
  f2              3   45[COMRAM] float 
 Auto vars:     Size  Location     Type
  f3              3   52[COMRAM] float 
  sign            1   56[COMRAM] unsigned char 
  exp             1   55[COMRAM] unsigned char 
  cntr            1   51[COMRAM] unsigned char 
 Return value:  Size  Location     Type
                  3   42[COMRAM] float 
 Registers used:
		wreg, status,2, status,0, cstack
 Tracked objects:
		On entry : 
		On exit  : 
		Unchanged: 
 Data sizes:     COMRAM   BANK0   BANK1   BANK2   BANK3   BANK4   BANK5   BANK6   BANK7   BANK8   BANK9  BANK10  BANK11  BANK12  BANK13  BANK14  BANK15
      Params:         6       0       0       0       0       0       0       0       0       0       0       0       0       0       0       0       0
      Locals:         6       0       0       0       0       0       0       0       0       0       0       0       0       0       0       0       0
      Temps:          3       0       0       0       0       0       0       0       0       0       0       0       0       0       0       0       0
      Totals:        15       0       0       0       0       0       0       0       0       0       0       0       0       0       0       0       0
Total ram usage:       15 bytes
 Hardware stack levels used:    1
 Hardware stack levels required when called:    3
 This function calls:
		___ftpack
 This function is called by:
		_main
 This function uses a non-reentrant model


 *************** function ___ftadd *****************
 Defined at:
		line 86 in file "C:\Program Files (x86)\Microchip\xc8\v1.42\sources\common\ftadd.c"
 Parameters:    Size  Location     Type
  f1              3    0[BANK0 ] float 
  f2              3    3[BANK0 ] float 
 Auto vars:     Size  Location     Type
  exp1            1    8[BANK0 ] unsigned char 
  exp2            1    7[BANK0 ] unsigned char 
  sign            1    6[BANK0 ] unsigned char 
 Return value:  Size  Location     Type
                  3    0[BANK0 ] float 
 Registers used:
		wreg, status,2, status,0, cstack
 Tracked objects:
		On entry : 
		On exit  : 
		Unchanged: 
 Data sizes:     COMRAM   BANK0   BANK1   BANK2   BANK3   BANK4   BANK5   BANK6   BANK7   BANK8   BANK9  BANK10  BANK11  BANK12  BANK13  BANK14  BANK15
      Params:         0       6       0       0       0       0       0       0       0       0       0       0       0       0       0       0       0
      Locals:         0       3       0       0       0       0       0       0       0       0       0       0       0       0       0       0       0
      Temps:          3       0       0       0       0       0       0       0       0       0       0       0       0       0       0       0       0
      Totals:         3       9       0       0       0       0       0       0       0       0       0       0       0       0       0       0       0
Total ram usage:       12 bytes
 Hardware stack levels used:    1
 Hardware stack levels required when called:    3
 This function calls:
		___ftpack
 This function is called by:
		_main
		_lcdEscreverInt
		_lcdEscreverFloat
 This function uses a non-reentrant model


 *************** function ___ftpack *****************
 Defined at:
		line 62 in file "C:\Program Files (x86)\Microchip\xc8\v1.42\sources\common\float.c"
 Parameters:    Size  Location     Type
  arg             3   16[COMRAM] unsigned um
  exp             1   19[COMRAM] unsigned char 
  sign            1   20[COMRAM] unsigned char 
 Auto vars:     Size  Location     Type
		None
 Return value:  Size  Location     Type
                  3   16[COMRAM] float 
 Registers used:
		wreg, status,2, status,0
 Tracked objects:
		On entry : 
		On exit  : 
		Unchanged: 
 Data sizes:     COMRAM   BANK0   BANK1   BANK2   BANK3   BANK4   BANK5   BANK6   BANK7   BANK8   BANK9  BANK10  BANK11  BANK12  BANK13  BANK14  BANK15
      Params:         5       0       0       0       0       0       0       0       0       0       0       0       0       0       0       0       0
      Locals:         0       0       0       0       0       0       0       0       0       0       0       0       0       0       0       0       0
      Temps:          3       0       0       0       0       0       0       0       0       0       0       0       0       0       0       0       0
      Totals:         8       0       0       0       0       0       0       0       0       0       0       0       0       0       0       0       0
Total ram usage:        8 bytes
 Hardware stack levels used:    1
 Hardware stack levels required when called:    2
 This function calls:
		Nothing
 This function is called by:
		___ftadd
		___ftdiv
		___ftmul
		___lwtoft
 This function uses a non-reentrant model


 *************** function _Set_Timer3 *****************
 Defined at:
		line 72 in file "TIMERS_XC8.c"
 Parameters:    Size  Location     Type
  data_timer      2   16[COMRAM] unsigned int 
 Auto vars:     Size  Location     Type
		None
 Return value:  Size  Location     Type
                  1    wreg      void 
 Registers used:
		wreg, status,2
 Tracked objects:
		On entry : 
		On exit  : 
		Unchanged: 
 Data sizes:     COMRAM   BANK0   BANK1   BANK2   BANK3   BANK4   BANK5   BANK6   BANK7   BANK8   BANK9  BANK10  BANK11  BANK12  BANK13  BANK14  BANK15
      Params:         2       0       0       0       0       0       0       0       0       0       0       0       0       0       0       0       0
      Locals:         0       0       0       0       0       0       0       0       0       0       0       0       0       0       0       0       0
      Temps:          0       0       0       0       0       0       0       0       0       0       0       0       0       0       0       0       0
      Totals:         2       0       0       0       0       0       0       0       0       0       0       0       0       0       0       0       0
Total ram usage:        2 bytes
 Hardware stack levels used:    1
 Hardware stack levels required when called:    2
 This function calls:
		Nothing
 This function is called by:
		_main
 This function uses a non-reentrant model


 *************** function _Putc_TX1_16bits *****************
 Defined at:
		line 32 in file "RS232_K22.c"
 Parameters:    Size  Location     Type
  dado            2   17[COMRAM] unsigned int 
 Auto vars:     Size  Location     Type
  lsb             1   20[COMRAM] unsigned char 
  msb             1   19[COMRAM] unsigned char 
 Return value:  Size  Location     Type
                  1    wreg      void 
 Registers used:
		wreg, status,2, cstack
 Tracked objects:
		On entry : 
		On exit  : 
		Unchanged: 
 Data sizes:     COMRAM   BANK0   BANK1   BANK2   BANK3   BANK4   BANK5   BANK6   BANK7   BANK8   BANK9  BANK10  BANK11  BANK12  BANK13  BANK14  BANK15
      Params:         2       0       0       0       0       0       0       0       0       0       0       0       0       0       0       0       0
      Locals:         2       0       0       0       0       0       0       0       0       0       0       0       0       0       0       0       0
      Temps:          0       0       0       0       0       0       0       0       0       0       0       0       0       0       0       0       0
      Totals:         4       0       0       0       0       0       0       0       0       0       0       0       0       0       0       0       0
Total ram usage:        4 bytes
 Hardware stack levels used:    1
 Hardware stack levels required when called:    3
 This function calls:
		_Putc_TX1
 This function is called by:
		_main
 This function uses a non-reentrant model


 *************** function _Putc_TX1 *****************
 Defined at:
		line 72 in file "RS232_K22.c"
 Parameters:    Size  Location     Type
  valor           1    wreg     unsigned char 
 Auto vars:     Size  Location     Type
  valor           1   16[COMRAM] unsigned char 
 Return value:  Size  Location     Type
                  1    wreg      void 
 Registers used:
		wreg, status,2, cstack
 Tracked objects:
		On entry : 
		On exit  : 
		Unchanged: 
 Data sizes:     COMRAM   BANK0   BANK1   BANK2   BANK3   BANK4   BANK5   BANK6   BANK7   BANK8   BANK9  BANK10  BANK11  BANK12  BANK13  BANK14  BANK15
      Params:         0       0       0       0       0       0       0       0       0       0       0       0       0       0       0       0       0
      Locals:         1       0       0       0       0       0       0       0       0       0       0       0       0       0       0       0       0
      Temps:          0       0       0       0       0       0       0       0       0       0       0       0       0       0       0       0       0
      Totals:         1       0       0       0       0       0       0       0       0       0       0       0       0       0       0       0       0
Total ram usage:        1 bytes
 Hardware stack levels used:    1
 Hardware stack levels required when called:    2
 This function calls:
		Nothing
 This function is called by:
		_main
		_Putc_TX1_16bits
		_Putc_TX1_Data
		_Putc_Text_TX1
 This function uses a non-reentrant model


 *************** function _Make16 *****************
 Defined at:
		line 356 in file "main.c"
 Parameters:    Size  Location     Type
  data1           1    wreg     unsigned char 
  data2           1   16[COMRAM] unsigned char 
 Auto vars:     Size  Location     Type
  data1           1   20[COMRAM] unsigned char 
 Return value:  Size  Location     Type
                  2   16[COMRAM] unsigned int 
 Registers used:
		wreg, status,2, status,0
 Tracked objects:
		On entry : 
		On exit  : 
		Unchanged: 
 Data sizes:     COMRAM   BANK0   BANK1   BANK2   BANK3   BANK4   BANK5   BANK6   BANK7   BANK8   BANK9  BANK10  BANK11  BANK12  BANK13  BANK14  BANK15
      Params:         2       0       0       0       0       0       0       0       0       0       0       0       0       0       0       0       0
      Locals:         1       0       0       0       0       0       0       0       0       0       0       0       0       0       0       0       0
      Temps:          2       0       0       0       0       0       0       0       0       0       0       0       0       0       0       0       0
      Totals:         5       0       0       0       0       0       0       0       0       0       0       0       0       0       0       0       0
Total ram usage:        5 bytes
 Hardware stack levels used:    1
 Hardware stack levels required when called:    2
 This function calls:
		Nothing
 This function is called by:
		_main
 This function uses a non-reentrant model


 *************** function _I2C_Slave_Init *****************
 Defined at:
		line 21 in file "ConfigI2c.c"
 Parameters:    Size  Location     Type
  address         1    wreg     unsigned char 
 Auto vars:     Size  Location     Type
  address         1   16[COMRAM] unsigned char 
 Return value:  Size  Location     Type
                  1    wreg      void 
 Registers used:
		wreg, status,2
 Tracked objects:
		On entry : 
		On exit  : 
		Unchanged: 
 Data sizes:     COMRAM   BANK0   BANK1   BANK2   BANK3   BANK4   BANK5   BANK6   BANK7   BANK8   BANK9  BANK10  BANK11  BANK12  BANK13  BANK14  BANK15
      Params:         0       0       0       0       0       0       0       0       0       0       0       0       0       0       0       0       0
      Locals:         1       0       0       0       0       0       0       0       0       0       0       0       0       0       0       0       0
      Temps:          0       0       0       0       0       0       0       0       0       0       0       0       0       0       0       0       0
      Totals:         1       0       0       0       0       0       0       0       0       0       0       0       0       0       0       0       0
Total ram usage:        1 bytes
 Hardware stack levels used:    1
 Hardware stack levels required when called:    2
 This function calls:
		Nothing
 This function is called by:
		_main
 This function uses a non-reentrant model


 *************** function _ConfigureHW *****************
 Defined at:
		line 401 in file "main.c"
 Parameters:    Size  Location     Type
		None
 Auto vars:     Size  Location     Type
		None
 Return value:  Size  Location     Type
                  1    wreg      void 
 Registers used:
		wreg, status,2, status,0, cstack
 Tracked objects:
		On entry : 
		On exit  : 
		Unchanged: 
 Data sizes:     COMRAM   BANK0   BANK1   BANK2   BANK3   BANK4   BANK5   BANK6   BANK7   BANK8   BANK9  BANK10  BANK11  BANK12  BANK13  BANK14  BANK15
      Params:         0       0       0       0       0       0       0       0       0       0       0       0       0       0       0       0       0
      Locals:         0       0       0       0       0       0       0       0       0       0       0       0       0       0       0       0       0
      Temps:          0       0       0       0       0       0       0       0       0       0       0       0       0       0       0       0       0
      Totals:         0       0       0       0       0       0       0       0       0       0       0       0       0       0       0       0       0
Total ram usage:        0 bytes
 Hardware stack levels used:    1
 Hardware stack levels required when called:    4
 This function calls:
		_Config_Timer1
		_Config_Timer3
		_Init1_RS232
		_No_Analogs
 This function is called by:
		_main
 This function uses a non-reentrant model


 *************** function _No_Analogs *****************
 Defined at:
		line 392 in file "main.c"
 Parameters:    Size  Location     Type
		None
 Auto vars:     Size  Location     Type
		None
 Return value:  Size  Location     Type
                  1    wreg      void 
 Registers used:
		wreg, status,2
 Tracked objects:
		On entry : 
		On exit  : 
		Unchanged: 
 Data sizes:     COMRAM   BANK0   BANK1   BANK2   BANK3   BANK4   BANK5   BANK6   BANK7   BANK8   BANK9  BANK10  BANK11  BANK12  BANK13  BANK14  BANK15
      Params:         0       0       0       0       0       0       0       0       0       0       0       0       0       0       0       0       0
      Locals:         0       0       0       0       0       0       0       0       0       0       0       0       0       0       0       0       0
      Temps:          0       0       0       0       0       0       0       0       0       0       0       0       0       0       0       0       0
      Totals:         0       0       0       0       0       0       0       0       0       0       0       0       0       0       0       0       0
Total ram usage:        0 bytes
 Hardware stack levels used:    1
 Hardware stack levels required when called:    2
 This function calls:
		Nothing
 This function is called by:
		_ConfigureHW
 This function uses a non-reentrant model


 *************** function _Init1_RS232 *****************
 Defined at:
		line 6 in file "RS232_K22.c"
 Parameters:    Size  Location     Type
  velocity        4   30[COMRAM] long 
  mode            2   34[COMRAM] unsigned int 
 Auto vars:     Size  Location     Type
  value           2   36[COMRAM] int 
 Return value:  Size  Location     Type
                  1    wreg      void 
 Registers used:
		wreg, status,2, status,0, cstack
 Tracked objects:
		On entry : 
		On exit  : 
		Unchanged: 
 Data sizes:     COMRAM   BANK0   BANK1   BANK2   BANK3   BANK4   BANK5   BANK6   BANK7   BANK8   BANK9  BANK10  BANK11  BANK12  BANK13  BANK14  BANK15
      Params:         6       0       0       0       0       0       0       0       0       0       0       0       0       0       0       0       0
      Locals:         6       0       0       0       0       0       0       0       0       0       0       0       0       0       0       0       0
      Temps:          0       0       0       0       0       0       0       0       0       0       0       0       0       0       0       0       0
      Totals:        12       0       0       0       0       0       0       0       0       0       0       0       0       0       0       0       0
Total ram usage:       12 bytes
 Hardware stack levels used:    1
 Hardware stack levels required when called:    3
 This function calls:
		___aldiv
 This function is called by:
		_ConfigureHW
 This function uses a non-reentrant model


 *************** function ___aldiv *****************
 Defined at:
		line 8 in file "C:\Program Files (x86)\Microchip\xc8\v1.42\sources\common\aldiv.c"
 Parameters:    Size  Location     Type
  dividend        4   16[COMRAM] long 
  divisor         4   20[COMRAM] long 
 Auto vars:     Size  Location     Type
  quotient        4   26[COMRAM] long 
  sign            1   25[COMRAM] unsigned char 
  counter         1   24[COMRAM] unsigned char 
 Return value:  Size  Location     Type
                  4   16[COMRAM] long 
 Registers used:
		wreg, status,2, status,0
 Tracked objects:
		On entry : 
		On exit  : 
		Unchanged: 
 Data sizes:     COMRAM   BANK0   BANK1   BANK2   BANK3   BANK4   BANK5   BANK6   BANK7   BANK8   BANK9  BANK10  BANK11  BANK12  BANK13  BANK14  BANK15
      Params:         8       0       0       0       0       0       0       0       0       0       0       0       0       0       0       0       0
      Locals:         6       0       0       0       0       0       0       0       0       0       0       0       0       0       0       0       0
      Temps:          0       0       0       0       0       0       0       0       0       0       0       0       0       0       0       0       0
      Totals:        14       0       0       0       0       0       0       0       0       0       0       0       0       0       0       0       0
Total ram usage:       14 bytes
 Hardware stack levels used:    1
 Hardware stack levels required when called:    2
 This function calls:
		Nothing
 This function is called by:
		_Init1_RS232
		_Init2_RS232
 This function uses a non-reentrant model


 *************** function _Config_Timer3 *****************
 Defined at:
		line 50 in file "TIMERS_XC8.c"
 Parameters:    Size  Location     Type
		None
 Auto vars:     Size  Location     Type
		None
 Return value:  Size  Location     Type
                  1    wreg      void 
 Registers used:
		wreg, status,2
 Tracked objects:
		On entry : 
		On exit  : 
		Unchanged: 
 Data sizes:     COMRAM   BANK0   BANK1   BANK2   BANK3   BANK4   BANK5   BANK6   BANK7   BANK8   BANK9  BANK10  BANK11  BANK12  BANK13  BANK14  BANK15
      Params:         0       0       0       0       0       0       0       0       0       0       0       0       0       0       0       0       0
      Locals:         0       0       0       0       0       0       0       0       0       0       0       0       0       0       0       0       0
      Temps:          0       0       0       0       0       0       0       0       0       0       0       0       0       0       0       0       0
      Totals:         0       0       0       0       0       0       0       0       0       0       0       0       0       0       0       0       0
Total ram usage:        0 bytes
 Hardware stack levels used:    1
 Hardware stack levels required when called:    2
 This function calls:
		Nothing
 This function is called by:
		_ConfigureHW
 This function uses a non-reentrant model


 *************** function _Config_Timer1 *****************
 Defined at:
		line 14 in file "TIMERS_XC8.c"
 Parameters:    Size  Location     Type
		None
 Auto vars:     Size  Location     Type
		None
 Return value:  Size  Location     Type
                  1    wreg      void 
 Registers used:
		wreg, status,2
 Tracked objects:
		On entry : 
		On exit  : 
		Unchanged: 
 Data sizes:     COMRAM   BANK0   BANK1   BANK2   BANK3   BANK4   BANK5   BANK6   BANK7   BANK8   BANK9  BANK10  BANK11  BANK12  BANK13  BANK14  BANK15
      Params:         0       0       0       0       0       0       0       0       0       0       0       0       0       0       0       0       0
      Locals:         0       0       0       0       0       0       0       0       0       0       0       0       0       0       0       0       0
      Temps:          0       0       0       0       0       0       0       0       0       0       0       0       0       0       0       0       0
      Totals:         0       0       0       0       0       0       0       0       0       0       0       0       0       0       0       0       0
Total ram usage:        0 bytes
 Hardware stack levels used:    1
 Hardware stack levels required when called:    2
 This function calls:
		Nothing
 This function is called by:
		_ConfigureHW
 This function uses a non-reentrant model


 *************** function _Config_Timer0 *****************
 Defined at:
		line 265 in file "TIMERS_XC8.c"
 Parameters:    Size  Location     Type
		None
 Auto vars:     Size  Location     Type
		None
 Return value:  Size  Location     Type
                  1    wreg      void 
 Registers used:
		None
 Tracked objects:
		On entry : 
		On exit  : 
		Unchanged: 
 Data sizes:     COMRAM   BANK0   BANK1   BANK2   BANK3   BANK4   BANK5   BANK6   BANK7   BANK8   BANK9  BANK10  BANK11  BANK12  BANK13  BANK14  BANK15
      Params:         0       0       0       0       0       0       0       0       0       0       0       0       0       0       0       0       0
      Locals:         0       0       0       0       0       0       0       0       0       0       0       0       0       0       0       0       0
      Temps:          0       0       0       0       0       0       0       0       0       0       0       0       0       0       0       0       0
      Totals:         0       0       0       0       0       0       0       0       0       0       0       0       0       0       0       0       0
Total ram usage:        0 bytes
 Hardware stack levels used:    1
 Hardware stack levels required when called:    2
 This function calls:
		Nothing
 This function is called by:
		_main
 This function uses a non-reentrant model


 *************** function _isr *****************
 Defined at:
		line 187 in file "main.c"
 Parameters:    Size  Location     Type
		None
 Auto vars:     Size  Location     Type
		None
 Return value:  Size  Location     Type
                  1    wreg      void 
 Registers used:
		wreg, fsr2l, fsr2h, status,2, status,0, prodl, prodh, cstack
 Tracked objects:
		On entry : 
		On exit  : 
		Unchanged: 
 Data sizes:     COMRAM   BANK0   BANK1   BANK2   BANK3   BANK4   BANK5   BANK6   BANK7   BANK8   BANK9  BANK10  BANK11  BANK12  BANK13  BANK14  BANK15
      Params:         0       0       0       0       0       0       0       0       0       0       0       0       0       0       0       0       0
      Locals:         0       0       0       0       0       0       0       0       0       0       0       0       0       0       0       0       0
      Temps:         14       0       0       0       0       0       0       0       0       0       0       0       0       0       0       0       0
      Totals:        14       0       0       0       0       0       0       0       0       0       0       0       0       0       0       0       0
Total ram usage:       14 bytes
 Hardware stack levels used:    1
 Hardware stack levels required when called:    1
 This function calls:
		i2_Set_Timer3
 This function is called by:
		Interrupt level 2
 This function uses a non-reentrant model


 *************** function i2_Set_Timer3 *****************
 Defined at:
		line 72 in file "TIMERS_XC8.c"
 Parameters:    Size  Location     Type
  data_timer      2    0[COMRAM] unsigned int 
 Auto vars:     Size  Location     Type
		None
 Return value:  Size  Location     Type
                  1    wreg      void 
 Registers used:
		wreg, status,2
 Tracked objects:
		On entry : 
		On exit  : 
		Unchanged: 
 Data sizes:     COMRAM   BANK0   BANK1   BANK2   BANK3   BANK4   BANK5   BANK6   BANK7   BANK8   BANK9  BANK10  BANK11  BANK12  BANK13  BANK14  BANK15
      Params:         2       0       0       0       0       0       0       0       0       0       0       0       0       0       0       0       0
      Locals:         0       0       0       0       0       0       0       0       0       0       0       0       0       0       0       0       0
      Temps:          0       0       0       0       0       0       0       0       0       0       0       0       0       0       0       0       0
      Totals:         2       0       0       0       0       0       0       0       0       0       0       0       0       0       0       0       0
Total ram usage:        2 bytes
 Hardware stack levels used:    1
 This function calls:
		Nothing
 This function is called by:
		_isr
 This function uses a non-reentrant model



MODULE INFORMATION

Module		Function		Class		Link	Load	Size
C:\Program Files (x86)\Microchip\xc8\v1.42\sources\common\ftmul.c
		___ftmul       		CODE           	0828	0000	245

C:\Program Files (x86)\Microchip\xc8\v1.42\sources\common\ftmul.c estimated size: 245

C:\Program Files (x86)\Microchip\xc8\v1.42\sources\common\ftdiv.c
		___ftdiv       		CODE           	0A0A	0000	231

C:\Program Files (x86)\Microchip\xc8\v1.42\sources\common\ftdiv.c estimated size: 231

C:\Program Files (x86)\Microchip\xc8\v1.42\sources\common\aldiv.c
		___aldiv       		CODE           	0AF0	0000	205

C:\Program Files (x86)\Microchip\xc8\v1.42\sources\common\aldiv.c estimated size: 205

C:\Program Files (x86)\Microchip\xc8\v1.42\sources\common\fttol.c
		___fttol       		CODE           	06E4	0000	325

C:\Program Files (x86)\Microchip\xc8\v1.42\sources\common\fttol.c estimated size: 325

RS232_K22.c
		_Init1_RS232   		CODE           	091C	0000	239
		_Putc_TX1_16bits		CODE           	0DB2	0000	23
		_Putc_TX1      		CODE           	0DC8	0000	21

RS232_K22.c estimated size: 283

TIMERS_XC8.c
		_Config_Timer0 		CODE           	0DEE	0000	19
		_Config_Timer1 		CODE           	0DDC	0000	19
		_Config_Timer3 		CODE           	0D98	0000	27
		_Set_Timer3    		CODE           	0E00	0000	11

TIMERS_XC8.c estimated size: 76

C:\Program Files (x86)\Microchip\xc8\v1.42\sources\common\ftadd.c
		___ftadd       		CODE           	0248	0000	593

C:\Program Files (x86)\Microchip\xc8\v1.42\sources\common\ftadd.c estimated size: 593

C:\Program Files (x86)\Microchip\xc8\v1.42\sources\common\lwtoft.c
		___lwtoft      		CODE           	0D3A	0000	37

C:\Program Files (x86)\Microchip\xc8\v1.42\sources\common\lwtoft.c estimated size: 37

shared
		i2_Set_Timer3  		CODE           	0E0A	0000	11
		__initialization		CODE           	0C6A	0000	73

shared estimated size: 84

ConfigI2c.c
		_I2C_Slave_Init		CODE           	0D0E	0000	45

ConfigI2c.c estimated size: 45

C:\Program Files (x86)\Microchip\xc8\v1.42\sources\common\float.c
		___ftpack      		CODE           	0BBC	0000	175

C:\Program Files (x86)\Microchip\xc8\v1.42\sources\common\float.c estimated size: 175

main.c
		_Make16        		CODE           	0D7E	0000	27
		_main          		CODE           	0498	0000	589
		_isr           		CODE           	0008	0000	573
		_No_Analogs    		CODE           	0D5E	0000	33
		_ConfigureHW   		CODE           	0CC0	0000	79

main.c estimated size: 1301

