Microchip MPLAB XC8 Compiler V1.42 ()

Linker command line:

-W-3 --edf=C:\Program Files (x86)\Microchip\xc8\v1.42\dat\en_msgs.txt -cs \
  -h+dist/default/production\Gerenciamento_46K22.X.production.sym \
  --cmf=dist/default/production\Gerenciamento_46K22.X.production.cmf -z \
  -Q18F46K22 -oC:\Users\willi\AppData\Local\Temp\s3q8.2 \
  -Mdist/default/production/Gerenciamento_46K22.X.production.map -E1 \
  -ver=XC8 --acfsm=1493 -ASTACK=084Ch-0f37h -pstack=STACK -ACODE=00h-0FFFFh \
  -ACONST=00h-0FFFFh -ASMALLCONST=01000h-010FFhx240 \
  -AMEDIUMCONST=01000h-0FFFFh -ACOMRAM=01h-05Fh -AABS1=00h-0F37h \
  -ABIGRAM=01h-0F37h -ARAM=060h-0FFh,0100h-01FFhx14,0F00h-0F37h \
  -ABANK0=060h-0FFh -ABANK1=0100h-01FFh -ABANK2=0200h-02FFh \
  -ABANK3=0300h-03FFh -ABANK4=0400h-04FFh -ABANK5=0500h-05FFh \
  -ABANK6=0600h-06FFh -ABANK7=0700h-07FFh -ABANK8=0800h-08FFh \
  -ABANK9=0900h-09FFh -ABANK10=0A00h-0AFFh -ABANK11=0B00h-0BFFh \
  -ABANK12=0C00h-0CFFh -ABANK13=0D00h-0DFFh -ABANK14=0E00h-0EFFh \
  -ABANK15=0F00h-0F37h -ASFR=0F38h-0F5Fh,0F60h-0FFFh \
  -preset_vec=00h,intcode=08h,intcodelo=018h,powerup,init -pramtop=01000h \
  -psmallconst=SMALLCONST -pmediumconst=MEDIUMCONST -pconst=CONST \
  -AFARRAM=00h-00h -ACONFIG=0300000h-030000Dh -pconfig=CONFIG \
  -AIDLOC=0200000h-0200007h -pidloc=IDLOC -AEEDATA=0F00000h-0F003FFh \
  -peeprom_data=EEDATA \
  -prdata=COMRAM,nvrram=COMRAM,nvbit=COMRAM,rbss=COMRAM,rbit=COMRAM \
  -pfarbss=FARRAM,fardata=FARRAM,nvFARRAM=FARRAM \
  -pintsave_regs=BIGRAM,bigbss=BIGRAM,bigdata=BIGRAM -pbss=RAM \
  -pidata=CODE,irdata=CODE,ibigdata=CODE,ifardata=CODE -prparam=COMRAM \
  C:\Users\willi\AppData\Local\Temp\s3q8.obj \
  dist/default/production\Gerenciamento_46K22.X.production.obj 

Object code version is 3.11

Machine type is 18F46K22

Call graph: (short form)




                Name                               Link     Load   Length Selector   Space Scale
C:\Users\willi\AppData\Local\Temp\s3q8.obj
                init                                740      740        4        C       0
                reset_vec                             0        0        4        0       0
                idloc                            200000   200000        8   200000       0
                config                           300000   300000        E   300000       0
dist/default/production\Gerenciamento_46K22.X.production.obj
                intcodelo                            18       18      728        C       0
                intcode                               8        8        6        4       0
                temp                                 5F       5F        1        1       1
                mediumconst                        EA4E     EA4E     15B2     7527       0
                text58                             484A     484A       2A        C       0
                text57                             3DE0     3DE0      120        C       0
                text56                             448C     448C       7A        C       0
                text55                             48FE     48FE       20        C       0
                text54                             49BE     49BE       12        C       0
                text53                             4A6A     4A6A        8        C       0
                text52                             4A62     4A62        8        C       0
                text51                             4A16     4A16        C        C       0
                text50                             4A0A     4A0A        C        C       0
                text49                             456A     456A       60        C       0
                text48                             4A40     4A40        A        C       0
                text47                             467A     467A       52        C       0
                text46                             48DE     48DE       20        C       0
                text45                             4A36     4A36        A        C       0
                text44                             4A2C     4A2C        A        C       0
                text43                             4622     4622       58        C       0
                text42                             34C0     34C0      33C        C       0
                text41                             47F0     47F0       2E        C       0
                text40                             4408     4408       84        C       0
                text39                             3184     3184      33C        C       0
                text38                             2E34     2E34      350        C       0
                text37                             3B5A     3B5A      150        C       0
                text36                             26AA     26AA      3CA        C       0
                text35                             489A     489A       24        C       0
                text34                             4874     4874       26        C       0
                text33                             4506     4506       64        C       0
                text32                             481E     481E       2C        C       0
                text31                             410C     410C       FA        C       0
                text30                             4378     4378       90        C       0
                text29                             4714     4714       40        C       0
                intcode_body                        744      744     1674        C       0
                text27                             4998     4998       14        C       0
                text26                             4A5A     4A5A        8        C       0
                text25                             4A52     4A52        8        C       0
                text24                             49FE     49FE        C        C       0
                text23                             49F0     49F0        E        C       0
                text22                             46CC     46CC       48        C       0
                text21                             4206     4206       BE        C       0
                text20                             2A74     2A74      3C0        C       0
                text19                             39CA     39CA      190        C       0
                text18                             1DB8     1DB8      4A6        C       0
                text17                             3F00     3F00      10C        C       0
                text16                             4754     4754       36        C       0
                text15                             37FC     37FC      1CE        C       0
                text14                             47BE     47BE       32        C       0
                text13                             496C     496C       18        C       0
                text11                             478A     478A       34        C       0
                text10                             4A4A     4A4A        8        C       0
                text9                              49AC     49AC       12        C       0
                text8                              4984     4984       14        C       0
                text7                              49E0     49E0       10        C       0
                text6                              493A     493A       1A        C       0
                text5                              45CA     45CA       58        C       0
                text4                              491E     491E       1C        C       0
                text3                              49D0     49D0       10        C       0
                text2                              4A22     4A22        A        C       0
                text1                              4954     4954       18        C       0
                text0                              3CAA     3CAA      136        C       0
                cstackCOMRAM                          1        1       5D        1       1
                cstackBANK0                          60       60       3B       60       1
                cstackBANK1                         1E8      1E8       18      100       1
                cstackBANK2                         29A      29A       31      200       1
                dataBIGRAM                          400      400      44C      400       1
                dataBANK3                           300      300      100      300       1
                bssBANK2                            200      200       9A      200       1
                dataBANK1                           1C8      1C8       20      100       1
                bssBANK1                            100      100       C8      100       1
                dataBANK0                            CD       CD        2       60       1
                bssBANK0                             9B       9B       32       60       1
                bssCOMRAM                            5E       5E        1        1       1
                cinit                              42C4     42C4       B4        C       0
                idataBANK3                         400C     400C      100        C       0
                idataBANK1                         48BE     48BE       20        C       0
                idataBANK0                         4A72     4A72        2        C       0
                idataBIGRAM                        225E     225E      44C        C       0

TOTAL           Name                               Link     Load   Length     Space
        CLASS   STACK          

        CLASS   CODE           
                intcodelo                            18       18      728         0
                intcode                               8        8        6         0
                init                                740      740        4         0
                reset_vec                             0        0        4         0
                text58                             484A     484A       2A         0
                text57                             3DE0     3DE0      120         0
                text56                             448C     448C       7A         0
                text55                             48FE     48FE       20         0
                text54                             49BE     49BE       12         0
                text53                             4A6A     4A6A        8         0
                text52                             4A62     4A62        8         0
                text51                             4A16     4A16        C         0
                text50                             4A0A     4A0A        C         0
                text49                             456A     456A       60         0
                text48                             4A40     4A40        A         0
                text47                             467A     467A       52         0
                text46                             48DE     48DE       20         0
                text45                             4A36     4A36        A         0
                text44                             4A2C     4A2C        A         0
                text43                             4622     4622       58         0
                text42                             34C0     34C0      33C         0
                text41                             47F0     47F0       2E         0
                text40                             4408     4408       84         0
                text39                             3184     3184      33C         0
                text38                             2E34     2E34      350         0
                text37                             3B5A     3B5A      150         0
                text36                             26AA     26AA      3CA         0
                text35                             489A     489A       24         0
                text34                             4874     4874       26         0
                text33                             4506     4506       64         0
                text32                             481E     481E       2C         0
                text31                             410C     410C       FA         0
                text30                             4378     4378       90         0
                text29                             4714     4714       40         0
                intcode_body                        744      744     1674         0
                text27                             4998     4998       14         0
                text26                             4A5A     4A5A        8         0
                text25                             4A52     4A52        8         0
                text24                             49FE     49FE        C         0
                text23                             49F0     49F0        E         0
                text22                             46CC     46CC       48         0
                text21                             4206     4206       BE         0
                text20                             2A74     2A74      3C0         0
                text19                             39CA     39CA      190         0
                text18                             1DB8     1DB8      4A6         0
                text17                             3F00     3F00      10C         0
                text16                             4754     4754       36         0
                text15                             37FC     37FC      1CE         0
                text14                             47BE     47BE       32         0
                text13                             496C     496C       18         0
                text11                             478A     478A       34         0
                text10                             4A4A     4A4A        8         0
                text9                              49AC     49AC       12         0
                text8                              4984     4984       14         0
                text7                              49E0     49E0       10         0
                text6                              493A     493A       1A         0
                text5                              45CA     45CA       58         0
                text4                              491E     491E       1C         0
                text3                              49D0     49D0       10         0
                text2                              4A22     4A22        A         0
                text1                              4954     4954       18         0
                text0                              3CAA     3CAA      136         0
                cinit                              42C4     42C4       B4         0
                idataBANK3                         400C     400C      100         0
                idataBANK1                         48BE     48BE       20         0
                idataBANK0                         4A72     4A72        2         0
                idataBIGRAM                        225E     225E      44C         0

        CLASS   CONST          

        CLASS   SMALLCONST     

        CLASS   MEDIUMCONST    
                mediumconst                        EA4E     EA4E     15B2         0

        CLASS   COMRAM         
                temp                                 5F       5F        1         1
                cstackCOMRAM                          1        1       5D         1
                bssCOMRAM                            5E       5E        1         1

        CLASS   ABS1           

        CLASS   BIGRAM         
                dataBIGRAM                          400      400      44C         1

        CLASS   RAM            

        CLASS   BANK0          
                cstackBANK0                          60       60       3B         1
                dataBANK0                            CD       CD        2         1
                bssBANK0                             9B       9B       32         1

        CLASS   BANK1          
                cstackBANK1                         1E8      1E8       18         1
                dataBANK1                           1C8      1C8       20         1
                bssBANK1                            100      100       C8         1

        CLASS   BANK2          
                cstackBANK2                         29A      29A       31         1
                bssBANK2                            200      200       9A         1

        CLASS   BANK3          
                dataBANK3                           300      300      100         1

        CLASS   BANK4          

        CLASS   BANK5          

        CLASS   BANK6          

        CLASS   BANK7          

        CLASS   BANK8          

        CLASS   BANK9          

        CLASS   BANK10         

        CLASS   BANK11         

        CLASS   BANK12         

        CLASS   BANK13         

        CLASS   BANK14         

        CLASS   BANK15         

        CLASS   SFR            

        CLASS   FARRAM         

        CLASS   CONFIG         
                config                           300000   300000        E         0

        CLASS   IDLOC          
                idloc                            200000   200000        8         0

        CLASS   EEDATA         



SEGMENTS        Name                           Load    Length   Top    Selector   Space  Class

                reset_vec                      000000  000004  000004         0       0  CODE    
                cstackCOMRAM                   000001  00005F  000060         1       1  COMRAM  
                intcode                        000008  000006  00000E         4       0  CODE    
                intcodelo                      000018  004A5C  004A74         C       0  CODE    
                cstackBANK0                    000060  00006F  0000CF        60       1  BANK0   
                bssBANK1                       000100  000100  000200       100       1  BANK1   
                bssBANK2                       000200  0000CB  0002CB       200       1  BANK2   
                dataBANK3                      000300  000100  000400       300       1  BANK3   
                dataBIGRAM                     000400  00044C  00084C       400       1  BIGRAM  
                mediumconst                    00EA4E  0015B2  010000      7527       0  MEDIUMCO
                idloc                          200000  000008  200008    200000       0  IDLOC   
                config                         300000  00000E  30000E    300000       0  CONFIG  


UNUSED ADDRESS RANGES

        Name                Unused          Largest block    Delta
        BANK0            0000CF-0000FF               31
        BANK10           000A00-000AFF              100
        BANK11           000B00-000BFF              100
        BANK12           000C00-000CFF              100
        BANK13           000D00-000DFF              100
        BANK14           000E00-000EFF              100
        BANK15           000F00-000F37               38
        BANK2            0002CB-0002FF               35
        BANK8            00084C-0008FF               B4
        BANK9            000900-0009FF              100
        BIGRAM           0000CF-0000FF               31
                         0002CB-0002FF               35
                         00084C-000F37              6EC
        CODE             000004-000007                4
                         00000E-000017                A
                         004A74-00EA4D             9FDA
        CONST            000004-000007                4
                         00000E-000017                A
                         004A74-00EA4D             9FDA
        EEDATA           F00000-F003FF              400
        MEDIUMCONST      004A74-00EA4D             9FDA
        RAM              0000CF-0000FF               31
                         0002CB-0002FF               35
                         00084C-000F37              100
        SFR              000F38-000FFF               28
        SMALLCONST       004A74-00EA4D              100
        STACK            00084C-000F37              6EC

                                  Symbol Table

?_Get_Timer0                                     cstackCOMRAM 000001
?_Get_Timer1                                     cstackCOMRAM 000001
?_Read_ADC                                       cstackBANK0  000091
?___awdiv                                        cstackBANK0  000097
?___fladd                                        cstackCOMRAM 00003A
?___fldiv                                        cstackBANK1  0001F2
?___flmul                                        cstackBANK1  0001F2
?___flneg                                        cstackCOMRAM 000036
?___fltol                                        cstackBANK2  0002A7
?___lwdiv                                        cstackCOMRAM 000001
?___wmul                                         cstackBANK0  000091
?___xxtofl                                       cstackBANK0  000097
?i2_Read_ADC                                     cstackCOMRAM 000001
?i2___awdiv                                      cstackCOMRAM 000007
?i2___fldiv                                      cstackCOMRAM 00004E
?i2___flmul                                      cstackCOMRAM 00001D
?i2___fltol                                      cstackCOMRAM 00005A
?i2___wmul                                       cstackCOMRAM 000001
?i2___xxtofl                                     cstackCOMRAM 00000F
Get_Timer0@Data                                  cstackCOMRAM 000005
Get_Timer1@Data                                  cstackCOMRAM 000005
I2C_Master_Escreve_Endereco@dado_i2c             cstackBANK0  000093
I2C_Master_Escreve_Endereco@end_i2c              cstackBANK0  000095
I2C_Master_Escreve_Endereco@end_master           cstackBANK0  000094
I2C_Master_Escreve_Multiplos_Endereco@buffer     cstackCOMRAM 000003
I2C_Master_Escreve_Multiplos_Endereco@cont       cstackCOMRAM 000008
I2C_Master_Escreve_Multiplos_Endereco@cont_b     cstackCOMRAM 000005
I2C_Master_Escreve_Multiplos_Endereco@end_i2c    cstackCOMRAM 000007
I2C_Master_Escreve_Multiplos_Endereco@end_master cstackCOMRAM 000006
I2C_Transmite@dado_I2c                           cstackBANK0  000092
MASTER_SPI_WRITE1@dados                          cstackBANK2  0002C8
Read_ADC@channel                                 cstackBANK0  000094
Set_Timer0@data_timer                            cstackCOMRAM 000001
Set_Timer1@data_timer                            cstackCOMRAM 000001
Set_Timer3@data_timer                            cstackCOMRAM 000001
Spi_Write16@data                                 cstackBANK2  0002C9
_ADCON0bits                                      (abs)        000FC2
_ADCON1bits                                      (abs)        000FC1
_ADCON2bits                                      (abs)        000FC0
_ADRESH                                          (abs)        000FC4
_AD_Req                                          bssBANK1     000180
_ANSELA                                          (abs)        000F38
_ANSELAbits                                      (abs)        000F38
_ANSELB                                          (abs)        000F39
_ANSELBbits                                      (abs)        000F39
_ANSELC                                          (abs)        000F3A
_ANSELD                                          (abs)        000F3B
_ANSELE                                          (abs)        000F3C
_ANSELEbits                                      (abs)        000F3C
_ANTref_vb                                       dataBANK1    0001DA
_ATUALref_vb                                     dataBANK1    0001DC
_Battery                                         bssBANK2     000250
_Battery_ad_Read                                 text56       00448C
_Config_ADC                                      text11       00478A
_Config_Int_Ext0                                 text10       004A4A
_Config_Timer0                                   text9        0049AC
_Config_Timer1                                   text8        004984
_Config_Timer2                                   text7        0049E0
_Config_Timer3                                   text6        00493A
_Configure_HW                                    text5        0045CA
_Flag_MarchaLenta                                bssBANK1     00017C
_Get_Timer0                                      text46       0048DE
_Get_Timer1                                      text55       0048FE
_I2C_Master_Escreve_Endereco                     text22       0046CC
_I2C_Master_Escreve_Multiplos_Endereco           text49       00456A
_I2C_Master_Init                                 text4        00491E
_I2C_Master_Start                                text26       004A5A
_I2C_Master_Stop                                 text25       004A52
_I2C_Master_Wait                                 text27       004998
_I2C_Testa_ACK                                   text24       0049FE
_I2C_Transmite                                   text23       0049F0
_INTCON2bits                                     (abs)        000FF1
_INTCONbits                                      (abs)        000FF2
_KIlambda                                        dataBANK1    0001CC
_KPlambda                                        dataBANK1    0001D4
_Ki_rpm                                          mediumconst  00FFF7
_Kp_inj                                          mediumconst  00FFFB
_Kp_rpm                                          bssBANK2     000244
_Kref1_rpm                                       bssBANK2     000240
_Kref2_rpm                                       bssBANK2     00023C
_LATAbits                                        (abs)        000F89
_LATBbits                                        (abs)        000F8A
_LATCbits                                        (abs)        000F8B
_LATDbits                                        (abs)        000F8C
_LATEbits                                        (abs)        000F8D
_Low_Isr                                         intcodelo    000018
_Low_Isr$3180                                    cstackBANK2  0002C4
_MASTER_SPI_WRITE1                               text2        004A22
_Max_Control                                     dataBANK1    0001E4
_Min_Control                                     dataBANK1    0001D0
_OffSet_refRPM                                   bssBANK1     0001BE
_PIE1bits                                        (abs)        000F9D
_PIE2bits                                        (abs)        000FA0
_PIR1bits                                        (abs)        000F9E
_PIR2bits                                        (abs)        000FA1
_PORTBbits                                       (abs)        000F81
_PR2                                             (abs)        000FBB
_RCONbits                                        (abs)        000FD0
_Read_ADC                                        text14       0047BE
_Rlambda                                         bssBANK1     000158
_SPI_MASTER1                                     text3        0049D0
_SSP1BUF                                         (abs)        000FC9
_SSP1CON1                                        (abs)        000FC6
_SSP1STAT                                        (abs)        000FC7
_SSP1STATbits                                    (abs)        000FC7
_SSP2ADD                                         (abs)        000F6E
_SSP2BUF                                         (abs)        000F6F
_SSP2CON1                                        (abs)        000F6C
_SSP2CON2                                        (abs)        000F6B
_SSP2CON2bits                                    (abs)        000F6B
_SSP2STAT                                        (abs)        000F6D
_SSP2STATbits                                    (abs)        000F6D
_Send_i2c                                        bssBANK1     00017E
_Set_Timer0                                      text45       004A36
_Set_Timer1                                      text48       004A40
_Set_Timer3                                      text44       004A2C
_Spi_Write16                                     text1        004954
_T0CONbits                                       (abs)        000FD5
_T1CONbits                                       (abs)        000FCD
_T2CONbits                                       (abs)        000FBA
_T3CONbits                                       (abs)        000FB1
_T4CONbits                                       (abs)        000F51
_T5CONbits                                       (abs)        000F4E
_T6CONbits                                       (abs)        000F4A
_TMR0H                                           (abs)        000FD7
_TMR0IP                                          (abs)        007F8A
_TMR0L                                           (abs)        000FD6
_TMR1H                                           (abs)        000FCF
_TMR1IP                                          (abs)        007CF8
_TMR1L                                           (abs)        000FCE
_TMR2                                            (abs)        000FBC
_TMR2IP                                          (abs)        007CF9
_TMR3H                                           (abs)        000FB3
_TMR3IE                                          (abs)        007D01
_TMR3IP                                          (abs)        007D11
_TMR3L                                           (abs)        000FB2
_TMR4                                            (abs)        000F53
_TMR5H                                           (abs)        000F50
_TMR5IE                                          (abs)        007BE9
_TMR5L                                           (abs)        000F4F
_TMR6                                            (abs)        000F4C
_TRISA                                           (abs)        000F92
_TRISA5                                          (abs)        007C95
_TRISB                                           (abs)        000F93
_TRISB0                                          (abs)        007C98
_TRISB1                                          (abs)        007C99
_TRISB2                                          (abs)        007C9A
_TRISC                                           (abs)        000F94
_TRISC3                                          (abs)        007CA3
_TRISC4                                          (abs)        007CA4
_TRISC5                                          (abs)        007CA5
_TRISD                                           (abs)        000F95
_TRISD0                                          (abs)        007CA8
_TRISD1                                          (abs)        007CA9
_TRISD3                                          (abs)        007CAB
_TRISD4                                          (abs)        007CAC
_TRISDbits                                       (abs)        000F95
_TRISE                                           (abs)        000F96
_Ts                                              bssBANK1     00016C
_UI_ant                                          bssBANK1     00015C
_U_I                                             bssBANK1     000160
_U_P                                             bssBANK1     000164
_VarTest                                         bssBANK2     000258
_VetBat                                          dataBIGRAM   000400
_Vet_TempAg                                      dataBANK3    000300
_Vet_TempAr                                      dataBIGRAM   00064C
_VoltBattery                                     bssCOMRAM    00005E
__CFG_BOREN$OFF                                  (abs)        000000
__CFG_CP0$OFF                                    (abs)        000000
__CFG_CP1$OFF                                    (abs)        000000
__CFG_CPB$OFF                                    (abs)        000000
__CFG_CPD$OFF                                    (abs)        000000
__CFG_EBTR0$OFF                                  (abs)        000000
__CFG_EBTR1$OFF                                  (abs)        000000
__CFG_EBTRB$OFF                                  (abs)        000000
__CFG_FCMEN$OFF                                  (abs)        000000
__CFG_FOSC$HSHP                                  (abs)        000000
__CFG_IESO$OFF                                   (abs)        000000
__CFG_LVP$OFF                                    (abs)        000000
__CFG_PLLCFG$ON                                  (abs)        000000
__CFG_STVREN$OFF                                 (abs)        000000
__CFG_WDTEN$OFF                                  (abs)        000000
__CFG_WDTPS$32768                                (abs)        000000
__CFG_WRT0$OFF                                   (abs)        000000
__CFG_WRT1$OFF                                   (abs)        000000
__CFG_WRTB$OFF                                   (abs)        000000
__CFG_WRTC$OFF                                   (abs)        000000
__CFG_WRTD$OFF                                   (abs)        000000
__CFG_XINST$OFF                                  (abs)        000000
__HRAM                                           (abs)        000000
__Habs1                                          abs1         000000
__Hbank0                                         bank0        000000
__Hbank1                                         bank1        000000
__Hbank10                                        bank10       000000
__Hbank11                                        bank11       000000
__Hbank12                                        bank12       000000
__Hbank13                                        bank13       000000
__Hbank14                                        bank14       000000
__Hbank15                                        bank15       000000
__Hbank2                                         bank2        000000
__Hbank3                                         bank3        000000
__Hbank4                                         bank4        000000
__Hbank5                                         bank5        000000
__Hbank6                                         bank6        000000
__Hbank7                                         bank7        000000
__Hbank8                                         bank8        000000
__Hbank9                                         bank9        000000
__Hbigbss                                        bigbss       000000
__Hbigdata                                       bigdata      000000
__Hbigram                                        bigram       000000
__Hbss                                           bss          000000
__HbssBANK0                                      bssBANK0     000000
__HbssBANK1                                      bssBANK1     000000
__HbssBANK2                                      bssBANK2     000000
__HbssCOMRAM                                     bssCOMRAM    000000
__Hcinit                                         cinit        000000
__Hclrtext                                       clrtext      000000
__Hcomram                                        comram       000000
__Hconfig                                        config       30000E
__Hconst                                         const        000000
__HcstackBANK0                                   cstackBANK0  000000
__HcstackBANK1                                   cstackBANK1  000000
__HcstackBANK2                                   cstackBANK2  000000
__HcstackCOMRAM                                  cstackCOMRAM 000000
__Hdata                                          data         000000
__HdataBANK0                                     dataBANK0    000000
__HdataBANK1                                     dataBANK1    000000
__HdataBANK3                                     dataBANK3    000000
__HdataBIGRAM                                    dataBIGRAM   000000
__Heeprom_data                                   eeprom_data  000000
__Hfarbss                                        farbss       000000
__Hfardata                                       fardata      000000
__Hibigdata                                      ibigdata     000000
__Hidata                                         idata        000000
__HidataBANK0                                    idataBANK0   000000
__HidataBANK1                                    idataBANK1   000000
__HidataBANK3                                    idataBANK3   000000
__HidataBIGRAM                                   idataBIGRAM  000000
__Hidloc                                         idloc        200008
__Hifardata                                      ifardata     000000
__Hinit                                          init         000744
__Hintcode                                       intcode      00000E
__Hintcode_body                                  intcode_body 000000
__Hintcodelo                                     intcodelo    000740
__Hintentry                                      intentry     000000
__Hintret                                        intret       000000
__Hintsave_regs                                  intsave_regs 000000
__Hirdata                                        irdata       000000
__Hmediumconst                                   mediumconst  010000
__HnvFARRAM                                      nvFARRAM     000000
__Hnvbit                                         nvbit        000000
__Hnvrram                                        nvrram       000000
__Hparam                                         rparam       000000
__Hpowerup                                       powerup      000740
__Hram                                           ram          000000
__Hramtop                                        ramtop       001000
__Hrbit                                          rbit         000000
__Hrbss                                          rbss         000000
__Hrdata                                         rdata        000000
__Hreset_vec                                     reset_vec    000004
__Hrparam                                        rparam       000000
__Hsfr                                           sfr          000000
__Hsmallconst                                    smallconst   000000
__Hspace_0                                       (abs)        30000E
__Hspace_1                                       (abs)        00084C
__Hspace_2                                       (abs)        000000
__Hstack                                         stack        000000
__Hstruct                                        struct       000000
__Htemp                                          temp         000060
__Htext                                          text         000000
__Htext0                                         text0        000000
__Htext1                                         text1        000000
__Htext10                                        text10       000000
__Htext11                                        text11       000000
__Htext13                                        text13       000000
__Htext14                                        text14       000000
__Htext15                                        text15       000000
__Htext16                                        text16       000000
__Htext17                                        text17       000000
__Htext18                                        text18       000000
__Htext19                                        text19       000000
__Htext2                                         text2        000000
__Htext20                                        text20       000000
__Htext21                                        text21       000000
__Htext22                                        text22       000000
__Htext23                                        text23       000000
__Htext24                                        text24       000000
__Htext25                                        text25       000000
__Htext26                                        text26       000000
__Htext27                                        text27       000000
__Htext29                                        text29       000000
__Htext3                                         text3        000000
__Htext30                                        text30       000000
__Htext31                                        text31       000000
__Htext32                                        text32       000000
__Htext33                                        text33       000000
__Htext34                                        text34       000000
__Htext35                                        text35       000000
__Htext36                                        text36       000000
__Htext37                                        text37       000000
__Htext38                                        text38       000000
__Htext39                                        text39       000000
__Htext4                                         text4        000000
__Htext40                                        text40       000000
__Htext41                                        text41       000000
__Htext42                                        text42       000000
__Htext43                                        text43       000000
__Htext44                                        text44       000000
__Htext45                                        text45       000000
__Htext46                                        text46       000000
__Htext47                                        text47       000000
__Htext48                                        text48       000000
__Htext49                                        text49       000000
__Htext5                                         text5        000000
__Htext50                                        text50       000000
__Htext51                                        text51       000000
__Htext52                                        text52       000000
__Htext53                                        text53       000000
__Htext54                                        text54       000000
__Htext55                                        text55       000000
__Htext56                                        text56       000000
__Htext57                                        text57       000000
__Htext58                                        text58       000000
__Htext6                                         text6        000000
__Htext7                                         text7        000000
__Htext8                                         text8        000000
__Htext9                                         text9        000000
__LRAM                                           (abs)        000001
__Labs1                                          abs1         000000
__Lbank0                                         bank0        000000
__Lbank1                                         bank1        000000
__Lbank10                                        bank10       000000
__Lbank11                                        bank11       000000
__Lbank12                                        bank12       000000
__Lbank13                                        bank13       000000
__Lbank14                                        bank14       000000
__Lbank15                                        bank15       000000
__Lbank2                                         bank2        000000
__Lbank3                                         bank3        000000
__Lbank4                                         bank4        000000
__Lbank5                                         bank5        000000
__Lbank6                                         bank6        000000
__Lbank7                                         bank7        000000
__Lbank8                                         bank8        000000
__Lbank9                                         bank9        000000
__Lbigbss                                        bigbss       000000
__Lbigdata                                       bigdata      000000
__Lbigram                                        bigram       000000
__Lbss                                           bss          000000
__LbssBANK0                                      bssBANK0     000000
__LbssBANK1                                      bssBANK1     000000
__LbssBANK2                                      bssBANK2     000000
__LbssCOMRAM                                     bssCOMRAM    000000
__Lcinit                                         cinit        000000
__Lclrtext                                       clrtext      000000
__Lcomram                                        comram       000000
__Lconfig                                        config       300000
__Lconst                                         const        000000
__LcstackBANK0                                   cstackBANK0  000000
__LcstackBANK1                                   cstackBANK1  000000
__LcstackBANK2                                   cstackBANK2  000000
__LcstackCOMRAM                                  cstackCOMRAM 000000
__Ldata                                          data         000000
__LdataBANK0                                     dataBANK0    000000
__LdataBANK1                                     dataBANK1    000000
__LdataBANK3                                     dataBANK3    000000
__LdataBIGRAM                                    dataBIGRAM   000000
__Leeprom_data                                   eeprom_data  000000
__Lfarbss                                        farbss       000000
__Lfardata                                       fardata      000000
__Libigdata                                      ibigdata     000000
__Lidata                                         idata        000000
__LidataBANK0                                    idataBANK0   000000
__LidataBANK1                                    idataBANK1   000000
__LidataBANK3                                    idataBANK3   000000
__LidataBIGRAM                                   idataBIGRAM  000000
__Lidloc                                         idloc        200000
__Lifardata                                      ifardata     000000
__Linit                                          init         000740
__Lintcode                                       intcode      000008
__Lintcode_body                                  intcode_body 000000
__Lintcodelo                                     intcodelo    000018
__Lintentry                                      intentry     000000
__Lintret                                        intret       000000
__Lintsave_regs                                  intsave_regs 000000
__Lirdata                                        irdata       000000
__Lmediumconst                                   mediumconst  00EA4E
__LnvFARRAM                                      nvFARRAM     000000
__Lnvbit                                         nvbit        000000
__Lnvrram                                        nvrram       000000
__Lparam                                         rparam       000000
__Lpowerup                                       powerup      000740
__Lram                                           ram          000000
__Lramtop                                        ramtop       001000
__Lrbit                                          rbit         000000
__Lrbss                                          rbss         000000
__Lrdata                                         rdata        000000
__Lreset_vec                                     reset_vec    000000
__Lrparam                                        rparam       000000
__Lsfr                                           sfr          000000
__Lsmallconst                                    smallconst   000000
__Lspace_0                                       (abs)        000000
__Lspace_1                                       (abs)        000000
__Lspace_2                                       (abs)        000000
__Lstack                                         stack        000000
__Lstruct                                        struct       000000
__Ltemp                                          temp         00005F
__Ltext                                          text         000000
__Ltext0                                         text0        000000
__Ltext1                                         text1        000000
__Ltext10                                        text10       000000
__Ltext11                                        text11       000000
__Ltext13                                        text13       000000
__Ltext14                                        text14       000000
__Ltext15                                        text15       000000
__Ltext16                                        text16       000000
__Ltext17                                        text17       000000
__Ltext18                                        text18       000000
__Ltext19                                        text19       000000
__Ltext2                                         text2        000000
__Ltext20                                        text20       000000
__Ltext21                                        text21       000000
__Ltext22                                        text22       000000
__Ltext23                                        text23       000000
__Ltext24                                        text24       000000
__Ltext25                                        text25       000000
__Ltext26                                        text26       000000
__Ltext27                                        text27       000000
__Ltext29                                        text29       000000
__Ltext3                                         text3        000000
__Ltext30                                        text30       000000
__Ltext31                                        text31       000000
__Ltext32                                        text32       000000
__Ltext33                                        text33       000000
__Ltext34                                        text34       000000
__Ltext35                                        text35       000000
__Ltext36                                        text36       000000
__Ltext37                                        text37       000000
__Ltext38                                        text38       000000
__Ltext39                                        text39       000000
__Ltext4                                         text4        000000
__Ltext40                                        text40       000000
__Ltext41                                        text41       000000
__Ltext42                                        text42       000000
__Ltext43                                        text43       000000
__Ltext44                                        text44       000000
__Ltext45                                        text45       000000
__Ltext46                                        text46       000000
__Ltext47                                        text47       000000
__Ltext48                                        text48       000000
__Ltext49                                        text49       000000
__Ltext5                                         text5        000000
__Ltext50                                        text50       000000
__Ltext51                                        text51       000000
__Ltext52                                        text52       000000
__Ltext53                                        text53       000000
__Ltext54                                        text54       000000
__Ltext55                                        text55       000000
__Ltext56                                        text56       000000
__Ltext57                                        text57       000000
__Ltext58                                        text58       000000
__Ltext6                                         text6        000000
__Ltext7                                         text7        000000
__Ltext8                                         text8        000000
__Ltext9                                         text9        000000
__S0                                             (abs)        30000E
__S1                                             (abs)        00084C
__S2                                             (abs)        000000
___awdiv                                         text21       004206
___awdiv@counter                                 cstackBANK1  0001E8
___awdiv@dividend                                cstackBANK0  000097
___awdiv@divisor                                 cstackBANK0  000099
___awdiv@quotient                                cstackBANK1  0001EA
___awdiv@sign                                    cstackBANK1  0001E9
___fladd                                         text42       0034C0
___fladd@a                                       cstackCOMRAM 00003E
___fladd@aexp                                    cstackCOMRAM 00004B
___fladd@b                                       cstackCOMRAM 00003A
___fladd@bexp                                    cstackCOMRAM 00004C
___fladd@grs                                     cstackCOMRAM 00004D
___fladd@signs                                   cstackCOMRAM 00004A
___fldiv                                         text20       002A74
___fldiv@a                                       cstackBANK1  0001F6
___fldiv@aexp                                    cstackBANK2  0002A6
___fldiv@b                                       cstackBANK1  0001F2
___fldiv@bexp                                    cstackBANK2  0002A5
___fldiv@grs                                     cstackBANK2  0002A1
___fldiv@new_exp                                 cstackBANK2  00029F
___fldiv@rem                                     cstackBANK2  00029B
___fldiv@sign                                    cstackBANK2  00029A
___flge                                          text19       0039CA
___flge@ff1                                      cstackBANK1  0001F2
___flge@ff2                                      cstackBANK1  0001F6
___flmul                                         text18       001DB8
___flmul@a                                       cstackBANK1  0001F6
___flmul@aexp                                    cstackBANK2  00029B
___flmul@b                                       cstackBANK1  0001F2
___flmul@bexp                                    cstackBANK2  0002A0
___flmul@grs                                     cstackBANK2  00029C
___flmul@prod                                    cstackBANK2  0002A1
___flmul@sign                                    cstackBANK2  00029A
___flmul@temp                                    cstackBANK2  0002A5
___flneg                                         text41       0047F0
___flneg@f1                                      cstackCOMRAM 000036
___fltol                                         text17       003F00
___fltol@exp1                                    cstackBANK1  0001FF
___fltol@f1                                      cstackBANK2  0002A7
___fltol@sign1                                   cstackBANK1  0001FE
___inthi_sp                                      stack        000000
___intlo_sp                                      stack        000000
___lwdiv                                         text47       00467A
___lwdiv@counter                                 cstackCOMRAM 000007
___lwdiv@dividend                                cstackCOMRAM 000001
___lwdiv@divisor                                 cstackCOMRAM 000003
___lwdiv@quotient                                cstackCOMRAM 000005
___param_bank                                    (abs)        000000
___rparam_used                                   (abs)        000001
___sp                                            stack        000000
___wmul                                          text16       004754
___wmul@multiplicand                             cstackBANK0  000093
___wmul@multiplier                               cstackBANK0  000091
___wmul@product                                  cstackBANK0  000095
___xxtofl                                        text15       0037FC
___xxtofl@arg                                    cstackBANK1  0001EE
___xxtofl@exp                                    cstackBANK1  0001ED
___xxtofl@sign                                   cstackBANK1  0001EC
___xxtofl@val                                    cstackBANK0  000097
__accesstop                                      (abs)        000060
__activetblptr                                   (abs)        000002
__end_of_Battery_ad_Read                         text56       004506
__end_of_Config_ADC                              text11       0047BE
__end_of_Config_Int_Ext0                         text10       004A52
__end_of_Config_Timer0                           text9        0049BE
__end_of_Config_Timer1                           text8        004998
__end_of_Config_Timer2                           text7        0049F0
__end_of_Config_Timer3                           text6        004954
__end_of_Configure_HW                            text5        004622
__end_of_Get_Timer0                              text46       0048FE
__end_of_Get_Timer1                              text55       00491E
__end_of_I2C_Master_Escreve_Endereco             text22       004714
__end_of_I2C_Master_Escreve_Multiplos_Endereco   text49       0045CA
__end_of_I2C_Master_Init                         text4        00493A
__end_of_I2C_Master_Start                        text26       004A62
__end_of_I2C_Master_Stop                         text25       004A5A
__end_of_I2C_Master_Wait                         text27       0049AC
__end_of_I2C_Testa_ACK                           text24       004A0A
__end_of_I2C_Transmite                           text23       0049FE
__end_of_Ki_rpm                                  mediumconst  00FFFB
__end_of_Kp_inj                                  mediumconst  00FFFF
__end_of_Low_Isr                                 intcodelo    000740
__end_of_MASTER_SPI_WRITE1                       text2        004A2C
__end_of_Read_ADC                                text14       0047F0
__end_of_SPI_MASTER1                             text3        0049E0
__end_of_Set_Timer0                              text45       004A40
__end_of_Set_Timer1                              text48       004A4A
__end_of_Set_Timer3                              text44       004A36
__end_of_Spi_Write16                             text1        00496C
__end_of___awdiv                                 text21       0042C4
__end_of___fladd                                 text42       0037FC
__end_of___fldiv                                 text20       002E34
__end_of___flge                                  text19       003B5A
__end_of___flmul                                 text18       00225E
__end_of___flneg                                 text41       00481E
__end_of___fltol                                 text17       00400C
__end_of___lwdiv                                 text47       0046CC
__end_of___wmul                                  text16       00478A
__end_of___xxtofl                                text15       0039CA
__end_of__initialization                         cinit        00436A
__end_of_conta_dente                             text43       00467A
__end_of_control_lambda                          text36       002A74
__end_of_high_isr                                intcode_body 001DB8
__end_of_ig_refGOL                               mediumconst  00F49F
__end_of_ig_refGOL_Alcool                        mediumconst  00FEEF
__end_of_ij_ref                                  mediumconst  00FFF7
__end_of_lambda_Read                             text35       0048BE
__end_of_main                                    text0        003DE0
__end_of_map_ad_Read                             text33       00456A
__end_of_pedal_ad_Read                           text13       004984
__end_of_t_agua_ad_Read                          text32       00484A
__end_of_t_ar_ad_Read                            text30       004408
__end_ofi2_I2C_Master_Escreve_Endereco           text29       004754
__end_ofi2_I2C_Master_Start                      text53       004A72
__end_ofi2_I2C_Master_Stop                       text52       004A6A
__end_ofi2_I2C_Master_Wait                       text54       0049D0
__end_ofi2_I2C_Testa_ACK                         text51       004A22
__end_ofi2_I2C_Transmite                         text50       004A16
__end_ofi2_Read_ADC                              text58       004874
__end_ofi2___awdiv                               text40       00448C
__end_ofi2___fldiv                               text39       0034C0
__end_ofi2___flge                                text57       003F00
__end_ofi2___flmul                               text38       003184
__end_ofi2___fltol                               text31       004206
__end_ofi2___wmul                                text34       00489A
__end_ofi2___xxtofl                              text37       003CAA
__initialization                                 cinit        0042C4
__mediumconst                                    mediumconst  00EA4E
__pbssBANK0                                      bssBANK0     00009B
__pbssBANK1                                      bssBANK1     000100
__pbssBANK2                                      bssBANK2     000200
__pbssCOMRAM                                     bssCOMRAM    00005E
__pcinit                                         cinit        0042C4
__pcstackBANK0                                   cstackBANK0  000060
__pcstackBANK1                                   cstackBANK1  0001E8
__pcstackBANK2                                   cstackBANK2  00029A
__pcstackCOMRAM                                  cstackCOMRAM 000001
__pdataBANK0                                     dataBANK0    0000CD
__pdataBANK1                                     dataBANK1    0001C8
__pdataBANK3                                     dataBANK3    000300
__pdataBIGRAM                                    dataBIGRAM   000400
__pidataBANK0                                    idataBANK0   004A72
__pidataBANK1                                    idataBANK1   0048BE
__pidataBANK3                                    idataBANK3   00400C
__pidataBIGRAM                                   idataBIGRAM  00225E
__pintcode                                       intcode      000008
__pintcode_body                                  intcode_body 000744
__pintcodelo                                     intcodelo    000018
__pmediumconst                                   mediumconst  00EA4E
__ptext0                                         text0        003CAA
__ptext1                                         text1        004954
__ptext10                                        text10       004A4A
__ptext11                                        text11       00478A
__ptext13                                        text13       00496C
__ptext14                                        text14       0047BE
__ptext15                                        text15       0037FC
__ptext16                                        text16       004754
__ptext17                                        text17       003F00
__ptext18                                        text18       001DB8
__ptext19                                        text19       0039CA
__ptext2                                         text2        004A22
__ptext20                                        text20       002A74
__ptext21                                        text21       004206
__ptext22                                        text22       0046CC
__ptext23                                        text23       0049F0
__ptext24                                        text24       0049FE
__ptext25                                        text25       004A52
__ptext26                                        text26       004A5A
__ptext27                                        text27       004998
__ptext29                                        text29       004714
__ptext3                                         text3        0049D0
__ptext30                                        text30       004378
__ptext31                                        text31       00410C
__ptext32                                        text32       00481E
__ptext33                                        text33       004506
__ptext34                                        text34       004874
__ptext35                                        text35       00489A
__ptext36                                        text36       0026AA
__ptext37                                        text37       003B5A
__ptext38                                        text38       002E34
__ptext39                                        text39       003184
__ptext4                                         text4        00491E
__ptext40                                        text40       004408
__ptext41                                        text41       0047F0
__ptext42                                        text42       0034C0
__ptext43                                        text43       004622
__ptext44                                        text44       004A2C
__ptext45                                        text45       004A36
__ptext46                                        text46       0048DE
__ptext47                                        text47       00467A
__ptext48                                        text48       004A40
__ptext49                                        text49       00456A
__ptext5                                         text5        0045CA
__ptext50                                        text50       004A0A
__ptext51                                        text51       004A16
__ptext52                                        text52       004A62
__ptext53                                        text53       004A6A
__ptext54                                        text54       0049BE
__ptext55                                        text55       0048FE
__ptext56                                        text56       00448C
__ptext57                                        text57       003DE0
__ptext58                                        text58       00484A
__ptext6                                         text6        00493A
__ptext7                                         text7        0049E0
__ptext8                                         text8        004984
__ptext9                                         text9        0049AC
__ramtop                                         ramtop       001000
__size_of_Battery_ad_Read                        (abs)        000000
__size_of_Config_ADC                             (abs)        000000
__size_of_Config_Int_Ext0                        (abs)        000000
__size_of_Config_Timer0                          (abs)        000000
__size_of_Config_Timer1                          (abs)        000000
__size_of_Config_Timer2                          (abs)        000000
__size_of_Config_Timer3                          (abs)        000000
__size_of_Configure_HW                           (abs)        000000
__size_of_Get_Timer0                             (abs)        000000
__size_of_Get_Timer1                             (abs)        000000
__size_of_I2C_Master_Escreve_Endereco            (abs)        000000
__size_of_I2C_Master_Escreve_Multiplos_Endereco  (abs)        000000
__size_of_I2C_Master_Init                        (abs)        000000
__size_of_I2C_Master_Start                       (abs)        000000
__size_of_I2C_Master_Stop                        (abs)        000000
__size_of_I2C_Master_Wait                        (abs)        000000
__size_of_I2C_Testa_ACK                          (abs)        000000
__size_of_I2C_Transmite                          (abs)        000000
__size_of_Low_Isr                                (abs)        000000
__size_of_MASTER_SPI_WRITE1                      (abs)        000000
__size_of_Read_ADC                               (abs)        000000
__size_of_SPI_MASTER1                            (abs)        000000
__size_of_Set_Timer0                             (abs)        000000
__size_of_Set_Timer1                             (abs)        000000
__size_of_Set_Timer3                             (abs)        000000
__size_of_Spi_Write16                            (abs)        000000
__size_of___awdiv                                (abs)        000000
__size_of___fladd                                (abs)        000000
__size_of___fldiv                                (abs)        000000
__size_of___flge                                 (abs)        000000
__size_of___flmul                                (abs)        000000
__size_of___flneg                                (abs)        000000
__size_of___fltol                                (abs)        000000
__size_of___lwdiv                                (abs)        000000
__size_of___wmul                                 (abs)        000000
__size_of___xxtofl                               (abs)        000000
__size_of_conta_dente                            (abs)        000000
__size_of_control_lambda                         (abs)        000000
__size_of_high_isr                               (abs)        000000
__size_of_lambda_Read                            (abs)        000000
__size_of_main                                   (abs)        000000
__size_of_map_ad_Read                            (abs)        000000
__size_of_pedal_ad_Read                          (abs)        000000
__size_of_t_agua_ad_Read                         (abs)        000000
__size_of_t_ar_ad_Read                           (abs)        000000
__size_ofi2_I2C_Master_Escreve_Endereco          (abs)        000000
__size_ofi2_I2C_Master_Start                     (abs)        000000
__size_ofi2_I2C_Master_Stop                      (abs)        000000
__size_ofi2_I2C_Master_Wait                      (abs)        000000
__size_ofi2_I2C_Testa_ACK                        (abs)        000000
__size_ofi2_I2C_Transmite                        (abs)        000000
__size_ofi2_Read_ADC                             (abs)        000000
__size_ofi2___awdiv                              (abs)        000000
__size_ofi2___fldiv                              (abs)        000000
__size_ofi2___flge                               (abs)        000000
__size_ofi2___flmul                              (abs)        000000
__size_ofi2___fltol                              (abs)        000000
__size_ofi2___wmul                               (abs)        000000
__size_ofi2___xxtofl                             (abs)        000000
__smallconst                                     smallconst   000000
_a                                               bssBANK1     0001BC
_abertura_vb                                     bssBANK0     0000B1
_abertura_vb_max                                 bssBANK1     000110
_address                                         bssBANK0     0000C5
_address_2                                       bssBANK0     0000C4
_angle                                           bssBANK1     0001B0
_b                                               bssBANK1     0001BA
_buffer_i2                                       bssBANK2     000200
_buffer_i2c                                      bssBANK2     000268
_buffer_read                                     bssBANK2     000214
_c                                               bssBANK1     0001B8
_chave_geral_control_lambda                      bssBANK0     0000BE
_cont_partida                                    dataBANK1    0001DE
_conta_dente                                     text43       004622
_contro_lambda                                   bssBANK2     00022C
_control_ant                                     bssBANK2     000264
_control_lambda                                  text36       0026AA
_control_lambda$3184                             cstackBANK0  00006D
_control_lambda$3287                             cstackBANK0  000071
_controle_lambda                                 bssBANK0     0000AB
_controle_lambda_ant                             bssBANK2     000260
_controle_lbd_int                                bssBANK1     00018E
_corr_mc_ma                                      bssBANK1     000138
_counter_peralta                                 bssBANK1     00018A
_d                                               bssBANK1     0001B6
_delta_estequiometria                            bssBANK1     00013C
_dente                                           bssBANK0     0000C6
_dente_flex                                      bssBANK1     000114
_derivada_pedal                                  bssBANK1     000190
_dm                                              bssBANK1     000182
_e                                               bssBANK1     0001B4
_erro_lambda                                     bssBANK1     000168
_erro_lambda_ant                                 bssBANK1     000154
_erro_rpm                                        bssBANK0     00009B
_estado_controle_ml                              bssBANK1     000194
_estado_temp_ml                                  bssBANK0     0000C1
_falha_ok                                        bssBANK1     0001AC
_fator_corr_vbat                                 bssBANK1     000134
_fator_inj                                       bssBANK0     0000A7
_fator_inj_derivada                              bssBANK1     000130
_flag                                            bssBANK0     0000BF
_flag_controle_ign                               bssBANK1     00017A
_flag_disturbio                                  bssBANK0     0000BD
_flag_partida                                    dataBANK1    0001D8
_high_isr                                        intcode      000008
_high_isr$3178                                   cstackBANK0  00008D
_high_isr$3286                                   cstackBANK0  000089
_ig_14_temp                                      bssBANK1     000118
_ig_dente_14                                     bssBANK1     0001A8
_ig_dente_14_temp                                bssBANK0     0000B3
_ig_pos                                          bssBANK1     0001AE
_ig_refGOL                                       mediumconst  00EA4F
_ig_refGOL_Alcool                                mediumconst  00F49F
_ig_tmr_disparo                                  bssBANK1     0001A6
_ig_tmr_disparo_temp                             bssBANK1     00012C
_ij_14_extra                                     bssBANK1     00010C
_ij_14_temp                                      bssBANK0     00009F
_ij_dente_14                                     bssBANK1     0001A4
_ij_dente_14_extra                               bssBANK1     00019A
_ij_dente_14_temp                                bssBANK0     0000BB
_ij_ref                                          mediumconst  00FEEF
_ij_tmr_disparo                                  bssBANK1     0001A2
_ij_tmr_disparo_temp                             bssBANK1     000128
_injecao_ok                                      bssBANK1     0001BF
_kp_inj                                          dataBANK1    0001C8
_lambda                                          bssBANK0     0000C0
_lambda_Read                                     text35       00489A
_limpa                                           bssBANK0     0000C2
_m_ar                                            bssBANK1     000144
_m_comb                                          bssBANK1     000140
_main                                            text0        003CAA
_map                                             bssBANK1     000198
_map_ad_Read                                     text33       004506
_marcus_so_fala_bosta                            dataBANK1    0001E2
_n                                               bssBANK1     000188
_n_e                                             bssBANK1     000186
_n_extra                                         bssBANK1     0001B2
_p_rail                                          bssBANK0     0000C3
_pedal_ad                                        bssBANK0     0000B7
_pedal_ad_Read                                   text13       00496C
_periodo                                         bssBANK0     0000C9
_periodo_52                                      bssBANK1     00011C
_porcentagem_alcool                              dataBANK0    0000CD
_pressao_ar                                      bssBANK1     0001C4
_pressao_ar_10bits                               bssBANK2     00025C
_ref_rpm                                         bssBANK1     0001C0
_ref_torque                                      bssBANK0     0000C7
_ref_torque_ant                                  bssBANK1     000184
_ref_vb                                          bssBANK0     0000AF
_ref_vb_base                                     bssBANK2     000234
_ref_vb_float                                    bssBANK2     00024C
_ref_vb_max                                      bssBANK1     000104
_ref_vb_max_peralta                              bssBANK2     000238
_rotacao                                         bssBANK0     0000CB
_rotacao_mlenta                                  dataBANK1    0001E0
_rotacao_temp                                    bssBANK1     000120
_rotacao_temp_1                                  bssBANK2     000248
_rs                                              bssBANK2     000254
_sensor_t_agua                                   bssBANK1     000196
_sensor_t_ar                                     bssBANK1     00018C
_soma_erro_rpm                                   bssBANK1     000108
_t_agua                                          bssBANK0     0000B9
_t_agua_ad_Read                                  text32       00481E
_t_ar                                            bssBANK1     000148
_t_ar_ad_Read                                    text30       004378
_t_ar_com                                        bssBANK1     000192
_t_inj_extra                                     bssBANK1     00019C
_t_inj_lim                                       bssBANK1     00014C
_t_inj_real                                      bssBANK1     000150
_t_periodo                                       bssBANK1     000174
_t_periodo_ref                                   bssBANK1     000170
_temp                                            bssBANK2     000230
_tempo_bob                                       bssBANK1     0001A0
_tempo_bob_temp                                  bssBANK0     0000B5
_tempo_inj                                       bssBANK1     00019E
_tempo_inj_temp                                  bssBANK0     0000A3
_tempo_inj_temp_1                                bssBANK1     000124
_volta_i2c                                       bssBANK1     0001AA
btemp                                            temp         00005F
controle_rpm@_control                            bssBANK2     000228
controle_rpm@ref_vb_temp                         bssBANK1     000100
end_of_initialization                            cinit        00436A
i2I2C_Master_Escreve_Endereco@dado_i2c           cstackCOMRAM 000003
i2I2C_Master_Escreve_Endereco@end_i2c            cstackCOMRAM 000005
i2I2C_Master_Escreve_Endereco@end_master         cstackCOMRAM 000004
i2I2C_Transmite@dado_I2c                         cstackCOMRAM 000002
[...]
 This function uses a non-reentrant model


 *************** function _I2C_Master_Escreve_Multiplos_Endereco *****************
 Defined at:
		line 264 in file "ConfigI2c.c"
 Parameters:    Size  Location     Type
  end_i2c         1    wreg     unsigned char 
  buffer          2    2[COMRAM] PTR unsigned char 
		 -> buffer_i2c(50), 
  cont_b          1    4[COMRAM] unsigned char 
  end_master      1    5[COMRAM] unsigned char 
 Auto vars:     Size  Location     Type
  end_i2c         1    6[COMRAM] unsigned char 
  cont            1    7[COMRAM] unsigned char 
 Return value:  Size  Location     Type
                  1    wreg      unsigned char 
 Registers used:
		wreg, fsr2l, fsr2h, status,2, status,0, prodl, prodh, cstack
 Tracked objects:
		On entry : 
		On exit  : 
		Unchanged: 
 Data sizes:     COMRAM   BANK0   BANK1   BANK2   BANK3   BANK4   BANK5   BANK6   BANK7   BANK8   BANK9  BANK10  BANK11  BANK12  BANK13  BANK14  BANK15
      Params:         4       0       0       0       0       0       0       0       0       0       0       0       0       0       0       0       0
      Locals:         2       0       0       0       0       0       0       0       0       0       0       0       0       0       0       0       0
      Temps:          0       0       0       0       0       0       0       0       0       0       0       0       0       0       0       0       0
      Totals:         6       0       0       0       0       0       0       0       0       0       0       0       0       0       0       0       0
Total ram usage:        6 bytes
 Hardware stack levels used:    1
 Hardware stack levels required when called:    2
 This function calls:
		i2_I2C_Master_Start
		i2_I2C_Master_Stop
		i2_I2C_Master_Wait
		i2_I2C_Testa_ACK
		i2_I2C_Transmite
 This function is called by:
		_high_isr
 This function uses a non-reentrant model


 *************** function i2_I2C_Transmite *****************
 Defined at:
		line 71 in file "ConfigI2c.c"
 Parameters:    Size  Location     Type
  dado_I2c        1    wreg     unsigned char 
 Auto vars:     Size  Location     Type
  dado_I2c        1    1[COMRAM] unsigned char 
 Return value:  Size  Location     Type
                  1    wreg      void 
 Registers used:
		wreg, status,2, status,0, cstack
 Tracked objects:
		On entry : 
		On exit  : 
		Unchanged: 
 Data sizes:     COMRAM   BANK0   BANK1   BANK2   BANK3   BANK4   BANK5   BANK6   BANK7   BANK8   BANK9  BANK10  BANK11  BANK12  BANK13  BANK14  BANK15
      Params:         0       0       0       0       0       0       0       0       0       0       0       0       0       0       0       0       0
      Locals:         1       0       0       0       0       0       0       0       0       0       0       0       0       0       0       0       0
      Temps:          0       0       0       0       0       0       0       0       0       0       0       0       0       0       0       0       0
      Totals:         1       0       0       0       0       0       0       0       0       0       0       0       0       0       0       0       0
Total ram usage:        1 bytes
 Hardware stack levels used:    1
 Hardware stack levels required when called:    1
 This function calls:
		i2_I2C_Master_Wait
 This function is called by:
		_I2C_Master_Escreve_Multiplos_Endereco
		i2_I2C_Master_Escreve_Endereco
 This function uses a non-reentrant model


 *************** function i2_I2C_Testa_ACK *****************
 Defined at:
		line 77 in file "ConfigI2c.c"
 Parameters:    Size  Location     Type
		None
 Auto vars:     Size  Location     Type
		None
 Return value:  Size  Location     Type
                  1    wreg      unsigned char 
 Registers used:
		wreg
 Tracked objects:
		On entry : 
		On exit  : 
		Unchanged: 
 Data sizes:     COMRAM   BANK0   BANK1   BANK2   BANK3   BANK4   BANK5   BANK6   BANK7   BANK8   BANK9  BANK10  BANK11  BANK12  BANK13  BANK14  BANK15
      Params:         0       0       0       0       0       0       0       0       0       0       0       0       0       0       0       0       0
      Locals:         0       0       0       0       0       0       0       0       0       0       0       0       0       0       0       0       0
      Temps:          0       0       0       0       0       0       0       0       0       0       0       0       0       0       0       0       0
      Totals:         0       0       0       0       0       0       0       0       0       0       0       0       0       0       0       0       0
Total ram usage:        0 bytes
 Hardware stack levels used:    1
 This function calls:
		Nothing
 This function is called by:
		_I2C_Master_Escreve_Multiplos_Endereco
		i2_I2C_Master_Escreve_Endereco
 This function uses a non-reentrant model


 *************** function i2_I2C_Master_Stop *****************
 Defined at:
		line 65 in file "ConfigI2c.c"
 Parameters:    Size  Location     Type
		None
 Auto vars:     Size  Location     Type
		None
 Return value:  Size  Location     Type
                  1    wreg      void 
 Registers used:
		wreg, status,2, status,0, cstack
 Tracked objects:
		On entry : 
		On exit  : 
		Unchanged: 
 Data sizes:     COMRAM   BANK0   BANK1   BANK2   BANK3   BANK4   BANK5   BANK6   BANK7   BANK8   BANK9  BANK10  BANK11  BANK12  BANK13  BANK14  BANK15
      Params:         0       0       0       0       0       0       0       0       0       0       0       0       0       0       0       0       0
      Locals:         0       0       0       0       0       0       0       0       0       0       0       0       0       0       0       0       0
      Temps:          0       0       0       0       0       0       0       0       0       0       0       0       0       0       0       0       0
      Totals:         0       0       0       0       0       0       0       0       0       0       0       0       0       0       0       0       0
Total ram usage:        0 bytes
 Hardware stack levels used:    1
 Hardware stack levels required when called:    1
 This function calls:
		i2_I2C_Master_Wait
 This function is called by:
		_I2C_Master_Escreve_Multiplos_Endereco
		i2_I2C_Master_Escreve_Endereco
 This function uses a non-reentrant model


 *************** function i2_I2C_Master_Start *****************
 Defined at:
		line 53 in file "ConfigI2c.c"
 Parameters:    Size  Location     Type
		None
 Auto vars:     Size  Location     Type
		None
 Return value:  Size  Location     Type
                  1    wreg      void 
 Registers used:
		wreg, status,2, status,0, cstack
 Tracked objects:
		On entry : 
		On exit  : 
		Unchanged: 
 Data sizes:     COMRAM   BANK0   BANK1   BANK2   BANK3   BANK4   BANK5   BANK6   BANK7   BANK8   BANK9  BANK10  BANK11  BANK12  BANK13  BANK14  BANK15
      Params:         0       0       0       0       0       0       0       0       0       0       0       0       0       0       0       0       0
      Locals:         0       0       0       0       0       0       0       0       0       0       0       0       0       0       0       0       0
      Temps:          0       0       0       0       0       0       0       0       0       0       0       0       0       0       0       0       0
      Totals:         0       0       0       0       0       0       0       0       0       0       0       0       0       0       0       0       0
Total ram usage:        0 bytes
 Hardware stack levels used:    1
 Hardware stack levels required when called:    1
 This function calls:
		i2_I2C_Master_Wait
 This function is called by:
		_I2C_Master_Escreve_Multiplos_Endereco
		i2_I2C_Master_Escreve_Endereco
 This function uses a non-reentrant model


 *************** function i2_I2C_Master_Wait *****************
 Defined at:
		line 38 in file "ConfigI2c.c"
 Parameters:    Size  Location     Type
		None
 Auto vars:     Size  Location     Type
		None
 Return value:  Size  Location     Type
                  1    wreg      void 
 Registers used:
		wreg, status,2, status,0
 Tracked objects:
		On entry : 
		On exit  : 
		Unchanged: 
 Data sizes:     COMRAM   BANK0   BANK1   BANK2   BANK3   BANK4   BANK5   BANK6   BANK7   BANK8   BANK9  BANK10  BANK11  BANK12  BANK13  BANK14  BANK15
      Params:         0       0       0       0       0       0       0       0       0       0       0       0       0       0       0       0       0
      Locals:         0       0       0       0       0       0       0       0       0       0       0       0       0       0       0       0       0
      Temps:          1       0       0       0       0       0       0       0       0       0       0       0       0       0       0       0       0
      Totals:         1       0       0       0       0       0       0       0       0       0       0       0       0       0       0       0       0
Total ram usage:        1 bytes
 Hardware stack levels used:    1
 This function calls:
		Nothing
 This function is called by:
		_I2C_Master_Escreve_Multiplos_Endereco
		i2_I2C_Master_Start
		i2_I2C_Master_Stop
		i2_I2C_Transmite
 This function uses a non-reentrant model


 *************** function _Get_Timer1 *****************
 Defined at:
		line 43 in file "TIMERS_XC8.c"
 Parameters:    Size  Location     Type
		None
 Auto vars:     Size  Location     Type
  Data            2    4[COMRAM] unsigned int 
 Return value:  Size  Location     Type
                  2    0[COMRAM] unsigned int 
 Registers used:
		wreg, status,2, status,0
 Tracked objects:
		On entry : 
		On exit  : 
		Unchanged: 
 Data sizes:     COMRAM   BANK0   BANK1   BANK2   BANK3   BANK4   BANK5   BANK6   BANK7   BANK8   BANK9  BANK10  BANK11  BANK12  BANK13  BANK14  BANK15
      Params:         2       0       0       0       0       0       0       0       0       0       0       0       0       0       0       0       0
      Locals:         2       0       0       0       0       0       0       0       0       0       0       0       0       0       0       0       0
      Temps:          2       0       0       0       0       0       0       0       0       0       0       0       0       0       0       0       0
      Totals:         6       0       0       0       0       0       0       0       0       0       0       0       0       0       0       0       0
Total ram usage:        6 bytes
 Hardware stack levels used:    1
 This function calls:
		Nothing
 This function is called by:
		_high_isr
 This function uses a non-reentrant model


 *************** function _Battery_ad_Read *****************
 Defined at:
		line 1682 in file "main.c"
 Parameters:    Size  Location     Type
		None
 Auto vars:     Size  Location     Type
		None
 Return value:  Size  Location     Type
                  1    wreg      void 
 Registers used:
		wreg, fsr2l, fsr2h, status,2, status,0, prodl, prodh, cstack
 Tracked objects:
		On entry : 
		On exit  : 
		Unchanged: 
 Data sizes:     COMRAM   BANK0   BANK1   BANK2   BANK3   BANK4   BANK5   BANK6   BANK7   BANK8   BANK9  BANK10  BANK11  BANK12  BANK13  BANK14  BANK15
      Params:         0       0       0       0       0       0       0       0       0       0       0       0       0       0       0       0       0
      Locals:         0       0       0       0       0       0       0       0       0       0       0       0       0       0       0       0       0
      Temps:          0       0       0       0       0       0       0       0       0       0       0       0       0       0       0       0       0
      Totals:         0       0       0       0       0       0       0       0       0       0       0       0       0       0       0       0       0
Total ram usage:        0 bytes
 Hardware stack levels used:    1
 Hardware stack levels required when called:    1
 This function calls:
		i2_Read_ADC
		i2___flge
 This function is called by:
		_high_isr
 This function uses a non-reentrant model


 *************** function i2___flge *****************
 Defined at:
		line 4 in file "C:\Program Files (x86)\Microchip\xc8\v1.42\sources\common\flge.c"
 Parameters:    Size  Location     Type
  ff1             4   28[COMRAM] void 
  ff2             4   32[COMRAM] void 
 Auto vars:     Size  Location     Type
		None
 Return value:  Size  Location     Type
		None               void
 Registers used:
		wreg, status,2, status,0
 Tracked objects:
		On entry : 
		On exit  : 
		Unchanged: 
 Data sizes:     COMRAM   BANK0   BANK1   BANK2   BANK3   BANK4   BANK5   BANK6   BANK7   BANK8   BANK9  BANK10  BANK11  BANK12  BANK13  BANK14  BANK15
      Params:         8       0       0       0       0       0       0       0       0       0       0       0       0       0       0       0       0
      Locals:         0       0       0       0       0       0       0       0       0       0       0       0       0       0       0       0       0
      Temps:          4       0       0       0       0       0       0       0       0       0       0       0       0       0       0       0       0
      Totals:        12       0       0       0       0       0       0       0       0       0       0       0       0       0       0       0       0
Total ram usage:       12 bytes
 Hardware stack levels used:    1
 This function calls:
		Nothing
 This function is called by:
		_high_isr
		_Battery_ad_Read
		_control_lambda
 This function uses a non-reentrant model


 *************** function i2_Read_ADC *****************
 Defined at:
		line 56 in file "ADC_K22.c"
 Parameters:    Size  Location     Type
  channel         1    wreg     unsigned char 
 Auto vars:     Size  Location     Type
  channel         1    3[COMRAM] unsigned char 
 Return value:  Size  Location     Type
                  2    0[COMRAM] unsigned int 
 Registers used:
		wreg, status,2, status,0
 Tracked objects:
		On entry : 
		On exit  : 
		Unchanged: 
 Data sizes:     COMRAM   BANK0   BANK1   BANK2   BANK3   BANK4   BANK5   BANK6   BANK7   BANK8   BANK9  BANK10  BANK11  BANK12  BANK13  BANK14  BANK15
      Params:         2       0       0       0       0       0       0       0       0       0       0       0       0       0       0       0       0
      Locals:         1       0       0       0       0       0       0       0       0       0       0       0       0       0       0       0       0
      Temps:          1       0       0       0       0       0       0       0       0       0       0       0       0       0       0       0       0
      Totals:         4       0       0       0       0       0       0       0       0       0       0       0       0       0       0       0       0
Total ram usage:        4 bytes
 Hardware stack levels used:    1
 This function calls:
		Nothing
 This function is called by:
		_map_ad_Read
		_lambda_Read
		_t_ar_ad_Read
		_t_agua_ad_Read
		_Battery_ad_Read
 This function uses a non-reentrant model



MODULE INFORMATION

Module		Function		Class		Link	Load	Size
SPI_XC8.c
		_SPI_MASTER1   		CODE           	49D0	0000	17
		_MASTER_SPI_WRITE1		CODE           	4A22	0000	11

SPI_XC8.c estimated size: 28

EXT_INT.c
		_Config_Int_Ext0		CODE           	4A4A	0000	9

EXT_INT.c estimated size: 9

C:\Program Files (x86)\Microchip\xc8\v1.42\sources\common\flge.c
		___flge        		CODE           	39CA	0000	401

C:\Program Files (x86)\Microchip\xc8\v1.42\sources\common\flge.c estimated size: 401

C:\Program Files (x86)\Microchip\xc8\v1.42\sources\common\lwdiv.c
		___lwdiv       		CODE           	467A	0000	83

C:\Program Files (x86)\Microchip\xc8\v1.42\sources\common\lwdiv.c estimated size: 83

C:\Program Files (x86)\Microchip\xc8\v1.42\sources\common\awdiv.c
		___awdiv       		CODE           	4206	0000	191

C:\Program Files (x86)\Microchip\xc8\v1.42\sources\common\awdiv.c estimated size: 191

C:\Program Files (x86)\Microchip\xc8\v1.42\sources\common\fltol.c
		___fltol       		CODE           	3F00	0000	269

C:\Program Files (x86)\Microchip\xc8\v1.42\sources\common\fltol.c estimated size: 269

C:\Program Files (x86)\Microchip\xc8\v1.42\sources\common\sprcmul.c
		___flmul       		CODE           	1DB8	0000	1191

C:\Program Files (x86)\Microchip\xc8\v1.42\sources\common\sprcmul.c estimated size: 1191

C:\Program Files (x86)\Microchip\xc8\v1.42\sources\common\sprcdiv.c
		___fldiv       		CODE           	2A74	0000	961

C:\Program Files (x86)\Microchip\xc8\v1.42\sources\common\sprcdiv.c estimated size: 961

ADC_K22.c
		_Read_ADC      		CODE           	47BE	0000	51
		_Config_ADC    		CODE           	478A	0000	53

ADC_K22.c estimated size: 104

TIMERS_XC8.c
		_Config_Timer0 		CODE           	49AC	0000	19
		_Config_Timer1 		CODE           	4984	0000	21
		_Config_Timer2 		CODE           	49E0	0000	17
		_Config_Timer3 		CODE           	493A	0000	27
		_Get_Timer0    		CODE           	48DE	0000	33
		_Get_Timer1    		CODE           	48FE	0000	33
		_Set_Timer0    		CODE           	4A36	0000	11
		_Set_Timer1    		CODE           	4A40	0000	11
		_Set_Timer3    		CODE           	4A2C	0000	11

TIMERS_XC8.c estimated size: 183

C:\Program Files (x86)\Microchip\xc8\v1.42\sources\common\xxtofl.c
		___xxtofl      		CODE           	37FC	0000	463

C:\Program Files (x86)\Microchip\xc8\v1.42\sources\common\xxtofl.c estimated size: 463

C:\Program Files (x86)\Microchip\xc8\v1.42\sources\common\flneg.c
		___flneg       		CODE           	47F0	0000	47

C:\Program Files (x86)\Microchip\xc8\v1.42\sources\common\flneg.c estimated size: 47

C:\Program Files (x86)\Microchip\xc8\v1.42\sources\common\sprcadd.c
		___fladd       		CODE           	34C0	0000	829

C:\Program Files (x86)\Microchip\xc8\v1.42\sources\common\sprcadd.c estimated size: 829

shared
		i2_I2C_Master_Start		CODE           	4A6A	0000	9
		i2_Read_ADC    		CODE           	484A	0000	43
		i2___awdiv     		CODE           	4408	0000	133
		i2___wmul      		CODE           	4874	0000	39
		i2_I2C_Master_Escreve_Endereco		CODE           	4714	0000	65
		i2___fldiv     		CODE           	3184	0000	829
		i2___fltol     		CODE           	410C	0000	251
		__initialization		CODE           	42C4	0000	167
		i2___flge      		CODE           	3DE0	0000	289
		i2_I2C_Testa_ACK		CODE           	4A16	0000	13
		_ig_refGOL     		MEDIUMCONST    	EA4F	0000	2641
		i2_I2C_Master_Wait		CODE           	49BE	0000	19
		i2___flmul     		CODE           	2E34	0000	849
		i2_I2C_Master_Stop		CODE           	4A62	0000	9
		i2___xxtofl    		CODE           	3B5A	0000	337
		i2_I2C_Transmite		CODE           	4A0A	0000	13
		_ig_refGOL_Alcool		MEDIUMCONST    	F49F	0000	2641
		_Ki_rpm        		MEDIUMCONST    	FFF7	0000	5
		_Kp_inj        		MEDIUMCONST    	FFFB	0000	5
		_ij_ref        		MEDIUMCONST    	FEEF	0000	265

shared estimated size: 8622

ConfigI2c.c
		_I2C_Master_Escreve_Endereco		CODE           	46CC	0000	73
		_I2C_Master_Wait		CODE           	4998	0000	21
		_I2C_Master_Init		CODE           	491E	0000	29
		_I2C_Master_Stop		CODE           	4A52	0000	9
		_I2C_Testa_ACK 		CODE           	49FE	0000	13
		_I2C_Transmite 		CODE           	49F0	0000	15
		_I2C_Master_Escreve_Multiplos_Endereco		CODE           	456A	0000	97
		_I2C_Master_Start		CODE           	4A5A	0000	9

ConfigI2c.c estimated size: 266

C:\Program Files (x86)\Microchip\xc8\v1.42\sources\common\Umul16.c
		___wmul        		CODE           	4754	0000	55

C:\Program Files (x86)\Microchip\xc8\v1.42\sources\common\Umul16.c estimated size: 55

main.c
		_Low_Isr       		CODE           	0018	0000	1833
		_Battery_ad_Read		CODE           	448C	0000	123
		_pedal_ad_Read 		CODE           	496C	0000	25
		_main          		CODE           	3CAA	0000	311
		_lambda_Read   		CODE           	489A	0000	37
		_high_isr      		CODE           	0008	0000	5755
		_conta_dente   		CODE           	4622	0000	89
		_Spi_Write16   		CODE           	4954	0000	25
		_t_agua_ad_Read		CODE           	481E	0000	45
		_control_lambda		CODE           	26AA	0000	971
		_Configure_HW  		CODE           	45CA	0000	89
		_map_ad_Read   		CODE           	4506	0000	101
		_t_ar_ad_Read  		CODE           	4378	0000	145

main.c estimated size: 9549

